TAP version 13
# Subtest: full webpage script order streams through the cookie bridge, renders real fixture metrics and detaches without commands
ok 1 - full webpage script order streams through the cookie bridge, renders real fixture metrics and detaches without commands
  ---
  duration_ms: 947.6362
  type: 'test'
  ...
# Subtest: production browser footer drives the same saved-provider CAS and explicit model enrollment using public metadata only
ok 2 - production browser footer drives the same saved-provider CAS and explicit model enrollment using public metadata only
  ---
  duration_ms: 44.9531
  type: 'test'
  ...
# Subtest: production classic scripts share a realm without collisions and restore owned history through the browser bridge
ok 3 - production classic scripts share a realm without collisions and restore owned history through the browser bridge
  ---
  duration_ms: 35.9736
  type: 'test'
  ...
# Subtest: native session protocol mismatch explains the required update and preserves the existing connection
ok 4 - native session protocol mismatch explains the required update and preserves the existing connection
  ---
  duration_ms: 154.893
  type: 'test'
  ...
# Subtest: Cancel and Escape preserve an existing connection and do not logout or cancel execution
ok 5 - Cancel and Escape preserve an existing connection and do not logout or cancel execution
  ---
  duration_ms: 33.1281
  type: 'test'
  ...
# Subtest: a failed replacement token keeps the existing conversation connected
ok 6 - a failed replacement token keeps the existing conversation connected
  ---
  duration_ms: 26.6669
  type: 'test'
  ...
# Subtest: cancelling an in-flight reconnect prevents late popup or conversation changes
ok 7 - cancelling an in-flight reconnect prevents late popup or conversation changes
  ---
  duration_ms: 21.0445
  type: 'test'
  ...
# Subtest: Cancel aborts pending network work and immediate retry stays owned by the new attempt
ok 8 - Cancel aborts pending network work and immediate retry stays owned by the new attempt
  ---
  duration_ms: 23.176
  type: 'test'
  ...
# Subtest: sidebar divider supports drag, keyboard bounds and remembered width
ok 9 - sidebar divider supports drag, keyboard bounds and remembered width
  ---
  duration_ms: 20.5824
  type: 'test'
  ...
# Subtest: browser session client shares the committed parser using cookies without bearer access
ok 10 - browser session client shares the committed parser using cookies without bearer access
  ---
  duration_ms: 33.3329
  type: 'test'
  ...
# Subtest: browser cookie stream refuses invalid scope and pre-abort before fetch and reports expired access
ok 11 - browser cookie stream refuses invalid scope and pre-abort before fetch and reports expired access
  ---
  duration_ms: 1.5102
  type: 'test'
  ...
# Subtest: browser uses committed feed callbacks and stays idle without periodic observation requests
ok 12 - browser uses committed feed callbacks and stays idle without periodic observation requests
  ---
  duration_ms: 763.8889
  type: 'test'
  ...
# Subtest: browser selection retirement aborts the feed and rejects late events from that conversation
ok 13 - browser selection retirement aborts the feed and rejects late events from that conversation
  ---
  duration_ms: 1.7378
  type: 'test'
  ...
# Subtest: browser event arriving during a snapshot does not render that committed record twice
ok 14 - browser event arriving during a snapshot does not render that committed record twice
  ---
  duration_ms: 1.0253
  type: 'test'
  ...
# Subtest: browser resolves new graph child ownership after an older snapshot finishes
ok 15 - browser resolves new graph child ownership after an older snapshot finishes
  ---
  duration_ms: 1.1378
  type: 'test'
  ...
# Subtest: browser forwards actual native file-proposal policy and clears unsupported legacy metadata without writes
ok 16 - browser forwards actual native file-proposal policy and clears unsupported legacy metadata without writes
  ---
  duration_ms: 0.4496
  type: 'test'
  ...
# Subtest: browser user skill commands use the selected session and stop publishing after disposal
ok 17 - browser user skill commands use the selected session and stop publishing after disposal
  ---
  duration_ms: 2.5497
  type: 'test'
  ...
# Subtest: conversation selection recovers the new provider catalogue after its native selection acknowledgement is retired
ok 18 - conversation selection recovers the new provider catalogue after its native selection acknowledgement is retired
  ---
  duration_ms: 2.2758
  type: 'test'
  ...
# Subtest: a second conversation/profile observation rejects the retired recovery catalogue and publishes only its current native binding
ok 19 - a second conversation/profile observation rejects the retired recovery catalogue and publishes only its current native binding
  ---
  duration_ms: 1.8094
  type: 'test'
  ...
# Subtest: browser imported key-only profiles guide the footer selection without a new-key error or provider calls
ok 20 - browser imported key-only profiles guide the footer selection without a new-key error or provider calls
  ---
  duration_ms: 0.5572
  type: 'test'
  ...
# Subtest: browser saved catalogue remains usable after settings close, new conversation and selection without automatic profile writes
ok 21 - browser saved catalogue remains usable after settings close, new conversation and selection without automatic profile writes
  ---
  duration_ms: 1.488
  type: 'test'
  ...
# Subtest: browser footer provider command uses native profile CAS and saved-key discovery, with no automatic model enrollment
ok 22 - browser footer provider command uses native profile CAS and saved-key discovery, with no automatic model enrollment
  ---
  duration_ms: 3.3385
  type: 'test'
  ...
# Subtest: browser graph resume requires displayed and freshly verified backend eligibility/CAS and never retries conflicts
ok 23 - browser graph resume requires displayed and freshly verified backend eligibility/CAS and never retries conflicts
  ---
  duration_ms: 0.6336
  type: 'test'
  ...
# Subtest: browser context control uses actual discovery and discards a stale session/model generation before compaction
ok 24 - browser context control uses actual discovery and discards a stale session/model generation before compaction
  ---
  duration_ms: 0.8345
  type: 'test'
  ...
# Subtest: browser binds raw human input and explicit final-human resume to actual displayed and freshly observed plan identities
ok 25 - browser binds raw human input and explicit final-human resume to actual displayed and freshly observed plan identities
  ---
  duration_ms: 4.5382
  type: 'test'
  ...
# Subtest: browser rejects stale CAS, changed question identity, duplicate keys, foreign roots and observation conflicts before any controller mutation
ok 26 - browser rejects stale CAS, changed question identity, duplicate keys, foreign roots and observation conflicts before any controller mutation
  ---
  duration_ms: 2.4438
  type: 'test'
  ...
# Subtest: browser generation change during a fresh plan check discards response and cannot answer the prior selected owner
ok 27 - browser generation change during a fresh plan check discards response and cannot answer the prior selected owner
  ---
  duration_ms: 0.472
  type: 'test'
  ...
# Subtest: browser transient plan GET conflicts discard actions and retry only bounded read observation
ok 28 - browser transient plan GET conflicts discard actions and retry only bounded read observation
  ---
  duration_ms: 0.4137
  type: 'test'
  ...
# Subtest: owned observation rejects a same-session status for another root and selection resets cursor backlog
ok 29 - owned observation rejects a same-session status for another root and selection resets cursor backlog
  ---
  duration_ms: 0.3468
  type: 'test'
  ...
# Subtest: normal Agent shows native-owned investigations and drains terminal child history without a graph selection
ok 30 - normal Agent shows native-owned investigations and drains terminal child history without a graph selection
  ---
  duration_ms: 0.962
  type: 'test'
  ...
# Subtest: profile conflicts refresh the displayed account and model without replaying the retained task
ok 31 - profile conflicts refresh the displayed account and model without replaying the retained task
  ---
  duration_ms: 0.8426
  type: 'test'
  ...
# Subtest: browser sends its known profile revision and retains the prompt when native admission rejects a stale view
ok 32 - browser sends its known profile revision and retains the prompt when native admission rejects a stale view
  ---
  duration_ms: 0.3628
  type: 'test'
  ...
# Subtest: browser Settings preserves the selected profile route through private discovery and footer enrollment
ok 33 - browser Settings preserves the selected profile route through private discovery and footer enrollment
  ---
  duration_ms: 1.1785
  type: 'test'
  ...
# Subtest: rename sends the displayed expected title only for the selected supported conversation and retains conflicts
ok 34 - rename sends the displayed expected title only for the selected supported conversation and retains conflicts
  ---
  duration_ms: 0.5285
  type: 'test'
  ...
# Subtest: Responses saved-key discovery and model selection preserve backend-reported wire
ok 35 - Responses saved-key discovery and model selection preserve backend-reported wire
  ---
  duration_ms: 0.6309
  type: 'test'
  ...
# Subtest: restoring the native view does not wait for provider catalogue discovery
ok 36 - restoring the native view does not wait for provider catalogue discovery
  ---
  duration_ms: 4.5973
  type: 'test'
  ...
# Subtest: view catches a completion between event and status reads and drains final events
ok 37 - view catches a completion between event and status reads and drains final events
  ---
  duration_ms: 0.7031
  type: 'test'
  ...
# Subtest: an obsolete view response cannot overwrite the next selection
ok 38 - an obsolete view response cannot overwrite the next selection
  ---
  duration_ms: 0.1498
  type: 'test'
  ...
# Subtest: provider key is consumed privately, IDs must come from discovery, disposal clears unsaved state
ok 39 - provider key is consumed privately, IDs must come from discovery, disposal clears unsaved state
  ---
  duration_ms: 0.5687
  type: 'test'
  ...
# Subtest: stale operation bytes cannot produce an approval request
ok 40 - stale operation bytes cannot produce an approval request
  ---
  duration_ms: 0.3678
  type: 'test'
  ...
# Subtest: browser patch comparison revalidates owned snapshots and never submits approval
ok 41 - browser patch comparison revalidates owned snapshots and never submits approval
  ---
  duration_ms: 0.9809
  type: 'test'
  ...
# Subtest: browser cannot compare malformed patch absence and missing batch manifest
ok 42 - browser cannot compare malformed patch absence and missing batch manifest
  ---
  duration_ms: 1.219
  type: 'test'
  ...
# Subtest: session skill controls expose only exact GET and POST routes
ok 43 - session skill controls expose only exact GET and POST routes
  ---
  duration_ms: 43.6771
  type: 'test'
  ...
# Subtest: workspace skill catalogue is an exact read-only browser route
ok 44 - workspace skill catalogue is an exact read-only browser route
  ---
  duration_ms: 0.5057
  type: 'test'
  ...
# Subtest: context and graph-resume view allowlist restricts methods and exposes no checkpoint/state mutation route
ok 45 - context and graph-resume view allowlist restricts methods and exposes no checkpoint/state mutation route
  ---
  duration_ms: 1.6356
  type: 'test'
  ...
# Subtest: planning view allowlist exposes only scoped observation, human input and resume methods
ok 46 - planning view allowlist exposes only scoped observation, human input and resume methods
  ---
  duration_ms: 0.4784
  type: 'test'
  ...
# Subtest: view forwards only allowed planning requests at the configured native origin and keeps durable cookie authentication
ok 47 - view forwards only allowed planning requests at the configured native origin and keeps durable cookie authentication
  ---
  duration_ms: 226.8529
  type: 'test'
  ...
# Subtest: browser adapter forwards durable native view credentials across restart without retaining the master token
ok 48 - browser adapter forwards durable native view credentials across restart without retaining the master token
  ---
  duration_ms: 253.1607
  type: 'test'
  ...
# Subtest: event stream routes are read-only and exclude foreign path encodings
ok 49 - event stream routes are read-only and exclude foreign path encodings
  ---
  duration_ms: 0.467
  type: 'test'
  ...
# Subtest: synthetic stream peer forwards bytes before completion and detaches without a cancel command
ok 50 - synthetic stream peer forwards bytes before completion and detaches without a cancel command
  ---
  duration_ms: 30.5058
  type: 'test'
  ...
1..50
# tests 50
# suites 0
# pass 50
# fail 0
# cancelled 0
# skipped 0
# todo 0
# duration_ms 2085.1845
