Start testing: Oct 06 21:57 Pacific Daylight Time
----------------------------------------------------------
2/10 Testing: model_request_contract
2/10 Test: model_request_contract
Command: "D:/CantorAI2026/AgentFlow/build/native/Release/agentflow_model_request_contract.exe"
Directory: D:/CantorAI2026/AgentFlow/build/native
"model_request_contract" start time: Oct 06 21:57 Pacific Daylight Time
Output:
----------------------------------------------------------
Native model request contracts passed; no live provider was called
<end of output>
Test time =   0.16 sec
----------------------------------------------------------
Test Passed.
"model_request_contract" end time: Oct 06 21:57 Pacific Daylight Time
"model_request_contract" time elapsed: 00:00:00
----------------------------------------------------------

4/10 Testing: native_chat_provider_contract
4/10 Test: native_chat_provider_contract
Command: "C:/Program Files/nodejs/node.exe" "D:/CantorAI2026/AgentFlow/Native/tests/chat_provider_peer.mjs" "D:/CantorAI2026/AgentFlow/build/native/Release/agentflow_chat_provider_contract.exe"
Directory: D:/CantorAI2026/AgentFlow/build/native
"native_chat_provider_contract" start time: Oct 06 21:57 Pacific Daylight Time
Output:
----------------------------------------------------------
Native chat adapter wire contracts passed against a synthetic peer; no live model was called
<end of output>
Test time =   0.17 sec
----------------------------------------------------------
Test Passed.
"native_chat_provider_contract" end time: Oct 06 21:57 Pacific Daylight Time
"native_chat_provider_contract" time elapsed: 00:00:00
----------------------------------------------------------

End testing: Oct 06 21:57 Pacific Daylight Time
