TAP version 13
# Subtest: production classic scripts share a realm without collisions and restore owned history through the browser bridge
ok 1 - production classic scripts share a realm without collisions and restore owned history through the browser bridge
  ---
  duration_ms: 223.4308
  type: 'test'
  ...
# Subtest: native session protocol mismatch explains the required update and preserves the existing connection
ok 2 - native session protocol mismatch explains the required update and preserves the existing connection
  ---
  duration_ms: 145.1231
  type: 'test'
  ...
# Subtest: Cancel and Escape preserve an existing connection and do not logout or cancel execution
ok 3 - Cancel and Escape preserve an existing connection and do not logout or cancel execution
  ---
  duration_ms: 32.3144
  type: 'test'
  ...
# Subtest: a failed replacement token keeps the existing conversation connected
ok 4 - a failed replacement token keeps the existing conversation connected
  ---
  duration_ms: 30.9743
  type: 'test'
  ...
# Subtest: cancelling an in-flight reconnect prevents late popup or conversation changes
ok 5 - cancelling an in-flight reconnect prevents late popup or conversation changes
  ---
  duration_ms: 22.4459
  type: 'test'
  ...
# Subtest: Cancel aborts pending network work and immediate retry stays owned by the new attempt
ok 6 - Cancel aborts pending network work and immediate retry stays owned by the new attempt
  ---
  duration_ms: 27.5571
  type: 'test'
  ...
# Subtest: sidebar divider supports drag, keyboard bounds and remembered width
ok 7 - sidebar divider supports drag, keyboard bounds and remembered width
  ---
  duration_ms: 25.7677
  type: 'test'
  ...
# Subtest: browser binds raw human input and explicit final-human resume to actual displayed and freshly observed plan identities
ok 8 - browser binds raw human input and explicit final-human resume to actual displayed and freshly observed plan identities
  ---
  duration_ms: 7.9987
  type: 'test'
  ...
# Subtest: browser rejects stale CAS, changed question identity, duplicate keys, foreign roots and observation conflicts before any controller mutation
ok 9 - browser rejects stale CAS, changed question identity, duplicate keys, foreign roots and observation conflicts before any controller mutation
  ---
  duration_ms: 4.2072
  type: 'test'
  ...
# Subtest: browser generation change during a fresh plan check discards response and cannot answer the prior selected owner
ok 10 - browser generation change during a fresh plan check discards response and cannot answer the prior selected owner
  ---
  duration_ms: 0.7659
  type: 'test'
  ...
# Subtest: browser transient plan GET conflicts discard actions and retry only bounded read observation
ok 11 - browser transient plan GET conflicts discard actions and retry only bounded read observation
  ---
  duration_ms: 0.8546
  type: 'test'
  ...
# Subtest: owned observation rejects a same-session status for another root and selection resets cursor backlog
ok 12 - owned observation rejects a same-session status for another root and selection resets cursor backlog
  ---
  duration_ms: 1.0477
  type: 'test'
  ...
# Subtest: normal Agent shows native-owned investigations and drains terminal child history without a graph selection
ok 13 - normal Agent shows native-owned investigations and drains terminal child history without a graph selection
  ---
  duration_ms: 1.3453
  type: 'test'
  ...
# Subtest: profile conflicts refresh the displayed account and model without replaying the retained task
ok 14 - profile conflicts refresh the displayed account and model without replaying the retained task
  ---
  duration_ms: 2.0411
  type: 'test'
  ...
# Subtest: browser sends its known profile revision and retains the prompt when native admission rejects a stale view
ok 15 - browser sends its known profile revision and retains the prompt when native admission rejects a stale view
  ---
  duration_ms: 0.7123
  type: 'test'
  ...
# Subtest: browser Settings preserves the selected profile route through private discovery and footer enrollment
ok 16 - browser Settings preserves the selected profile route through private discovery and footer enrollment
  ---
  duration_ms: 3.7927
  type: 'test'
  ...
# Subtest: rename sends the displayed expected title only for the selected supported conversation and retains conflicts
ok 17 - rename sends the displayed expected title only for the selected supported conversation and retains conflicts
  ---
  duration_ms: 1.0716
  type: 'test'
  ...
# Subtest: Responses saved-key discovery and model selection preserve backend-reported wire
ok 18 - Responses saved-key discovery and model selection preserve backend-reported wire
  ---
  duration_ms: 1.0142
  type: 'test'
  ...
# Subtest: restoring the native view does not wait for provider catalogue discovery
ok 19 - restoring the native view does not wait for provider catalogue discovery
  ---
  duration_ms: 12.3828
  type: 'test'
  ...
# Subtest: view catches a completion between event and status reads and drains final events
ok 20 - view catches a completion between event and status reads and drains final events
  ---
  duration_ms: 0.6619
  type: 'test'
  ...
# Subtest: an obsolete view response cannot overwrite the next selection
ok 21 - an obsolete view response cannot overwrite the next selection
  ---
  duration_ms: 0.285
  type: 'test'
  ...
# Subtest: provider key is consumed privately, IDs must come from discovery, disposal clears unsaved state
ok 22 - provider key is consumed privately, IDs must come from discovery, disposal clears unsaved state
  ---
  duration_ms: 0.9382
  type: 'test'
  ...
# Subtest: stale operation bytes cannot produce an approval request
ok 23 - stale operation bytes cannot produce an approval request
  ---
  duration_ms: 0.4653
  type: 'test'
  ...
# Subtest: planning view allowlist exposes only scoped observation, human input and resume methods
ok 24 - planning view allowlist exposes only scoped observation, human input and resume methods
  ---
  duration_ms: 32.3533
  type: 'test'
  ...
# Subtest: view forwards only allowed planning requests at the configured native origin and keeps durable cookie authentication
ok 25 - view forwards only allowed planning requests at the configured native origin and keeps durable cookie authentication
  ---
  duration_ms: 148.766
  type: 'test'
  ...
# Subtest: browser adapter forwards durable native view credentials across restart without retaining the master token
ok 26 - browser adapter forwards durable native view credentials across restart without retaining the master token
  ---
  duration_ms: 215.5963
  type: 'test'
  ...
1..26
# tests 26
# suites 0
# pass 26
# fail 0
# cancelled 0
# skipped 0
# todo 0
# duration_ms 1398.9153
