Pinned jsoncons native source and license hashes verified: 176 files

added 96 packages in 2s
-- Selecting Windows SDK version 10.0.26100.0 to target Windows 10.0.26200.
-- Configuring done (0.1s)
-- Generating done (0.4s)
-- Build files have been written to: D:/CantorAI2026/xMind/build/native
MSBuild version 18.9.1+a81b43525 for .NET Framework

  agentflow_mcp_wire.vcxproj -> D:\CantorAI2026\xMind\build\native\Release\agentflow_mcp_wire.lib
  agentflow_secrets.vcxproj -> D:\CantorAI2026\xMind\build\native\Release\agentflow_secrets.lib
  agentflow_core.vcxproj -> D:\CantorAI2026\xMind\build\native\Release\agentflow_core.lib
  Building Custom Rule D:/CantorAI2026/xMind/Native/CMakeLists.txt
  a2a_task_control.cpp
  agentflow_a2a.vcxproj -> D:\CantorAI2026\xMind\build\native\Release\agentflow_a2a.lib
  agentflow_models.vcxproj -> D:\CantorAI2026\xMind\build\native\Release\agentflow_models.lib
  agentflow_provider_transport.vcxproj -> D:\CantorAI2026\xMind\build\native\Release\agentflow_provider_transport.lib
  agentflow_chat_provider.vcxproj -> D:\CantorAI2026\xMind\build\native\Release\agentflow_chat_provider.lib
  agentflow_policy.vcxproj -> D:\CantorAI2026\xMind\build\native\Release\agentflow_policy.lib
  agentflow_workspace.vcxproj -> D:\CantorAI2026\xMind\build\native\Release\agentflow_workspace.lib
  agentflow_edits.vcxproj -> D:\CantorAI2026\xMind\build\native\Release\agentflow_edits.lib
  agentflow_mcp_configuration.vcxproj -> D:\CantorAI2026\xMind\build\native\Release\agentflow_mcp_configuration.lib
  agentflow_mcp_stdio.vcxproj -> D:\CantorAI2026\xMind\build\native\Release\agentflow_mcp_stdio.lib
  agentflow_json_schema.vcxproj -> D:\CantorAI2026\xMind\build\native\Release\agentflow_json_schema.lib
  xmind_schema_worker.vcxproj -> D:\CantorAI2026\xMind\build\native\Release\xmind_schema_worker.exe
  agentflow_schema_worker.vcxproj -> D:\CantorAI2026\xMind\build\native\Release\agentflow_schema_worker.lib
  agentflow_mcp_effects.vcxproj -> D:\CantorAI2026\xMind\build\native\Release\agentflow_mcp_effects.lib
  agentflow_process.vcxproj -> D:\CantorAI2026\xMind\build\native\Release\agentflow_process.lib
  agentflow_process_effects.vcxproj -> D:\CantorAI2026\xMind\build\native\Release\agentflow_process_effects.lib
  agentflow_agent.vcxproj -> D:\CantorAI2026\xMind\build\native\Release\agentflow_agent.lib
  agentflow_agent_runner_contract.vcxproj -> D:\CantorAI2026\xMind\build\native\Release\agentflow_agent_runner_contract.exe
  agentflow_agent_service_contract.vcxproj -> D:\CantorAI2026\xMind\build\native\Release\agentflow_agent_service_contract.exe
  http_server.cpp
  agentflow_http.vcxproj -> D:\CantorAI2026\xMind\build\native\Release\agentflow_http.lib
  agentflow_approved_edit_http_fixture.vcxproj -> D:\CantorAI2026\xMind\build\native\Release\agentflow_approved_edit_http_fixture.exe
  agentflow_chat_provider_contract.vcxproj -> D:\CantorAI2026\xMind\build\native\Release\agentflow_chat_provider_contract.exe
  agentflow_create_executor_contract.vcxproj -> D:\CantorAI2026\xMind\build\native\Release\agentflow_create_executor_contract.exe
  agentflow_credential_repository_contract.vcxproj -> D:\CantorAI2026\xMind\build\native\Release\agentflow_credential_repository_contract.exe
  agentflow_edit_executor_contract.vcxproj -> D:\CantorAI2026\xMind\build\native\Release\agentflow_edit_executor_contract.exe
  agentflow_graph.vcxproj -> D:\CantorAI2026\xMind\build\native\Release\agentflow_graph.lib
  agentflow_graph_checkpoint_contract.vcxproj -> D:\CantorAI2026\xMind\build\native\Release\agentflow_graph_checkpoint_contract.exe
  agentflow_graph_children_contract.vcxproj -> D:\CantorAI2026\xMind\build\native\Release\agentflow_graph_children_contract.exe
  agentflow_graph_contract.vcxproj -> D:\CantorAI2026\xMind\build\native\Release\agentflow_graph_contract.exe
  agentflow_graph_execution.vcxproj -> D:\CantorAI2026\xMind\build\native\Release\agentflow_graph_execution.lib
  agentflow_graph_runner_contract.vcxproj -> D:\CantorAI2026\xMind\build\native\Release\agentflow_graph_runner_contract.exe
  agentflow_http_stream_transport_contract.vcxproj -> D:\CantorAI2026\xMind\build\native\Release\agentflow_http_stream_transport_contract.exe
  agentflow_instruction_configuration.vcxproj -> D:\CantorAI2026\xMind\build\native\Release\agentflow_instruction_configuration.lib
  agentflow_instruction_configuration_contract.vcxproj -> D:\CantorAI2026\xMind\build\native\Release\agentflow_instruction_configuration_contract.exe
  agentflow_json_schema_contract.vcxproj -> D:\CantorAI2026\xMind\build\native\Release\agentflow_json_schema_contract.exe
  agentflow_mcp_client_contract.vcxproj -> D:\CantorAI2026\xMind\build\native\Release\agentflow_mcp_client_contract.exe
  agentflow_mcp_configuration_contract.vcxproj -> D:\CantorAI2026\xMind\build\native\Release\agentflow_mcp_configuration_contract.exe
  agentflow_mcp_effect_contract.vcxproj -> D:\CantorAI2026\xMind\build\native\Release\agentflow_mcp_effect_contract.exe
  agentflow_mcp_handshake_contract.vcxproj -> D:\CantorAI2026\xMind\build\native\Release\agentflow_mcp_handshake_contract.exe
  agentflow_mcp_stdio_contract.vcxproj -> D:\CantorAI2026\xMind\build\native\Release\agentflow_mcp_stdio_contract.exe
  agentflow_mcp_wire_contract.vcxproj -> D:\CantorAI2026\xMind\build\native\Release\agentflow_mcp_wire_contract.exe
  agentflow_model_request_contract.vcxproj -> D:\CantorAI2026\xMind\build\native\Release\agentflow_model_request_contract.exe
  agentflow_model_stream_contract.vcxproj -> D:\CantorAI2026\xMind\build\native\Release\agentflow_model_stream_contract.exe
  agentflow_operation_repository_contract.vcxproj -> D:\CantorAI2026\xMind\build\native\Release\agentflow_operation_repository_contract.exe
  agentflow_permission_waiter_contract.vcxproj -> D:\CantorAI2026\xMind\build\native\Release\agentflow_permission_waiter_contract.exe
  agentflow_persistence_service_contract.vcxproj -> D:\CantorAI2026\xMind\build\native\Release\agentflow_persistence_service_contract.exe
  agentflow_process_configuration.vcxproj -> D:\CantorAI2026\xMind\build\native\Release\agentflow_process_configuration.lib
  agentflow_process_configuration_contract.vcxproj -> D:\CantorAI2026\xMind\build\native\Release\agentflow_process_configuration_contract.exe
  agentflow_process_contract.vcxproj -> D:\CantorAI2026\xMind\build\native\Release\agentflow_process_contract.exe
  agentflow_process_executor_contract.vcxproj -> D:\CantorAI2026\xMind\build\native\Release\agentflow_process_executor_contract.exe
  agentflow_runtime.vcxproj -> D:\CantorAI2026\xMind\build\native\Release\agentflow_runtime.lib
  agentflow_provider_setup_contract.vcxproj -> D:\CantorAI2026\xMind\build\native\Release\agentflow_provider_setup_contract.exe
  agentflow_repository_contract.vcxproj -> D:\CantorAI2026\xMind\build\native\Release\agentflow_repository_contract.exe
  agentflow_schema_budget_fixture.vcxproj -> D:\CantorAI2026\xMind\build\native\Release\agentflow_schema_budget_fixture.exe
  agentflow_schema_worker_contract.vcxproj -> D:\CantorAI2026\xMind\build\native\Release\agentflow_schema_worker_contract.exe
  agentflow_secret_contract.vcxproj -> D:\CantorAI2026\xMind\build\native\Release\agentflow_secret_contract.exe
  agentflow_workspace_tools_contract.vcxproj -> D:\CantorAI2026\xMind\build\native\Release\agentflow_workspace_tools_contract.exe
  agentflow_xlang_sqlite_contract.vcxproj -> D:\CantorAI2026\xMind\build\native\Release\agentflow_xlang_sqlite_contract.exe
  xmind_admin.vcxproj -> D:\CantorAI2026\xMind\build\native\Release\xmind_admin.exe
  xmind_cli.vcxproj -> D:\CantorAI2026\xMind\build\native\Release\xmind_cli.exe
  xmind_persistence_demo.vcxproj -> D:\CantorAI2026\xMind\build\native\Release\xmind_persistence_demo.exe
LINK : fatal error LNK1104: cannot open file 'D:\CantorAI2026\xMind\build\native\Release\xmind_server.exe' [D:\CantorAI2026\xMind\build\native\xmind_server.vcxproj]
