2026-10-07T23:18:52.2564903Z 10/52 Test #10: native_a2a_v1_http_contract .................   Passed    1.09 sec
2026-10-07T23:18:53.6649461Z 11/52 Test #11: native_responses_agent_http_contract ........   Passed    1.41 sec
2026-10-07T23:18:56.7265562Z 12/52 Test #12: native_graph_service_http_contract ..........   Passed    3.06 sec
2026-10-07T23:18:57.2328889Z 13/52 Test #13: native_provider_cli_contract ................   Passed    0.51 sec
2026-10-07T23:18:57.8947501Z 14/52 Test #14: native_provider_setup_contract ..............   Passed    0.66 sec
2026-10-07T23:19:01.3377996Z 15/52 Test #15: native_graph_runner_contract ................   Passed    3.44 sec
2026-10-07T23:19:02.0257435Z 16/52 Test #16: native_graph_checkpoint_contract ............   Passed    0.69 sec
2026-10-07T23:19:02.5910468Z 17/52 Test #17: native_graph_children_contract ..............   Passed    0.56 sec
2026-10-07T23:19:03.1300735Z 18/52 Test #18: native_graph_contract .......................   Passed    0.54 sec
2026-10-07T23:19:03.4519302Z 19/52 Test #19: native_instruction_configuration_contract ...   Passed    0.32 sec
2026-10-07T23:19:03.6392158Z 20/52 Test #20: native_process_configuration_contract .......   Passed    0.19 sec
2026-10-07T23:19:10.7429819Z 21/52 Test #21: native_process_executor_contract ............   Passed    7.10 sec
2026-10-07T23:19:14.3188039Z 22/52 Test #22: native_agent_process_http_contract ..........   Passed    3.57 sec
2026-10-07T23:19:18.6492717Z 23/52 Test #23: native_process_adapter_contract .............   Passed    4.33 sec
2026-10-07T23:19:18.8280750Z 24/52 Test #24: native_mcp_configuration_contract ...........   Passed    0.18 sec
2026-10-07T23:19:21.2191899Z 25/52 Test #25: native_schema_worker_contract ...............   Passed    2.39 sec
2026-10-07T23:19:24.3890335Z 26/52 Test #26: native_mcp_stdio_contract ...................   Passed    3.17 sec
2026-10-07T23:19:25.2566204Z 27/52 Test #27: native_mcp_handshake_contract ...............   Passed    0.87 sec
2026-10-07T23:19:26.3814698Z 28/52 Test #28: native_mcp_client_contract ..................   Passed    1.12 sec
2026-10-07T23:19:43.5694012Z 29/52 Test #29: native_mcp_effect_contract ..................   Passed   17.19 sec
2026-10-07T23:19:44.0042557Z 30/52 Test #30: native_agent_service_contract ...............   Passed    0.43 sec
2026-10-07T23:19:45.4473220Z 31/52 Test #31: native_agent_runner_contract ................   Passed    1.44 sec
2026-10-07T23:19:46.9107890Z 32/52 Test #32: native_create_executor_contract .............   Passed    1.46 sec
2026-10-07T23:19:47.9549440Z 33/52 Test #33: native_edit_executor_contract ...............   Passed    1.04 sec
2026-10-07T23:19:49.1557914Z 34/52 Test #34: native_approved_edit_http_contract ..........   Passed    1.20 sec
2026-10-07T23:19:50.1065188Z 35/52 Test #35: native_workspace_tools_contract .............   Passed    0.95 sec
2026-10-07T23:19:50.5169038Z 36/52 Test #36: native_repository_instructions_contract .....   Passed    0.41 sec
2026-10-07T23:19:50.6548871Z 37/52 Test #37: native_chat_provider_contract ...............   Passed    0.14 sec
2026-10-07T23:19:56.7104744Z 38/52 Test #38: native_http_stream_transport_contract .......   Passed    6.06 sec
2026-10-07T23:19:59.1947238Z 39/52 Test #39: native_agent_http_contract ..................   Passed    2.48 sec
2026-10-07T23:20:06.2162376Z 40/52 Test #40: native_agent_edit_http_contract .............   Passed    7.02 sec
2026-10-07T23:20:08.9265962Z 41/52 Test #41: native_agent_mcp_http_contract ..............   Passed    2.71 sec
2026-10-07T23:20:12.3946930Z 42/52 Test #42: native_mcp_sdk_modern_contract ..............   Passed    3.47 sec
2026-10-07T23:20:15.7435435Z 43/52 Test #43: native_mcp_sdk_legacy_contract ..............   Passed    3.35 sec
2026-10-07T23:20:17.8357751Z 44/52 Test #44: native_http_cli_contract ....................   Passed    2.09 sec
2026-10-07T23:20:17.8916065Z 45/52 Test #45: embedded_xlang_sqlite_contract ..............   Passed    0.05 sec
2026-10-07T23:20:18.2557647Z 46/52 Test #46: native_incoming_repository_contract .........   Passed    0.36 sec
2026-10-07T23:20:18.7270648Z 47/52 Test #47: native_task_list_repository_contract ........   Passed    0.47 sec
2026-10-07T23:20:19.5789160Z 48/52 Test #48: native_permission_waiter_contract ...........   Passed    0.85 sec
2026-10-07T23:20:20.9651601Z 49/52 Test #49: native_operation_repository_contract ........   Passed    1.39 sec
2026-10-07T23:20:21.2519902Z 50/52 Test #50: xlang_repository_contract ...................   Passed    0.29 sec
2026-10-07T23:20:22.1536946Z 51/52 Test #51: persistence_service_contract ................   Passed    0.90 sec
2026-10-07T23:20:22.6908203Z 52/52 Test #52: encrypted_credential_repository_contract ....   Passed    0.54 sec
2026-10-07T23:20:22.6917703Z 100% tests passed, 0 tests failed out of 52
2026-10-07T23:20:22.6918388Z Total Test time (real) =  96.41 sec
2026-10-07T23:20:34.4070768Z # tests 63
2026-10-07T23:20:34.4072032Z # pass 63
2026-10-07T23:20:34.4072448Z # fail 0
2026-10-07T23:20:34.4073427Z # skipped 0
