Start testing: Oct 10 00:11 Pacific Daylight Time
----------------------------------------------------------
96/116 Testing: native_local_profile_contract
96/116 Test: native_local_profile_contract
Command: "C:/Program Files/nodejs/node.exe" "D:/CantorAI2026/xMind/Native/tests/local_profile_contract.mjs" "D:/CantorAI2026/xMind/build/skill-state-native/Release/xmind.exe" "D:/CantorAI2026/.worktrees/xlang3-xmind-import-utf8/build/Release/xlang3_runtime.dll" "D:/CantorAI2026/.worktrees/xlang3-xmind-import-utf8/build/Release/modules" "C:/Python/Python314/Lib"
Directory: D:/CantorAI2026/xMind/build/skill-state-native
"native_local_profile_contract" start time: Oct 10 00:11 Pacific Daylight Time
Output:
----------------------------------------------------------
{"retainedFixture":"C:\\Users\\shaw9\\AppData\\Local\\Temp\\xmind-local-profile-NrMQa8"}
node:internal/modules/run_main:123
    triggerUncaughtException(
    ^

AssertionError [ERR_ASSERTION]: Expected values to be strictly equal:

null !== 0

    at file:///D:/CantorAI2026/xMind/Native/tests/local_profile_contract.mjs:20:77
    at process.processTicksAndRejections (node:internal/process/task_queues:105:5) {
  generatedMessage: true,
  code: 'ERR_ASSERTION',
  actual: null,
  expected: 0,
  operator: 'strictEqual',
  diff: 'simple'
}

Node.js v22.19.0
<end of output>
Test time =  63.99 sec
----------------------------------------------------------
Test Failed.
"native_local_profile_contract" end time: Oct 10 00:12 Pacific Daylight Time
"native_local_profile_contract" time elapsed: 00:01:03
----------------------------------------------------------

End testing: Oct 10 00:12 Pacific Daylight Time
