TAP version 13
# Subtest: native session protocol mismatch explains the required update and preserves the existing connection
ok 1 - native session protocol mismatch explains the required update and preserves the existing connection
  ---
  duration_ms: 105.8365
  type: 'test'
  ...
# Subtest: Cancel and Escape preserve an existing connection and do not logout or cancel execution
ok 2 - Cancel and Escape preserve an existing connection and do not logout or cancel execution
  ---
  duration_ms: 19.4363
  type: 'test'
  ...
# Subtest: a failed replacement token keeps the existing conversation connected
ok 3 - a failed replacement token keeps the existing conversation connected
  ---
  duration_ms: 16.896
  type: 'test'
  ...
# Subtest: cancelling an in-flight reconnect prevents late popup or conversation changes
ok 4 - cancelling an in-flight reconnect prevents late popup or conversation changes
  ---
  duration_ms: 17.4788
  type: 'test'
  ...
# Subtest: Cancel aborts pending network work and immediate retry stays owned by the new attempt
ok 5 - Cancel aborts pending network work and immediate retry stays owned by the new attempt
  ---
  duration_ms: 17.2036
  type: 'test'
  ...
# Subtest: sidebar divider supports drag, keyboard bounds and remembered width
ok 6 - sidebar divider supports drag, keyboard bounds and remembered width
  ---
  duration_ms: 14.1832
  type: 'test'
  ...
# Subtest: profile conflicts refresh the displayed account and model without replaying the retained task
ok 7 - profile conflicts refresh the displayed account and model without replaying the retained task
  ---
  duration_ms: 2.6453
  type: 'test'
  ...
# Subtest: browser sends its known profile revision and retains the prompt when native admission rejects a stale view
ok 8 - browser sends its known profile revision and retains the prompt when native admission rejects a stale view
  ---
  duration_ms: 0.7449
  type: 'test'
  ...
# Subtest: browser Settings preserves the selected profile route through private discovery and footer enrollment
ok 9 - browser Settings preserves the selected profile route through private discovery and footer enrollment
  ---
  duration_ms: 1.923
  type: 'test'
  ...
# Subtest: rename sends the displayed expected title only for the selected supported conversation and retains conflicts
ok 10 - rename sends the displayed expected title only for the selected supported conversation and retains conflicts
  ---
  duration_ms: 0.3918
  type: 'test'
  ...
# Subtest: Responses saved-key discovery and model selection preserve backend-reported wire
ok 11 - Responses saved-key discovery and model selection preserve backend-reported wire
  ---
  duration_ms: 0.4112
  type: 'test'
  ...
# Subtest: restoring the native view does not wait for provider catalogue discovery
ok 12 - restoring the native view does not wait for provider catalogue discovery
  ---
  duration_ms: 3.678
  type: 'test'
  ...
# Subtest: view catches a completion between event and status reads and drains final events
ok 13 - view catches a completion between event and status reads and drains final events
  ---
  duration_ms: 0.8134
  type: 'test'
  ...
# Subtest: an obsolete view response cannot overwrite the next selection
ok 14 - an obsolete view response cannot overwrite the next selection
  ---
  duration_ms: 0.1612
  type: 'test'
  ...
# Subtest: provider key is consumed privately, IDs must come from discovery, disposal clears unsaved state
ok 15 - provider key is consumed privately, IDs must come from discovery, disposal clears unsaved state
  ---
  duration_ms: 0.6778
  type: 'test'
  ...
# Subtest: stale operation bytes cannot produce an approval request
ok 16 - stale operation bytes cannot produce an approval request
  ---
  duration_ms: 0.4587
  type: 'test'
  ...
# Subtest: browser adapter forwards durable native view credentials across restart without retaining the master token
ok 17 - browser adapter forwards durable native view credentials across restart without retaining the master token
  ---
  duration_ms: 109.1962
  type: 'test'
  ...
1..17
# tests 17
# suites 0
# pass 17
# fail 0
# cancelled 0
# skipped 0
# todo 0
# duration_ms 864.0358
