TAP version 13
# Subtest: browser session client shares the committed parser using cookies without bearer access
ok 1 - browser session client shares the committed parser using cookies without bearer access
  ---
  duration_ms: 16.3959
  type: 'test'
  ...
# Subtest: browser cookie stream refuses invalid scope and pre-abort before fetch and reports expired access
ok 2 - browser cookie stream refuses invalid scope and pre-abort before fetch and reports expired access
  ---
  duration_ms: 0.5877
  type: 'test'
  ...
# Subtest: browser uses committed feed callbacks and stays idle without periodic observation requests
ok 3 - browser uses committed feed callbacks and stays idle without periodic observation requests
  ---
  duration_ms: 759.3764
  type: 'test'
  ...
# Subtest: browser terminal command snapshot drains its current feed before retiring observation
not ok 4 - browser terminal command snapshot drains its current feed before retiring observation
  ---
  duration_ms: 1.857
  type: 'test'
  location: 'D:\\CantorAI2026\\xMind\\views\\browser\\tests\\controller.test.cjs:27:1'
  failureType: 'testCodeFailure'
  error: |-
    A terminal snapshot must not cancel queued native SSE frames
    
    true !== false
    
  code: 'ERR_ASSERTION'
  name: 'AssertionError'
  expected: false
  actual: true
  operator: 'strictEqual'
  stack: |-
    TestContext.<anonymous> (D:\CantorAI2026\xMind\views\browser\tests\controller.test.cjs:31:169)
    async Test.run (node:internal/test_runner/test:1054:7)
    async Test.processPendingSubtests (node:internal/test_runner/test:744:7)
  ...
# Subtest: browser selection retirement aborts the feed and rejects late events from that conversation
ok 5 - browser selection retirement aborts the feed and rejects late events from that conversation
  ---
  duration_ms: 1.1683
  type: 'test'
  ...
# Subtest: browser event arriving during a snapshot does not render that committed record twice
ok 6 - browser event arriving during a snapshot does not render that committed record twice
  ---
  duration_ms: 0.7671
  type: 'test'
  ...
# Subtest: browser resolves new graph child ownership after an older snapshot finishes
ok 7 - browser resolves new graph child ownership after an older snapshot finishes
  ---
  duration_ms: 1.1544
  type: 'test'
  ...
# Subtest: browser graph initial snapshot reads committed events before child ownership
ok 8 - browser graph initial snapshot reads committed events before child ownership
  ---
  duration_ms: 0.8671
  type: 'test'
  ...
# Subtest: browser graph terminal snapshot reads committed events before child ownership
ok 9 - browser graph terminal snapshot reads committed events before child ownership
  ---
  duration_ms: 0.3666
  type: 'test'
  ...
# Subtest: browser graph snapshot still rejects an event without owned child metadata
ok 10 - browser graph snapshot still rejects an event without owned child metadata
  ---
  duration_ms: 0.4276
  type: 'test'
  ...
# Subtest: browser forwards actual native file-proposal policy and clears unsupported legacy metadata without writes
ok 11 - browser forwards actual native file-proposal policy and clears unsupported legacy metadata without writes
  ---
  duration_ms: 0.3706
  type: 'test'
  ...
# Subtest: browser user skill commands use the selected session and stop publishing after disposal
ok 12 - browser user skill commands use the selected session and stop publishing after disposal
  ---
  duration_ms: 1.8823
  type: 'test'
  ...
# Subtest: conversation selection recovers the new provider catalogue after its native selection acknowledgement is retired
ok 13 - conversation selection recovers the new provider catalogue after its native selection acknowledgement is retired
  ---
  duration_ms: 1.7322
  type: 'test'
  ...
# Subtest: a second conversation/profile observation rejects the retired recovery catalogue and publishes only its current native binding
ok 14 - a second conversation/profile observation rejects the retired recovery catalogue and publishes only its current native binding
  ---
  duration_ms: 1.1682
  type: 'test'
  ...
# Subtest: browser imported key-only profiles guide the footer selection without a new-key error or provider calls
ok 15 - browser imported key-only profiles guide the footer selection without a new-key error or provider calls
  ---
  duration_ms: 0.3042
  type: 'test'
  ...
# Subtest: browser saved catalogue remains usable after settings close, new conversation and selection without automatic profile writes
ok 16 - browser saved catalogue remains usable after settings close, new conversation and selection without automatic profile writes
  ---
  duration_ms: 1.1199
  type: 'test'
  ...
# Subtest: browser footer provider command uses native profile CAS and saved-key discovery, with no automatic model enrollment
ok 17 - browser footer provider command uses native profile CAS and saved-key discovery, with no automatic model enrollment
  ---
  duration_ms: 2.4764
  type: 'test'
  ...
# Subtest: browser graph resume requires displayed and freshly verified backend eligibility/CAS and never retries conflicts
ok 18 - browser graph resume requires displayed and freshly verified backend eligibility/CAS and never retries conflicts
  ---
  duration_ms: 0.3693
  type: 'test'
  ...
# Subtest: browser context control uses actual discovery and discards a stale session/model generation before compaction
ok 19 - browser context control uses actual discovery and discards a stale session/model generation before compaction
  ---
  duration_ms: 0.5493
  type: 'test'
  ...
# Subtest: browser binds raw human input and explicit final-human resume to actual displayed and freshly observed plan identities
ok 20 - browser binds raw human input and explicit final-human resume to actual displayed and freshly observed plan identities
  ---
  duration_ms: 2.517
  type: 'test'
  ...
# Subtest: browser rejects stale CAS, changed question identity, duplicate keys, foreign roots and observation conflicts before any controller mutation
ok 21 - browser rejects stale CAS, changed question identity, duplicate keys, foreign roots and observation conflicts before any controller mutation
  ---
  duration_ms: 1.7167
  type: 'test'
  ...
# Subtest: browser generation change during a fresh plan check discards response and cannot answer the prior selected owner
ok 22 - browser generation change during a fresh plan check discards response and cannot answer the prior selected owner
  ---
  duration_ms: 0.3362
  type: 'test'
  ...
# Subtest: browser transient plan GET conflicts discard actions and retry only bounded read observation
ok 23 - browser transient plan GET conflicts discard actions and retry only bounded read observation
  ---
  duration_ms: 0.3457
  type: 'test'
  ...
# Subtest: owned observation rejects a same-session status for another root and selection resets cursor backlog
ok 24 - owned observation rejects a same-session status for another root and selection resets cursor backlog
  ---
  duration_ms: 0.3205
  type: 'test'
  ...
# Subtest: normal Agent shows native-owned investigations and drains terminal child history without a graph selection
ok 25 - normal Agent shows native-owned investigations and drains terminal child history without a graph selection
  ---
  duration_ms: 0.5339
  type: 'test'
  ...
# Subtest: profile conflicts refresh the displayed account and model without replaying the retained task
ok 26 - profile conflicts refresh the displayed account and model without replaying the retained task
  ---
  duration_ms: 0.68
  type: 'test'
  ...
# Subtest: browser sends its known profile revision and retains the prompt when native admission rejects a stale view
ok 27 - browser sends its known profile revision and retains the prompt when native admission rejects a stale view
  ---
  duration_ms: 0.3096
  type: 'test'
  ...
# Subtest: browser Settings preserves the selected profile route through private discovery and footer enrollment
ok 28 - browser Settings preserves the selected profile route through private discovery and footer enrollment
  ---
  duration_ms: 0.801
  type: 'test'
  ...
# Subtest: rename sends the displayed expected title only for the selected supported conversation and retains conflicts
ok 29 - rename sends the displayed expected title only for the selected supported conversation and retains conflicts
  ---
  duration_ms: 0.3093
  type: 'test'
  ...
# Subtest: Responses saved-key discovery and model selection preserve backend-reported wire
ok 30 - Responses saved-key discovery and model selection preserve backend-reported wire
  ---
  duration_ms: 0.374
  type: 'test'
  ...
# Subtest: restoring the native view does not wait for provider catalogue discovery
ok 31 - restoring the native view does not wait for provider catalogue discovery
  ---
  duration_ms: 2.8798
  type: 'test'
  ...
# Subtest: view catches a completion between event and status reads and drains final events
ok 32 - view catches a completion between event and status reads and drains final events
  ---
  duration_ms: 0.2916
  type: 'test'
  ...
# Subtest: an obsolete view response cannot overwrite the next selection
ok 33 - an obsolete view response cannot overwrite the next selection
  ---
  duration_ms: 0.1673
  type: 'test'
  ...
# Subtest: provider key is consumed privately, IDs must come from discovery, disposal clears unsaved state
ok 34 - provider key is consumed privately, IDs must come from discovery, disposal clears unsaved state
  ---
  duration_ms: 0.3998
  type: 'test'
  ...
# Subtest: stale operation bytes cannot produce an approval request
ok 35 - stale operation bytes cannot produce an approval request
  ---
  duration_ms: 0.2661
  type: 'test'
  ...
# Subtest: browser patch comparison revalidates owned snapshots and never submits approval
ok 36 - browser patch comparison revalidates owned snapshots and never submits approval
  ---
  duration_ms: 0.8928
  type: 'test'
  ...
# Subtest: browser cannot compare malformed patch absence and missing batch manifest
ok 37 - browser cannot compare malformed patch absence and missing batch manifest
  ---
  duration_ms: 1.045
  type: 'test'
  ...
1..37
# tests 37
# suites 0
# pass 36
# fail 1
# cancelled 0
# skipped 0
# todo 0
# duration_ms 816.0198
