Test project D:/CantorAI2026/xMind/build/skill-state-native
    Start 85: native_unified_program_contract
1/4 Test #85: native_unified_program_contract ......***Failed    0.39 sec
node:internal/modules/run_main:123
    triggerUncaughtException(
    ^

AssertionError [ERR_ASSERTION]: Cannot read trusted graph catalog


1 !== 0

    at file:///D:/CantorAI2026/xMind/Native/tests/unified_program_contract.mjs:47:9 {
  generatedMessage: false,
  code: 'ERR_ASSERTION',
  actual: 1,
  expected: 0,
  operator: 'strictEqual',
  diff: 'simple'
}

Node.js v22.19.0

    Start 86: native_unified_patch_http_contract
2/4 Test #86: native_unified_patch_http_contract ...   Passed    4.56 sec
    Start 87: native_unified_graph_http_contract
3/4 Test #87: native_unified_graph_http_contract ...   Passed    8.46 sec
    Start 88: native_unified_mcp_http_contract
4/4 Test #88: native_unified_mcp_http_contract .....   Passed    2.38 sec

75% tests passed, 1 tests failed out of 4

Total Test time (real) =  15.80 sec

The following tests FAILED:
	 85 - native_unified_program_contract (Failed)
Errors while running CTest
