Test project D:/a/xMind/xMind/xmind/build/native
      Start  1: native_json_schema_contract
 1/32 Test  #1: native_json_schema_contract ................   Passed    0.02 sec
      Start  2: native_mcp_wire_contract
 2/32 Test  #2: native_mcp_wire_contract ...................   Passed    0.02 sec
      Start  3: model_stream_protocol_contract
 3/32 Test  #3: model_stream_protocol_contract .............   Passed    0.08 sec
      Start  4: model_request_contract
 4/32 Test  #4: model_request_contract .....................   Passed    0.02 sec
      Start  5: native_secret_protection_contract
 5/32 Test  #5: native_secret_protection_contract ..........   Passed    0.02 sec
      Start  6: native_process_adapter_contract
 6/32 Test  #6: native_process_adapter_contract ............***Failed    2.06 sec
Owned process exit is not established
file:///D:/a/xMind/xMind/xmind/Native/tests/process_contract_peer.mjs:11
  if(result.error)throw result.error;if(result.status!==0)throw new Error('Native process adapter contract exit '+result.status);
                                                                ^

Error: Native process adapter contract exit 1
    at file:///D:/a/xMind/xMind/xmind/Native/tests/process_contract_peer.mjs:11:65
    at ModuleJob.run (node:internal/modules/esm/module_job:343:25)
    at async onImport.tracePromise.__proto__ (node:internal/modules/esm/loader:681:26)
    at async asyncRunEntryPointWithESMLoader (node:internal/modules/run_main:117:5)

Node.js v22.23.3

      Start  7: native_mcp_configuration_contract
 7/32 Test  #7: native_mcp_configuration_contract ..........   Passed    0.33 sec
      Start  8: native_schema_worker_contract
 8/32 Test  #8: native_schema_worker_contract ..............   Passed    2.38 sec
      Start  9: native_mcp_stdio_contract
 9/32 Test  #9: native_mcp_stdio_contract ..................   Passed    3.15 sec
      Start 10: native_mcp_handshake_contract
10/32 Test #10: native_mcp_handshake_contract ..............   Passed    0.92 sec
      Start 11: native_mcp_client_contract
11/32 Test #11: native_mcp_client_contract .................   Passed    1.14 sec
      Start 12: native_mcp_effect_contract
12/32 Test #12: native_mcp_effect_contract .................   Passed    7.98 sec
      Start 13: native_agent_service_contract
13/32 Test #13: native_agent_service_contract ..............   Passed    0.78 sec
      Start 14: native_agent_runner_contract
14/32 Test #14: native_agent_runner_contract ...............   Passed    2.14 sec
      Start 15: native_create_executor_contract
15/32 Test #15: native_create_executor_contract ............   Passed    1.79 sec
      Start 16: native_edit_executor_contract
16/32 Test #16: native_edit_executor_contract ..............   Passed    1.22 sec
      Start 17: native_approved_edit_http_contract
17/32 Test #17: native_approved_edit_http_contract .........   Passed    1.58 sec
      Start 18: native_workspace_tools_contract
18/32 Test #18: native_workspace_tools_contract ............   Passed    1.15 sec
      Start 19: native_chat_provider_contract
19/32 Test #19: native_chat_provider_contract ..............   Passed    0.17 sec
      Start 20: native_http_stream_transport_contract
20/32 Test #20: native_http_stream_transport_contract ......   Passed    5.14 sec
      Start 21: native_agent_http_contract
21/32 Test #21: native_agent_http_contract .................   Passed    1.22 sec
      Start 22: native_agent_edit_http_contract
22/32 Test #22: native_agent_edit_http_contract ............   Passed    2.52 sec
      Start 23: native_agent_mcp_http_contract
23/32 Test #23: native_agent_mcp_http_contract .............   Passed    2.46 sec
      Start 24: native_mcp_sdk_modern_contract
24/32 Test #24: native_mcp_sdk_modern_contract .............   Passed    4.03 sec
      Start 25: native_mcp_sdk_legacy_contract
25/32 Test #25: native_mcp_sdk_legacy_contract .............   Passed    9.02 sec
      Start 26: native_http_cli_contract
26/32 Test #26: native_http_cli_contract ...................   Passed   14.37 sec
      Start 27: embedded_xlang_sqlite_contract
27/32 Test #27: embedded_xlang_sqlite_contract .............   Passed    0.05 sec
      Start 28: native_permission_waiter_contract
28/32 Test #28: native_permission_waiter_contract ..........   Passed    1.17 sec
      Start 29: native_operation_repository_contract
29/32 Test #29: native_operation_repository_contract .......   Passed    3.20 sec
      Start 30: xlang_repository_contract
30/32 Test #30: xlang_repository_contract ..................   Passed    0.33 sec
      Start 31: persistence_service_contract
31/32 Test #31: persistence_service_contract ...............   Passed    1.15 sec
      Start 32: encrypted_credential_repository_contract
32/32 Test #32: encrypted_credential_repository_contract ...   Passed    0.56 sec

97% tests passed, 1 tests failed out of 32

Total Test time (real) =  72.26 sec

The following tests FAILED:
	  6 - native_process_adapter_contract (Failed)
Errors while running CTest
