Test project D:/a/xMind/xMind/xmind/build/native
      Start  1: native_json_schema_contract
 1/35 Test  #1: native_json_schema_contract ................   Passed    0.02 sec
      Start  2: native_mcp_wire_contract
 2/35 Test  #2: native_mcp_wire_contract ...................   Passed    0.02 sec
      Start  3: model_stream_protocol_contract
 3/35 Test  #3: model_stream_protocol_contract .............   Passed    0.08 sec
      Start  4: model_request_contract
 4/35 Test  #4: model_request_contract .....................   Passed    0.02 sec
      Start  5: native_secret_protection_contract
 5/35 Test  #5: native_secret_protection_contract ..........   Passed    0.01 sec
      Start  6: native_process_configuration_contract
 6/35 Test  #6: native_process_configuration_contract ......   Passed    0.36 sec
      Start  7: native_process_executor_contract
 7/35 Test  #7: native_process_executor_contract ...........   Passed   10.59 sec
      Start  8: native_agent_process_http_contract
 8/35 Test  #8: native_agent_process_http_contract .........   Passed    9.66 sec
      Start  9: native_process_adapter_contract
 9/35 Test  #9: native_process_adapter_contract ............***Failed    2.69 sec
Process failed after dispatch; side effects are uncertain
file:///D:/a/xMind/xMind/xmind/Native/tests/process_contract_peer.mjs:11
  if(result.error)throw result.error;if(result.status!==0)throw new Error('Native process adapter contract exit '+result.status);
                                                                ^

Error: Native process adapter contract exit 1
    at file:///D:/a/xMind/xMind/xmind/Native/tests/process_contract_peer.mjs:11:65
    at ModuleJob.run (node:internal/modules/esm/module_job:343:25)
    at async onImport.tracePromise.__proto__ (node:internal/modules/esm/loader:681:26)
    at async asyncRunEntryPointWithESMLoader (node:internal/modules/run_main:117:5)

Node.js v22.23.3

      Start 10: native_mcp_configuration_contract
10/35 Test #10: native_mcp_configuration_contract ..........   Passed    0.40 sec
      Start 11: native_schema_worker_contract
11/35 Test #11: native_schema_worker_contract ..............   Passed    2.40 sec
      Start 12: native_mcp_stdio_contract
12/35 Test #12: native_mcp_stdio_contract ..................   Passed    3.14 sec
      Start 13: native_mcp_handshake_contract
13/35 Test #13: native_mcp_handshake_contract ..............   Passed    0.93 sec
      Start 14: native_mcp_client_contract
14/35 Test #14: native_mcp_client_contract .................   Passed    1.16 sec
      Start 15: native_mcp_effect_contract
15/35 Test #15: native_mcp_effect_contract .................   Passed    8.73 sec
      Start 16: native_agent_service_contract
16/35 Test #16: native_agent_service_contract ..............   Passed    0.65 sec
      Start 17: native_agent_runner_contract
17/35 Test #17: native_agent_runner_contract ...............   Passed    1.91 sec
      Start 18: native_create_executor_contract
18/35 Test #18: native_create_executor_contract ............   Passed    1.77 sec
      Start 19: native_edit_executor_contract
19/35 Test #19: native_edit_executor_contract ..............   Passed    1.11 sec
      Start 20: native_approved_edit_http_contract
20/35 Test #20: native_approved_edit_http_contract .........   Passed    1.36 sec
      Start 21: native_workspace_tools_contract
21/35 Test #21: native_workspace_tools_contract ............   Passed    1.13 sec
      Start 22: native_chat_provider_contract
22/35 Test #22: native_chat_provider_contract ..............   Passed    0.17 sec
      Start 23: native_http_stream_transport_contract
23/35 Test #23: native_http_stream_transport_contract ......   Passed    6.05 sec
      Start 24: native_agent_http_contract
24/35 Test #24: native_agent_http_contract .................   Passed    1.89 sec
      Start 25: native_agent_edit_http_contract
25/35 Test #25: native_agent_edit_http_contract ............   Passed    3.66 sec
      Start 26: native_agent_mcp_http_contract
26/35 Test #26: native_agent_mcp_http_contract .............   Passed    3.24 sec
      Start 27: native_mcp_sdk_modern_contract
27/35 Test #27: native_mcp_sdk_modern_contract .............   Passed    4.10 sec
      Start 28: native_mcp_sdk_legacy_contract
28/35 Test #28: native_mcp_sdk_legacy_contract .............   Passed    3.89 sec
      Start 29: native_http_cli_contract
29/35 Test #29: native_http_cli_contract ...................   Passed   10.24 sec
      Start 30: embedded_xlang_sqlite_contract
30/35 Test #30: embedded_xlang_sqlite_contract .............   Passed    0.05 sec
      Start 31: native_permission_waiter_contract
31/35 Test #31: native_permission_waiter_contract ..........   Passed    1.09 sec
      Start 32: native_operation_repository_contract
32/35 Test #32: native_operation_repository_contract .......   Passed    2.80 sec
      Start 33: xlang_repository_contract
33/35 Test #33: xlang_repository_contract ..................   Passed    0.60 sec
      Start 34: persistence_service_contract
34/35 Test #34: persistence_service_contract ...............   Passed    2.40 sec
      Start 35: encrypted_credential_repository_contract
35/35 Test #35: encrypted_credential_repository_contract ...   Passed    0.99 sec

97% tests passed, 1 tests failed out of 35

Total Test time (real) =  89.38 sec

The following tests FAILED:
	  9 - native_process_adapter_contract (Failed)
Errors while running CTest
