TAP version 13
# Subtest: production browser footer drives the same saved-provider CAS and explicit model enrollment using public metadata only
ok 1 - production browser footer drives the same saved-provider CAS and explicit model enrollment using public metadata only
  ---
  duration_ms: 161.0916
  type: 'test'
  ...
# Subtest: production classic scripts share a realm without collisions and restore owned history through the browser bridge
ok 2 - production classic scripts share a realm without collisions and restore owned history through the browser bridge
  ---
  duration_ms: 66.9934
  type: 'test'
  ...
# Subtest: native session protocol mismatch explains the required update and preserves the existing connection
ok 3 - native session protocol mismatch explains the required update and preserves the existing connection
  ---
  duration_ms: 118.4029
  type: 'test'
  ...
# Subtest: Cancel and Escape preserve an existing connection and do not logout or cancel execution
ok 4 - Cancel and Escape preserve an existing connection and do not logout or cancel execution
  ---
  duration_ms: 22.4275
  type: 'test'
  ...
# Subtest: a failed replacement token keeps the existing conversation connected
ok 5 - a failed replacement token keeps the existing conversation connected
  ---
  duration_ms: 18.3392
  type: 'test'
  ...
# Subtest: cancelling an in-flight reconnect prevents late popup or conversation changes
ok 6 - cancelling an in-flight reconnect prevents late popup or conversation changes
  ---
  duration_ms: 20.8499
  type: 'test'
  ...
# Subtest: Cancel aborts pending network work and immediate retry stays owned by the new attempt
ok 7 - Cancel aborts pending network work and immediate retry stays owned by the new attempt
  ---
  duration_ms: 18.0491
  type: 'test'
  ...
# Subtest: sidebar divider supports drag, keyboard bounds and remembered width
ok 8 - sidebar divider supports drag, keyboard bounds and remembered width
  ---
  duration_ms: 16.1043
  type: 'test'
  ...
# Subtest: browser imported key-only profiles guide the footer selection without a new-key error or provider calls
ok 9 - browser imported key-only profiles guide the footer selection without a new-key error or provider calls
  ---
  duration_ms: 3.1668
  type: 'test'
  ...
# Subtest: browser saved catalogue remains usable after settings close, new conversation and selection without automatic profile writes
ok 10 - browser saved catalogue remains usable after settings close, new conversation and selection without automatic profile writes
  ---
  duration_ms: 4.6288
  type: 'test'
  ...
# Subtest: browser footer provider command uses native profile CAS and saved-key discovery, with no automatic model enrollment
ok 11 - browser footer provider command uses native profile CAS and saved-key discovery, with no automatic model enrollment
  ---
  duration_ms: 5.9051
  type: 'test'
  ...
# Subtest: browser graph resume requires displayed and freshly verified backend eligibility/CAS and never retries conflicts
ok 12 - browser graph resume requires displayed and freshly verified backend eligibility/CAS and never retries conflicts
  ---
  duration_ms: 1.2192
  type: 'test'
  ...
# Subtest: browser context control uses actual discovery and discards a stale session/model generation before compaction
ok 13 - browser context control uses actual discovery and discards a stale session/model generation before compaction
  ---
  duration_ms: 1.0485
  type: 'test'
  ...
# Subtest: browser binds raw human input and explicit final-human resume to actual displayed and freshly observed plan identities
ok 14 - browser binds raw human input and explicit final-human resume to actual displayed and freshly observed plan identities
  ---
  duration_ms: 5.1712
  type: 'test'
  ...
# Subtest: browser rejects stale CAS, changed question identity, duplicate keys, foreign roots and observation conflicts before any controller mutation
ok 15 - browser rejects stale CAS, changed question identity, duplicate keys, foreign roots and observation conflicts before any controller mutation
  ---
  duration_ms: 3.8992
  type: 'test'
  ...
# Subtest: browser generation change during a fresh plan check discards response and cannot answer the prior selected owner
ok 16 - browser generation change during a fresh plan check discards response and cannot answer the prior selected owner
  ---
  duration_ms: 0.6661
  type: 'test'
  ...
# Subtest: browser transient plan GET conflicts discard actions and retry only bounded read observation
ok 17 - browser transient plan GET conflicts discard actions and retry only bounded read observation
  ---
  duration_ms: 0.7786
  type: 'test'
  ...
# Subtest: owned observation rejects a same-session status for another root and selection resets cursor backlog
ok 18 - owned observation rejects a same-session status for another root and selection resets cursor backlog
  ---
  duration_ms: 0.9205
  type: 'test'
  ...
# Subtest: normal Agent shows native-owned investigations and drains terminal child history without a graph selection
ok 19 - normal Agent shows native-owned investigations and drains terminal child history without a graph selection
  ---
  duration_ms: 0.7883
  type: 'test'
  ...
# Subtest: profile conflicts refresh the displayed account and model without replaying the retained task
ok 20 - profile conflicts refresh the displayed account and model without replaying the retained task
  ---
  duration_ms: 0.7655
  type: 'test'
  ...
# Subtest: browser sends its known profile revision and retains the prompt when native admission rejects a stale view
ok 21 - browser sends its known profile revision and retains the prompt when native admission rejects a stale view
  ---
  duration_ms: 0.7199
  type: 'test'
  ...
# Subtest: browser Settings preserves the selected profile route through private discovery and footer enrollment
ok 22 - browser Settings preserves the selected profile route through private discovery and footer enrollment
  ---
  duration_ms: 2.5477
  type: 'test'
  ...
# Subtest: rename sends the displayed expected title only for the selected supported conversation and retains conflicts
ok 23 - rename sends the displayed expected title only for the selected supported conversation and retains conflicts
  ---
  duration_ms: 0.6263
  type: 'test'
  ...
# Subtest: Responses saved-key discovery and model selection preserve backend-reported wire
ok 24 - Responses saved-key discovery and model selection preserve backend-reported wire
  ---
  duration_ms: 0.6858
  type: 'test'
  ...
# Subtest: restoring the native view does not wait for provider catalogue discovery
ok 25 - restoring the native view does not wait for provider catalogue discovery
  ---
  duration_ms: 6.0513
  type: 'test'
  ...
# Subtest: view catches a completion between event and status reads and drains final events
ok 26 - view catches a completion between event and status reads and drains final events
  ---
  duration_ms: 0.5889
  type: 'test'
  ...
# Subtest: an obsolete view response cannot overwrite the next selection
ok 27 - an obsolete view response cannot overwrite the next selection
  ---
  duration_ms: 0.2132
  type: 'test'
  ...
# Subtest: provider key is consumed privately, IDs must come from discovery, disposal clears unsaved state
ok 28 - provider key is consumed privately, IDs must come from discovery, disposal clears unsaved state
  ---
  duration_ms: 0.7817
  type: 'test'
  ...
# Subtest: stale operation bytes cannot produce an approval request
ok 29 - stale operation bytes cannot produce an approval request
  ---
  duration_ms: 0.419
  type: 'test'
  ...
# Subtest: context and graph-resume view allowlist restricts methods and exposes no checkpoint/state mutation route
ok 30 - context and graph-resume view allowlist restricts methods and exposes no checkpoint/state mutation route
  ---
  duration_ms: 33.7547
  type: 'test'
  ...
# Subtest: planning view allowlist exposes only scoped observation, human input and resume methods
ok 31 - planning view allowlist exposes only scoped observation, human input and resume methods
  ---
  duration_ms: 0.8582
  type: 'test'
  ...
# Subtest: view forwards only allowed planning requests at the configured native origin and keeps durable cookie authentication
ok 32 - view forwards only allowed planning requests at the configured native origin and keeps durable cookie authentication
  ---
  duration_ms: 177.9582
  type: 'test'
  ...
# Subtest: browser adapter forwards durable native view credentials across restart without retaining the master token
ok 33 - browser adapter forwards durable native view credentials across restart without retaining the master token
  ---
  duration_ms: 215.4887
  type: 'test'
  ...
1..33
# tests 33
# suites 0
# pass 33
# fail 0
# cancelled 0
# skipped 0
# todo 0
# duration_ms 1112.691
