TAP version 13
# Subtest: production browser footer drives the same saved-provider CAS and explicit model enrollment using public metadata only
ok 1 - production browser footer drives the same saved-provider CAS and explicit model enrollment using public metadata only
  ---
  duration_ms: 160.544
  type: 'test'
  ...
# Subtest: production classic scripts share a realm without collisions and restore owned history through the browser bridge
ok 2 - production classic scripts share a realm without collisions and restore owned history through the browser bridge
  ---
  duration_ms: 64.5647
  type: 'test'
  ...
# Subtest: native session protocol mismatch explains the required update and preserves the existing connection
ok 3 - native session protocol mismatch explains the required update and preserves the existing connection
  ---
  duration_ms: 115.4665
  type: 'test'
  ...
# Subtest: Cancel and Escape preserve an existing connection and do not logout or cancel execution
ok 4 - Cancel and Escape preserve an existing connection and do not logout or cancel execution
  ---
  duration_ms: 20.3556
  type: 'test'
  ...
# Subtest: a failed replacement token keeps the existing conversation connected
ok 5 - a failed replacement token keeps the existing conversation connected
  ---
  duration_ms: 17.8966
  type: 'test'
  ...
# Subtest: cancelling an in-flight reconnect prevents late popup or conversation changes
ok 6 - cancelling an in-flight reconnect prevents late popup or conversation changes
  ---
  duration_ms: 19.0094
  type: 'test'
  ...
# Subtest: Cancel aborts pending network work and immediate retry stays owned by the new attempt
ok 7 - Cancel aborts pending network work and immediate retry stays owned by the new attempt
  ---
  duration_ms: 18.241
  type: 'test'
  ...
# Subtest: sidebar divider supports drag, keyboard bounds and remembered width
ok 8 - sidebar divider supports drag, keyboard bounds and remembered width
  ---
  duration_ms: 15.5217
  type: 'test'
  ...
# Subtest: browser saved catalogue remains usable after settings close, new conversation and selection without automatic profile writes
ok 9 - browser saved catalogue remains usable after settings close, new conversation and selection without automatic profile writes
  ---
  duration_ms: 4.5317
  type: 'test'
  ...
# Subtest: browser footer provider command uses native profile CAS and saved-key discovery, with no automatic model enrollment
ok 10 - browser footer provider command uses native profile CAS and saved-key discovery, with no automatic model enrollment
  ---
  duration_ms: 3.6511
  type: 'test'
  ...
# Subtest: browser graph resume requires displayed and freshly verified backend eligibility/CAS and never retries conflicts
ok 11 - browser graph resume requires displayed and freshly verified backend eligibility/CAS and never retries conflicts
  ---
  duration_ms: 0.6954
  type: 'test'
  ...
# Subtest: browser context control uses actual discovery and discards a stale session/model generation before compaction
ok 12 - browser context control uses actual discovery and discards a stale session/model generation before compaction
  ---
  duration_ms: 0.5897
  type: 'test'
  ...
# Subtest: browser binds raw human input and explicit final-human resume to actual displayed and freshly observed plan identities
ok 13 - browser binds raw human input and explicit final-human resume to actual displayed and freshly observed plan identities
  ---
  duration_ms: 3.7938
  type: 'test'
  ...
# Subtest: browser rejects stale CAS, changed question identity, duplicate keys, foreign roots and observation conflicts before any controller mutation
ok 14 - browser rejects stale CAS, changed question identity, duplicate keys, foreign roots and observation conflicts before any controller mutation
  ---
  duration_ms: 2.6945
  type: 'test'
  ...
# Subtest: browser generation change during a fresh plan check discards response and cannot answer the prior selected owner
ok 15 - browser generation change during a fresh plan check discards response and cannot answer the prior selected owner
  ---
  duration_ms: 0.535
  type: 'test'
  ...
# Subtest: browser transient plan GET conflicts discard actions and retry only bounded read observation
ok 16 - browser transient plan GET conflicts discard actions and retry only bounded read observation
  ---
  duration_ms: 0.432
  type: 'test'
  ...
# Subtest: owned observation rejects a same-session status for another root and selection resets cursor backlog
ok 17 - owned observation rejects a same-session status for another root and selection resets cursor backlog
  ---
  duration_ms: 0.7741
  type: 'test'
  ...
# Subtest: normal Agent shows native-owned investigations and drains terminal child history without a graph selection
ok 18 - normal Agent shows native-owned investigations and drains terminal child history without a graph selection
  ---
  duration_ms: 0.9401
  type: 'test'
  ...
# Subtest: profile conflicts refresh the displayed account and model without replaying the retained task
ok 19 - profile conflicts refresh the displayed account and model without replaying the retained task
  ---
  duration_ms: 0.8179
  type: 'test'
  ...
# Subtest: browser sends its known profile revision and retains the prompt when native admission rejects a stale view
ok 20 - browser sends its known profile revision and retains the prompt when native admission rejects a stale view
  ---
  duration_ms: 0.3144
  type: 'test'
  ...
# Subtest: browser Settings preserves the selected profile route through private discovery and footer enrollment
ok 21 - browser Settings preserves the selected profile route through private discovery and footer enrollment
  ---
  duration_ms: 1.8597
  type: 'test'
  ...
# Subtest: rename sends the displayed expected title only for the selected supported conversation and retains conflicts
ok 22 - rename sends the displayed expected title only for the selected supported conversation and retains conflicts
  ---
  duration_ms: 0.3793
  type: 'test'
  ...
# Subtest: Responses saved-key discovery and model selection preserve backend-reported wire
ok 23 - Responses saved-key discovery and model selection preserve backend-reported wire
  ---
  duration_ms: 0.5869
  type: 'test'
  ...
# Subtest: restoring the native view does not wait for provider catalogue discovery
ok 24 - restoring the native view does not wait for provider catalogue discovery
  ---
  duration_ms: 4.2158
  type: 'test'
  ...
# Subtest: view catches a completion between event and status reads and drains final events
ok 25 - view catches a completion between event and status reads and drains final events
  ---
  duration_ms: 0.6462
  type: 'test'
  ...
# Subtest: an obsolete view response cannot overwrite the next selection
ok 26 - an obsolete view response cannot overwrite the next selection
  ---
  duration_ms: 0.1801
  type: 'test'
  ...
# Subtest: provider key is consumed privately, IDs must come from discovery, disposal clears unsaved state
ok 27 - provider key is consumed privately, IDs must come from discovery, disposal clears unsaved state
  ---
  duration_ms: 0.5794
  type: 'test'
  ...
# Subtest: stale operation bytes cannot produce an approval request
ok 28 - stale operation bytes cannot produce an approval request
  ---
  duration_ms: 0.3769
  type: 'test'
  ...
# Subtest: context and graph-resume view allowlist restricts methods and exposes no checkpoint/state mutation route
ok 29 - context and graph-resume view allowlist restricts methods and exposes no checkpoint/state mutation route
  ---
  duration_ms: 20.0408
  type: 'test'
  ...
# Subtest: planning view allowlist exposes only scoped observation, human input and resume methods
ok 30 - planning view allowlist exposes only scoped observation, human input and resume methods
  ---
  duration_ms: 0.4106
  type: 'test'
  ...
# Subtest: view forwards only allowed planning requests at the configured native origin and keeps durable cookie authentication
ok 31 - view forwards only allowed planning requests at the configured native origin and keeps durable cookie authentication
  ---
  duration_ms: 141.7888
  type: 'test'
  ...
# Subtest: browser adapter forwards durable native view credentials across restart without retaining the master token
ok 32 - browser adapter forwards durable native view credentials across restart without retaining the master token
  ---
  duration_ms: 151.5961
  type: 'test'
  ...
1..32
# tests 32
# suites 0
# pass 32
# fail 0
# cancelled 0
# skipped 0
# todo 0
# duration_ms 961.5632
