TAP version 13
# Subtest: production browser footer drives the same saved-provider CAS and explicit model enrollment using public metadata only
ok 1 - production browser footer drives the same saved-provider CAS and explicit model enrollment using public metadata only
  ---
  duration_ms: 378.7242
  type: 'test'
  ...
# Subtest: production classic scripts share a realm without collisions and restore owned history through the browser bridge
ok 2 - production classic scripts share a realm without collisions and restore owned history through the browser bridge
  ---
  duration_ms: 141.4663
  type: 'test'
  ...
# Subtest: native session protocol mismatch explains the required update and preserves the existing connection
not ok 3 - native session protocol mismatch explains the required update and preserves the existing connection
  ---
  duration_ms: 2.3894
  type: 'test'
  location: 'D:\\a\\xMind\\xMind\\xmind\\views\\browser\\tests\\connection.test.cjs:16:1'
  failureType: 'testCodeFailure'
  error: "ENOENT: no such file or directory, open 'D:\\a\\xMind\\xMind\\xmind\\.agentflow\\browser-assets\\index.html'"
  code: 'ENOENT'
  stack: |-
    Object.readFileSync (node:fs:440:20)
    fixture (D:\a\xMind\xMind\xmind\views\browser\tests\connection.test.cjs:7:16)
    TestContext.<anonymous> (D:\a\xMind\xMind\xmind\views\browser\tests\connection.test.cjs:17:16)
    Test.runInAsyncScope (node:async_hooks:214:14)
    Test.run (node:internal/test_runner/test:1047:25)
    Test.start (node:internal/test_runner/test:944:17)
    startSubtestAfterBootstrap (node:internal/test_runner/harness:296:17)
  ...
# Subtest: Cancel and Escape preserve an existing connection and do not logout or cancel execution
not ok 4 - Cancel and Escape preserve an existing connection and do not logout or cancel execution
  ---
  duration_ms: 3.1775
  type: 'test'
  location: 'D:\\a\\xMind\\xMind\\xmind\\views\\browser\\tests\\connection.test.cjs:22:1'
  failureType: 'testCodeFailure'
  error: "ENOENT: no such file or directory, open 'D:\\a\\xMind\\xMind\\xmind\\.agentflow\\browser-assets\\index.html'"
  code: 'ENOENT'
  stack: |-
    Object.readFileSync (node:fs:440:20)
    fixture (D:\a\xMind\xMind\xmind\views\browser\tests\connection.test.cjs:7:16)
    TestContext.<anonymous> (D:\a\xMind\xMind\xmind\views\browser\tests\connection.test.cjs:23:16)
    Test.runInAsyncScope (node:async_hooks:214:14)
    Test.run (node:internal/test_runner/test:1047:25)
    Test.processPendingSubtests (node:internal/test_runner/test:744:18)
    Test.postRun (node:internal/test_runner/test:1173:19)
    Test.run (node:internal/test_runner/test:1101:12)
    async startSubtestAfterBootstrap (node:internal/test_runner/harness:296:3)
  ...
# Subtest: a failed replacement token keeps the existing conversation connected
not ok 5 - a failed replacement token keeps the existing conversation connected
  ---
  duration_ms: 0.4581
  type: 'test'
  location: 'D:\\a\\xMind\\xMind\\xmind\\views\\browser\\tests\\connection.test.cjs:25:1'
  failureType: 'testCodeFailure'
  error: "ENOENT: no such file or directory, open 'D:\\a\\xMind\\xMind\\xmind\\.agentflow\\browser-assets\\index.html'"
  code: 'ENOENT'
  stack: |-
    Object.readFileSync (node:fs:440:20)
    fixture (D:\a\xMind\xMind\xmind\views\browser\tests\connection.test.cjs:7:16)
    TestContext.<anonymous> (D:\a\xMind\xMind\xmind\views\browser\tests\connection.test.cjs:26:16)
    Test.runInAsyncScope (node:async_hooks:214:14)
    Test.run (node:internal/test_runner/test:1047:25)
    Test.processPendingSubtests (node:internal/test_runner/test:744:18)
    Test.postRun (node:internal/test_runner/test:1173:19)
    Test.run (node:internal/test_runner/test:1101:12)
    async Test.processPendingSubtests (node:internal/test_runner/test:744:7)
  ...
# Subtest: cancelling an in-flight reconnect prevents late popup or conversation changes
not ok 6 - cancelling an in-flight reconnect prevents late popup or conversation changes
  ---
  duration_ms: 0.4354
  type: 'test'
  location: 'D:\\a\\xMind\\xMind\\xmind\\views\\browser\\tests\\connection.test.cjs:28:1'
  failureType: 'testCodeFailure'
  error: "ENOENT: no such file or directory, open 'D:\\a\\xMind\\xMind\\xmind\\.agentflow\\browser-assets\\index.html'"
  code: 'ENOENT'
  stack: |-
    Object.readFileSync (node:fs:440:20)
    fixture (D:\a\xMind\xMind\xmind\views\browser\tests\connection.test.cjs:7:16)
    TestContext.<anonymous> (D:\a\xMind\xMind\xmind\views\browser\tests\connection.test.cjs:29:74)
    Test.runInAsyncScope (node:async_hooks:214:14)
    Test.run (node:internal/test_runner/test:1047:25)
    Test.processPendingSubtests (node:internal/test_runner/test:744:18)
    Test.postRun (node:internal/test_runner/test:1173:19)
    Test.run (node:internal/test_runner/test:1101:12)
    async Test.processPendingSubtests (node:internal/test_runner/test:744:7)
  ...
# Subtest: Cancel aborts pending network work and immediate retry stays owned by the new attempt
not ok 7 - Cancel aborts pending network work and immediate retry stays owned by the new attempt
  ---
  duration_ms: 0.6056
  type: 'test'
  location: 'D:\\a\\xMind\\xMind\\xmind\\views\\browser\\tests\\connection.test.cjs:31:1'
  failureType: 'testCodeFailure'
  error: "ENOENT: no such file or directory, open 'D:\\a\\xMind\\xMind\\xmind\\.agentflow\\browser-assets\\index.html'"
  code: 'ENOENT'
  stack: |-
    Object.readFileSync (node:fs:440:20)
    fixture (D:\a\xMind\xMind\xmind\views\browser\tests\connection.test.cjs:7:16)
    TestContext.<anonymous> (D:\a\xMind\xMind\xmind\views\browser\tests\connection.test.cjs:33:61)
    Test.runInAsyncScope (node:async_hooks:214:14)
    Test.run (node:internal/test_runner/test:1047:25)
    Test.processPendingSubtests (node:internal/test_runner/test:744:18)
    Test.postRun (node:internal/test_runner/test:1173:19)
    Test.run (node:internal/test_runner/test:1101:12)
    async Test.processPendingSubtests (node:internal/test_runner/test:744:7)
  ...
# Subtest: sidebar divider supports drag, keyboard bounds and remembered width
not ok 8 - sidebar divider supports drag, keyboard bounds and remembered width
  ---
  duration_ms: 0.4632
  type: 'test'
  location: 'D:\\a\\xMind\\xMind\\xmind\\views\\browser\\tests\\connection.test.cjs:38:1'
  failureType: 'testCodeFailure'
  error: "ENOENT: no such file or directory, open 'D:\\a\\xMind\\xMind\\xmind\\.agentflow\\browser-assets\\index.html'"
  code: 'ENOENT'
  stack: |-
    Object.readFileSync (node:fs:440:20)
    fixture (D:\a\xMind\xMind\xmind\views\browser\tests\connection.test.cjs:7:16)
    TestContext.<anonymous> (D:\a\xMind\xMind\xmind\views\browser\tests\connection.test.cjs:39:16)
    Test.runInAsyncScope (node:async_hooks:214:14)
    Test.run (node:internal/test_runner/test:1047:25)
    Test.processPendingSubtests (node:internal/test_runner/test:744:18)
    Test.postRun (node:internal/test_runner/test:1173:19)
    Test.run (node:internal/test_runner/test:1101:12)
    async Test.processPendingSubtests (node:internal/test_runner/test:744:7)
  ...
# Subtest: conversation selection recovers the new provider catalogue after its native selection acknowledgement is retired
ok 9 - conversation selection recovers the new provider catalogue after its native selection acknowledgement is retired
  ---
  duration_ms: 29.4342
  type: 'test'
  ...
# Subtest: a second conversation/profile observation rejects the retired recovery catalogue and publishes only its current native binding
ok 10 - a second conversation/profile observation rejects the retired recovery catalogue and publishes only its current native binding
  ---
  duration_ms: 3.359
  type: 'test'
  ...
# Subtest: browser imported key-only profiles guide the footer selection without a new-key error or provider calls
ok 11 - browser imported key-only profiles guide the footer selection without a new-key error or provider calls
  ---
  duration_ms: 0.8891
  type: 'test'
  ...
# Subtest: browser saved catalogue remains usable after settings close, new conversation and selection without automatic profile writes
ok 12 - browser saved catalogue remains usable after settings close, new conversation and selection without automatic profile writes
  ---
  duration_ms: 3.216
  type: 'test'
  ...
# Subtest: browser footer provider command uses native profile CAS and saved-key discovery, with no automatic model enrollment
ok 13 - browser footer provider command uses native profile CAS and saved-key discovery, with no automatic model enrollment
  ---
  duration_ms: 6.2256
  type: 'test'
  ...
# Subtest: browser graph resume requires displayed and freshly verified backend eligibility/CAS and never retries conflicts
ok 14 - browser graph resume requires displayed and freshly verified backend eligibility/CAS and never retries conflicts
  ---
  duration_ms: 1.293
  type: 'test'
  ...
# Subtest: browser context control uses actual discovery and discards a stale session/model generation before compaction
ok 15 - browser context control uses actual discovery and discards a stale session/model generation before compaction
  ---
  duration_ms: 1.8562
  type: 'test'
  ...
# Subtest: browser binds raw human input and explicit final-human resume to actual displayed and freshly observed plan identities
ok 16 - browser binds raw human input and explicit final-human resume to actual displayed and freshly observed plan identities
  ---
  duration_ms: 13.7896
  type: 'test'
  ...
# Subtest: browser rejects stale CAS, changed question identity, duplicate keys, foreign roots and observation conflicts before any controller mutation
ok 17 - browser rejects stale CAS, changed question identity, duplicate keys, foreign roots and observation conflicts before any controller mutation
  ---
  duration_ms: 6.1686
  type: 'test'
  ...
# Subtest: browser generation change during a fresh plan check discards response and cannot answer the prior selected owner
ok 18 - browser generation change during a fresh plan check discards response and cannot answer the prior selected owner
  ---
  duration_ms: 1.4407
  type: 'test'
  ...
# Subtest: browser transient plan GET conflicts discard actions and retry only bounded read observation
ok 19 - browser transient plan GET conflicts discard actions and retry only bounded read observation
  ---
  duration_ms: 0.8945
  type: 'test'
  ...
# Subtest: owned observation rejects a same-session status for another root and selection resets cursor backlog
ok 20 - owned observation rejects a same-session status for another root and selection resets cursor backlog
  ---
  duration_ms: 1.2999
  type: 'test'
  ...
# Subtest: normal Agent shows native-owned investigations and drains terminal child history without a graph selection
ok 21 - normal Agent shows native-owned investigations and drains terminal child history without a graph selection
  ---
  duration_ms: 1.6443
  type: 'test'
  ...
# Subtest: profile conflicts refresh the displayed account and model without replaying the retained task
ok 22 - profile conflicts refresh the displayed account and model without replaying the retained task
  ---
  duration_ms: 1.8631
  type: 'test'
  ...
# Subtest: browser sends its known profile revision and retains the prompt when native admission rejects a stale view
ok 23 - browser sends its known profile revision and retains the prompt when native admission rejects a stale view
  ---
  duration_ms: 0.7261
  type: 'test'
  ...
# Subtest: browser Settings preserves the selected profile route through private discovery and footer enrollment
ok 24 - browser Settings preserves the selected profile route through private discovery and footer enrollment
  ---
  duration_ms: 4.6123
  type: 'test'
  ...
# Subtest: rename sends the displayed expected title only for the selected supported conversation and retains conflicts
ok 25 - rename sends the displayed expected title only for the selected supported conversation and retains conflicts
  ---
  duration_ms: 1.0275
  type: 'test'
  ...
# Subtest: Responses saved-key discovery and model selection preserve backend-reported wire
ok 26 - Responses saved-key discovery and model selection preserve backend-reported wire
  ---
  duration_ms: 1.4211
  type: 'test'
  ...
# Subtest: restoring the native view does not wait for provider catalogue discovery
ok 27 - restoring the native view does not wait for provider catalogue discovery
  ---
  duration_ms: 24.6716
  type: 'test'
  ...
# Subtest: view catches a completion between event and status reads and drains final events
ok 28 - view catches a completion between event and status reads and drains final events
  ---
  duration_ms: 0.8048
  type: 'test'
  ...
# Subtest: an obsolete view response cannot overwrite the next selection
ok 29 - an obsolete view response cannot overwrite the next selection
  ---
  duration_ms: 0.3113
  type: 'test'
  ...
# Subtest: provider key is consumed privately, IDs must come from discovery, disposal clears unsaved state
ok 30 - provider key is consumed privately, IDs must come from discovery, disposal clears unsaved state
  ---
  duration_ms: 1.0523
  type: 'test'
  ...
# Subtest: stale operation bytes cannot produce an approval request
ok 31 - stale operation bytes cannot produce an approval request
  ---
  duration_ms: 0.6314
  type: 'test'
  ...
# Subtest: context and graph-resume view allowlist restricts methods and exposes no checkpoint/state mutation route
ok 32 - context and graph-resume view allowlist restricts methods and exposes no checkpoint/state mutation route
  ---
  duration_ms: 77.3322
  type: 'test'
  ...
# Subtest: planning view allowlist exposes only scoped observation, human input and resume methods
ok 33 - planning view allowlist exposes only scoped observation, human input and resume methods
  ---
  duration_ms: 1.5063
  type: 'test'
  ...
# Subtest: view forwards only allowed planning requests at the configured native origin and keeps durable cookie authentication
ok 34 - view forwards only allowed planning requests at the configured native origin and keeps durable cookie authentication
  ---
  duration_ms: 366.4429
  type: 'test'
  ...
# Subtest: browser adapter forwards durable native view credentials across restart without retaining the master token
not ok 35 - browser adapter forwards durable native view credentials across restart without retaining the master token
  ---
  duration_ms: 95.8218
  type: 'test'
  location: 'D:\\a\\xMind\\xMind\\xmind\\views\\browser\\tests\\server.test.cjs:6:1'
  failureType: 'testCodeFailure'
  error: "ENOENT: no such file or directory, realpath 'D:\\a\\xMind\\xMind\\xmind\\.agentflow\\browser-assets'"
  code: 'ENOENT'
  stack: |-
    async realpath (node:internal/fs/promises:1179:10)
    async createBrowserServer (file:///D:/a/xMind/xMind/xmind/views/browser/server.mjs:17:46)
    async TestContext.<anonymous> (D:\a\xMind\xMind\xmind\views\browser\tests\server.test.cjs:28:10)
    async Test.run (node:internal/test_runner/test:1054:7)
    async startSubtestAfterBootstrap (node:internal/test_runner/harness:296:3)
  ...
1..35
# tests 35
# suites 0
# pass 28
# fail 7
# cancelled 0
# skipped 0
# todo 0
# duration_ms 2734.8616
