Executing prepublish script 'npm run vscode:prepublish'...

> agentflow@0.1.0 vscode:prepublish
> node ../../views/browser/build.mjs browser-runtime/assets browser-runtime/server.mjs

Browser view assets built at D:\CantorAI2026\xMind\extensions\vscode\browser-runtime\assets
Browser access adapter bundled at D:\CantorAI2026\xMind\extensions\vscode\browser-runtime\server.mjs
 INFO  Files included in the VSIX:
browser-global-fix.vsix
├─ [Content_Types].xml 
├─ extension.vsixmanifest 
└─ extension/
   ├─ LICENSE.txt [11.29 KB]
   ├─ browser-view.js [2.13 KB]
   ├─ client.js [17.61 KB]
   ├─ edit-review.js [2.17 KB]
   ├─ extension.js [36.66 KB]
   ├─ package.json [2.08 KB]
   ├─ readme.md [13.5 KB]
   ├─ webview.js [4.74 KB]
   ├─ browser-runtime/
   │  ├─ server.mjs [10.82 KB]
   │  └─ assets/ (11 files) [205.97 KB]
   ├─ media/
   │  ├─ chat.css [7.02 KB]
   │  ├─ chat.js [40.9 KB]
   │  └─ xmind.svg [0.37 KB]
   └─ node_modules/
      ├─ dompurify/ (3 files) [55.63 KB]
      └─ marked/ (2 files) [48.99 KB]

=> Run vsce ls --tree to see all included files.

 DONE  Packaged: ..\..\.agentflow\ci\browser-global-fix.vsix (30 files, 148.69 KB)
Browser VSIX verified: 18 required access/renderer/license assets and shared-backend command; no private state.
