CMake is re-running because D:/CantorAI2026/xMind/build/skill-state-native/CMakeFiles/generate.stamp is out-of-date.
  the file 'D:/CantorAI2026/xMind/Native/CMakeLists.txt'
  is newer than 'D:/CantorAI2026/xMind/build/skill-state-native/CMakeFiles/generate.stamp.depend'
  result='-1'
-- Selecting Windows SDK version 10.0.26100.0 to target Windows 10.0.26200.
-- Configuring done (0.6s)
-- Generating done (2.0s)
-- Build files have been written to: D:/CantorAI2026/xMind/build/skill-state-native
MSBuild version 18.9.1+a81b43525 for .NET Framework

  Checking File Globs
  agentflow_mcp_wire.vcxproj -> D:\CantorAI2026\xMind\build\skill-state-native\Release\agentflow_mcp_wire.lib
  agentflow_secrets.vcxproj -> D:\CantorAI2026\xMind\build\skill-state-native\Release\agentflow_secrets.lib
  agentflow_provider_transport.vcxproj -> D:\CantorAI2026\xMind\build\skill-state-native\Release\agentflow_provider_transport.lib
  mcp_http_client.cpp
  mcp_oauth.cpp
  mcp_oauth_authorization.cpp
  mcp_oauth_callback.cpp
D:\CantorAI2026\xMind\Native\src\mcp_oauth_callback.cpp(49,29): error C3861: 'McpProtocolError': identifier not found [D:\CantorAI2026\xMind\build\skill-state-native\agentflow_mcp_http.vcxproj]
D:\CantorAI2026\xMind\Native\src\mcp_oauth_callback.cpp(55,52): error C3861: 'McpProtocolError': identifier not found [D:\CantorAI2026\xMind\build\skill-state-native\agentflow_mcp_http.vcxproj]
D:\CantorAI2026\xMind\Native\src\mcp_oauth_callback.cpp(74,91): error C3861: 'McpProtocolError': identifier not found [D:\CantorAI2026\xMind\build\skill-state-native\agentflow_mcp_http.vcxproj]
D:\CantorAI2026\xMind\Native\src\mcp_oauth_callback.cpp(98,49): error C3861: 'McpProtocolError': identifier not found [D:\CantorAI2026\xMind\build\skill-state-native\agentflow_mcp_http.vcxproj]
  Generating Code...
