MSBuild version 18.9.1+a81b43525 for .NET Framework

  Checking File Globs
  agentflow_mcp_wire.vcxproj -> D:\CantorAI2026\xMind\build\skill-state-native\Release\agentflow_mcp_wire.lib
  agentflow_models.vcxproj -> D:\CantorAI2026\xMind\build\skill-state-native\Release\agentflow_models.lib
  agentflow_secrets.vcxproj -> D:\CantorAI2026\xMind\build\skill-state-native\Release\agentflow_secrets.lib
  repository.cpp
D:\CantorAI2026\xMind\Native\src\repository.cpp(2110,176): warning C4457: declaration of 'owner' hides function parameter [D:\CantorAI2026\xMind\build\skill-state-native\agentflow_core.vcxproj]
      D:\CantorAI2026\xMind\Native\src\repository.cpp(2097,65):
      see declaration of 'owner'
  
  agentflow_core.vcxproj -> D:\CantorAI2026\xMind\build\skill-state-native\Release\agentflow_core.lib
  agentflow_provider_transport.vcxproj -> D:\CantorAI2026\xMind\build\skill-state-native\Release\agentflow_provider_transport.lib
  agentflow_mcp_configuration.vcxproj -> D:\CantorAI2026\xMind\build\skill-state-native\Release\agentflow_mcp_configuration.lib
  agentflow_mcp_http.vcxproj -> D:\CantorAI2026\xMind\build\skill-state-native\Release\agentflow_mcp_http.lib
  agentflow_mcp_stdio.vcxproj -> D:\CantorAI2026\xMind\build\skill-state-native\Release\agentflow_mcp_stdio.lib
  agentflow_mcp_client_factory.vcxproj -> D:\CantorAI2026\xMind\build\skill-state-native\Release\agentflow_mcp_client_factory.lib
  agentflow_mcp_oauth_refresh_storage_contract.vcxproj -> D:\CantorAI2026\xMind\build\skill-state-native\Release\agentflow_mcp_oauth_refresh_storage_contract.exe
MSBuild version 18.9.1+a81b43525 for .NET Framework

  Checking File Globs
  agentflow_mcp_wire.vcxproj -> D:\CantorAI2026\xMind\build\skill-state-native\Release\agentflow_mcp_wire.lib
  agentflow_models.vcxproj -> D:\CantorAI2026\xMind\build\skill-state-native\Release\agentflow_models.lib
  agentflow_secrets.vcxproj -> D:\CantorAI2026\xMind\build\skill-state-native\Release\agentflow_secrets.lib
  agentflow_core.vcxproj -> D:\CantorAI2026\xMind\build\skill-state-native\Release\agentflow_core.lib
  agentflow_provider_transport.vcxproj -> D:\CantorAI2026\xMind\build\skill-state-native\Release\agentflow_provider_transport.lib
  agentflow_mcp_configuration.vcxproj -> D:\CantorAI2026\xMind\build\skill-state-native\Release\agentflow_mcp_configuration.lib
  agentflow_mcp_http.vcxproj -> D:\CantorAI2026\xMind\build\skill-state-native\Release\agentflow_mcp_http.lib
  agentflow_mcp_stdio.vcxproj -> D:\CantorAI2026\xMind\build\skill-state-native\Release\agentflow_mcp_stdio.lib
  agentflow_mcp_client_factory.vcxproj -> D:\CantorAI2026\xMind\build\skill-state-native\Release\agentflow_mcp_client_factory.lib
  agentflow_mcp_oauth_credentials_contract.vcxproj -> D:\CantorAI2026\xMind\build\skill-state-native\Release\agentflow_mcp_oauth_credentials_contract.exe
MSBuild version 18.9.1+a81b43525 for .NET Framework

  Checking File Globs
  agentflow_mcp_wire.vcxproj -> D:\CantorAI2026\xMind\build\skill-state-native\Release\agentflow_mcp_wire.lib
  agentflow_models.vcxproj -> D:\CantorAI2026\xMind\build\skill-state-native\Release\agentflow_models.lib
  agentflow_secrets.vcxproj -> D:\CantorAI2026\xMind\build\skill-state-native\Release\agentflow_secrets.lib
  agentflow_core.vcxproj -> D:\CantorAI2026\xMind\build\skill-state-native\Release\agentflow_core.lib
  agentflow_provider_transport.vcxproj -> D:\CantorAI2026\xMind\build\skill-state-native\Release\agentflow_provider_transport.lib
  agentflow_mcp_configuration.vcxproj -> D:\CantorAI2026\xMind\build\skill-state-native\Release\agentflow_mcp_configuration.lib
  agentflow_mcp_http.vcxproj -> D:\CantorAI2026\xMind\build\skill-state-native\Release\agentflow_mcp_http.lib
  agentflow_mcp_stdio.vcxproj -> D:\CantorAI2026\xMind\build\skill-state-native\Release\agentflow_mcp_stdio.lib
  agentflow_mcp_client_factory.vcxproj -> D:\CantorAI2026\xMind\build\skill-state-native\Release\agentflow_mcp_client_factory.lib
  agentflow_mcp_configuration_contract.vcxproj -> D:\CantorAI2026\xMind\build\skill-state-native\Release\agentflow_mcp_configuration_contract.exe
