2026-10-08T00:46:14.6733824Z 10/52 Test #10: native_a2a_v1_http_contract .................   Passed    1.12 sec
2026-10-08T00:46:16.0173073Z 11/52 Test #11: native_responses_agent_http_contract ........   Passed    1.34 sec
2026-10-08T00:46:19.0976803Z 12/52 Test #12: native_graph_service_http_contract ..........   Passed    3.08 sec
2026-10-08T00:46:19.9808990Z 13/52 Test #13: native_provider_cli_contract ................   Passed    0.88 sec
2026-10-08T00:46:21.1452695Z 14/52 Test #14: native_provider_setup_contract ..............   Passed    1.16 sec
2026-10-08T00:46:24.4693469Z 15/52 Test #15: native_graph_runner_contract ................   Passed    3.32 sec
2026-10-08T00:46:25.1811326Z 16/52 Test #16: native_graph_checkpoint_contract ............   Passed    0.71 sec
2026-10-08T00:46:25.7354532Z 17/52 Test #17: native_graph_children_contract ..............   Passed    0.55 sec
2026-10-08T00:46:26.2803043Z 18/52 Test #18: native_graph_contract .......................   Passed    0.54 sec
2026-10-08T00:46:26.6148821Z 19/52 Test #19: native_instruction_configuration_contract ...   Passed    0.33 sec
2026-10-08T00:46:26.7999542Z 20/52 Test #20: native_process_configuration_contract .......   Passed    0.18 sec
2026-10-08T00:46:36.5807348Z 21/52 Test #21: native_process_executor_contract ............   Passed    9.78 sec
2026-10-08T00:46:41.3533802Z 22/52 Test #22: native_agent_process_http_contract ..........   Passed    4.77 sec
2026-10-08T00:46:45.6899579Z 23/52 Test #23: native_process_adapter_contract .............   Passed    4.34 sec
2026-10-08T00:46:49.6204938Z 24/52 Test #24: native_mcp_configuration_contract ...........   Passed    3.93 sec
2026-10-08T00:46:52.0408836Z 25/52 Test #25: native_schema_worker_contract ...............   Passed    2.42 sec
2026-10-08T00:46:55.2354528Z 26/52 Test #26: native_mcp_stdio_contract ...................   Passed    3.19 sec
2026-10-08T00:46:56.2039211Z 27/52 Test #27: native_mcp_handshake_contract ...............   Passed    0.97 sec
2026-10-08T00:46:57.3702895Z 28/52 Test #28: native_mcp_client_contract ..................   Passed    1.17 sec
2026-10-08T00:47:05.2676355Z 29/52 Test #29: native_mcp_effect_contract ..................   Passed    7.90 sec
2026-10-08T00:47:05.6437557Z 30/52 Test #30: native_agent_service_contract ...............   Passed    0.37 sec
2026-10-08T00:47:07.0103869Z 31/52 Test #31: native_agent_runner_contract ................   Passed    1.37 sec
2026-10-08T00:47:08.2163281Z 32/52 Test #32: native_create_executor_contract .............   Passed    1.21 sec
2026-10-08T00:47:08.9698881Z 33/52 Test #33: native_edit_executor_contract ...............   Passed    0.75 sec
2026-10-08T00:47:10.0285919Z 34/52 Test #34: native_approved_edit_http_contract ..........   Passed    1.06 sec
2026-10-08T00:47:11.0479641Z 35/52 Test #35: native_workspace_tools_contract .............   Passed    1.02 sec
2026-10-08T00:47:11.5195903Z 36/52 Test #36: native_repository_instructions_contract .....   Passed    0.47 sec
2026-10-08T00:47:11.6804976Z 37/52 Test #37: native_chat_provider_contract ...............   Passed    0.16 sec
2026-10-08T00:47:16.6405482Z 38/52 Test #38: native_http_stream_transport_contract .......   Passed    4.96 sec
2026-10-08T00:47:20.5264240Z 39/52 Test #39: native_agent_http_contract ..................   Passed    3.88 sec
2026-10-08T00:47:27.8449350Z 40/52 Test #40: native_agent_edit_http_contract .............   Passed    7.32 sec
2026-10-08T00:47:30.1344598Z 41/52 Test #41: native_agent_mcp_http_contract ..............   Passed    2.29 sec
2026-10-08T00:47:33.3336355Z 42/52 Test #42: native_mcp_sdk_modern_contract ..............   Passed    3.20 sec
2026-10-08T00:47:36.7911272Z 43/52 Test #43: native_mcp_sdk_legacy_contract ..............   Passed    3.46 sec
2026-10-08T00:47:39.1058649Z 44/52 Test #44: native_http_cli_contract ....................   Passed    2.31 sec
2026-10-08T00:47:39.1628287Z 45/52 Test #45: embedded_xlang_sqlite_contract ..............   Passed    0.06 sec
2026-10-08T00:47:40.2602887Z 46/52 Test #46: native_incoming_repository_contract .........   Passed    1.10 sec
2026-10-08T00:47:43.3167484Z 47/52 Test #47: native_task_list_repository_contract ........   Passed    3.06 sec
2026-10-08T00:47:44.8846975Z 48/52 Test #48: native_permission_waiter_contract ...........   Passed    1.57 sec
2026-10-08T00:47:56.3619321Z 49/52 Test #49: native_operation_repository_contract ........   Passed   11.48 sec
2026-10-08T00:47:56.7905147Z 50/52 Test #50: xlang_repository_contract ...................   Passed    0.43 sec
2026-10-08T00:47:59.9849228Z 51/52 Test #51: persistence_service_contract ................   Passed    3.19 sec
2026-10-08T00:48:00.7780807Z 52/52 Test #52: encrypted_credential_repository_contract ....   Passed    0.79 sec
2026-10-08T00:48:00.7792796Z 100% tests passed, 0 tests failed out of 52
2026-10-08T00:48:00.7795136Z Total Test time (real) = 111.94 sec
2026-10-08T00:48:16.0319996Z # tests 72
2026-10-08T00:48:16.0322908Z # pass 72
2026-10-08T00:48:16.0323368Z # fail 0
2026-10-08T00:48:16.0323990Z # skipped 0
Browser adapter contract totals:
# tests 14
# pass 14
# fail 0
# skipped 0
