TAP version 13
# Subtest: production browser footer drives the same saved-provider CAS and explicit model enrollment using public metadata only
ok 1 - production browser footer drives the same saved-provider CAS and explicit model enrollment using public metadata only
  ---
  duration_ms: 154.0989
  type: 'test'
  ...
# Subtest: production classic scripts share a realm without collisions and restore owned history through the browser bridge
ok 2 - production classic scripts share a realm without collisions and restore owned history through the browser bridge
  ---
  duration_ms: 66.8094
  type: 'test'
  ...
# Subtest: native session protocol mismatch explains the required update and preserves the existing connection
ok 3 - native session protocol mismatch explains the required update and preserves the existing connection
  ---
  duration_ms: 117.9839
  type: 'test'
  ...
# Subtest: Cancel and Escape preserve an existing connection and do not logout or cancel execution
ok 4 - Cancel and Escape preserve an existing connection and do not logout or cancel execution
  ---
  duration_ms: 21.3143
  type: 'test'
  ...
# Subtest: a failed replacement token keeps the existing conversation connected
ok 5 - a failed replacement token keeps the existing conversation connected
  ---
  duration_ms: 20.2982
  type: 'test'
  ...
# Subtest: cancelling an in-flight reconnect prevents late popup or conversation changes
ok 6 - cancelling an in-flight reconnect prevents late popup or conversation changes
  ---
  duration_ms: 20.1308
  type: 'test'
  ...
# Subtest: Cancel aborts pending network work and immediate retry stays owned by the new attempt
ok 7 - Cancel aborts pending network work and immediate retry stays owned by the new attempt
  ---
  duration_ms: 18.3496
  type: 'test'
  ...
# Subtest: sidebar divider supports drag, keyboard bounds and remembered width
ok 8 - sidebar divider supports drag, keyboard bounds and remembered width
  ---
  duration_ms: 16.5406
  type: 'test'
  ...
# Subtest: browser forwards actual native file-proposal policy and clears unsupported legacy metadata without writes
ok 9 - browser forwards actual native file-proposal policy and clears unsupported legacy metadata without writes
  ---
  duration_ms: 1.1972
  type: 'test'
  ...
# Subtest: browser user skill commands use the selected session and stop publishing after disposal
ok 10 - browser user skill commands use the selected session and stop publishing after disposal
  ---
  duration_ms: 3.5116
  type: 'test'
  ...
# Subtest: conversation selection recovers the new provider catalogue after its native selection acknowledgement is retired
ok 11 - conversation selection recovers the new provider catalogue after its native selection acknowledgement is retired
  ---
  duration_ms: 4.4887
  type: 'test'
  ...
# Subtest: a second conversation/profile observation rejects the retired recovery catalogue and publishes only its current native binding
ok 12 - a second conversation/profile observation rejects the retired recovery catalogue and publishes only its current native binding
  ---
  duration_ms: 1.7401
  type: 'test'
  ...
# Subtest: browser imported key-only profiles guide the footer selection without a new-key error or provider calls
ok 13 - browser imported key-only profiles guide the footer selection without a new-key error or provider calls
  ---
  duration_ms: 0.4085
  type: 'test'
  ...
# Subtest: browser saved catalogue remains usable after settings close, new conversation and selection without automatic profile writes
ok 14 - browser saved catalogue remains usable after settings close, new conversation and selection without automatic profile writes
  ---
  duration_ms: 1.0376
  type: 'test'
  ...
# Subtest: browser footer provider command uses native profile CAS and saved-key discovery, with no automatic model enrollment
ok 15 - browser footer provider command uses native profile CAS and saved-key discovery, with no automatic model enrollment
  ---
  duration_ms: 1.415
  type: 'test'
  ...
# Subtest: browser graph resume requires displayed and freshly verified backend eligibility/CAS and never retries conflicts
ok 16 - browser graph resume requires displayed and freshly verified backend eligibility/CAS and never retries conflicts
  ---
  duration_ms: 0.5522
  type: 'test'
  ...
# Subtest: browser context control uses actual discovery and discards a stale session/model generation before compaction
ok 17 - browser context control uses actual discovery and discards a stale session/model generation before compaction
  ---
  duration_ms: 0.8121
  type: 'test'
  ...
# Subtest: browser binds raw human input and explicit final-human resume to actual displayed and freshly observed plan identities
ok 18 - browser binds raw human input and explicit final-human resume to actual displayed and freshly observed plan identities
  ---
  duration_ms: 3.2317
  type: 'test'
  ...
# Subtest: browser rejects stale CAS, changed question identity, duplicate keys, foreign roots and observation conflicts before any controller mutation
ok 19 - browser rejects stale CAS, changed question identity, duplicate keys, foreign roots and observation conflicts before any controller mutation
  ---
  duration_ms: 2.1136
  type: 'test'
  ...
# Subtest: browser generation change during a fresh plan check discards response and cannot answer the prior selected owner
ok 20 - browser generation change during a fresh plan check discards response and cannot answer the prior selected owner
  ---
  duration_ms: 0.4518
  type: 'test'
  ...
# Subtest: browser transient plan GET conflicts discard actions and retry only bounded read observation
ok 21 - browser transient plan GET conflicts discard actions and retry only bounded read observation
  ---
  duration_ms: 0.3738
  type: 'test'
  ...
# Subtest: owned observation rejects a same-session status for another root and selection resets cursor backlog
ok 22 - owned observation rejects a same-session status for another root and selection resets cursor backlog
  ---
  duration_ms: 0.5788
  type: 'test'
  ...
# Subtest: normal Agent shows native-owned investigations and drains terminal child history without a graph selection
ok 23 - normal Agent shows native-owned investigations and drains terminal child history without a graph selection
  ---
  duration_ms: 0.6178
  type: 'test'
  ...
# Subtest: profile conflicts refresh the displayed account and model without replaying the retained task
ok 24 - profile conflicts refresh the displayed account and model without replaying the retained task
  ---
  duration_ms: 0.8281
  type: 'test'
  ...
# Subtest: browser sends its known profile revision and retains the prompt when native admission rejects a stale view
ok 25 - browser sends its known profile revision and retains the prompt when native admission rejects a stale view
  ---
  duration_ms: 0.6085
  type: 'test'
  ...
# Subtest: browser Settings preserves the selected profile route through private discovery and footer enrollment
ok 26 - browser Settings preserves the selected profile route through private discovery and footer enrollment
  ---
  duration_ms: 3.7669
  type: 'test'
  ...
# Subtest: rename sends the displayed expected title only for the selected supported conversation and retains conflicts
ok 27 - rename sends the displayed expected title only for the selected supported conversation and retains conflicts
  ---
  duration_ms: 0.5731
  type: 'test'
  ...
# Subtest: Responses saved-key discovery and model selection preserve backend-reported wire
ok 28 - Responses saved-key discovery and model selection preserve backend-reported wire
  ---
  duration_ms: 1.0752
  type: 'test'
  ...
# Subtest: restoring the native view does not wait for provider catalogue discovery
ok 29 - restoring the native view does not wait for provider catalogue discovery
  ---
  duration_ms: 5.3448
  type: 'test'
  ...
# Subtest: view catches a completion between event and status reads and drains final events
ok 30 - view catches a completion between event and status reads and drains final events
  ---
  duration_ms: 0.3841
  type: 'test'
  ...
# Subtest: an obsolete view response cannot overwrite the next selection
ok 31 - an obsolete view response cannot overwrite the next selection
  ---
  duration_ms: 0.1366
  type: 'test'
  ...
# Subtest: provider key is consumed privately, IDs must come from discovery, disposal clears unsaved state
ok 32 - provider key is consumed privately, IDs must come from discovery, disposal clears unsaved state
  ---
  duration_ms: 0.7811
  type: 'test'
  ...
# Subtest: stale operation bytes cannot produce an approval request
ok 33 - stale operation bytes cannot produce an approval request
  ---
  duration_ms: 0.2878
  type: 'test'
  ...
# Subtest: browser patch comparison revalidates owned snapshots and never submits approval
ok 34 - browser patch comparison revalidates owned snapshots and never submits approval
  ---
  duration_ms: 0.7502
  type: 'test'
  ...
# Subtest: browser cannot compare malformed patch absence and missing batch manifest
ok 35 - browser cannot compare malformed patch absence and missing batch manifest
  ---
  duration_ms: 1.406
  type: 'test'
  ...
# Subtest: session skill controls expose only exact GET and POST routes
ok 36 - session skill controls expose only exact GET and POST routes
  ---
  duration_ms: 18.8517
  type: 'test'
  ...
# Subtest: workspace skill catalogue is an exact read-only browser route
ok 37 - workspace skill catalogue is an exact read-only browser route
  ---
  duration_ms: 0.2318
  type: 'test'
  ...
# Subtest: context and graph-resume view allowlist restricts methods and exposes no checkpoint/state mutation route
ok 38 - context and graph-resume view allowlist restricts methods and exposes no checkpoint/state mutation route
  ---
  duration_ms: 0.2476
  type: 'test'
  ...
# Subtest: planning view allowlist exposes only scoped observation, human input and resume methods
ok 39 - planning view allowlist exposes only scoped observation, human input and resume methods
  ---
  duration_ms: 0.2046
  type: 'test'
  ...
# Subtest: view forwards only allowed planning requests at the configured native origin and keeps durable cookie authentication
ok 40 - view forwards only allowed planning requests at the configured native origin and keeps durable cookie authentication
  ---
  duration_ms: 126.5188
  type: 'test'
  ...
# Subtest: browser adapter forwards durable native view credentials across restart without retaining the master token
not ok 41 - browser adapter forwards durable native view credentials across restart without retaining the master token
  ---
  duration_ms: 35.4021
  type: 'test'
  location: 'D:\\CantorAI2026\\xMind\\views\\browser\\tests\\server.test.cjs:6:1'
  failureType: 'testCodeFailure'
  error: "ENOENT: no such file or directory, realpath 'D:\\CantorAI2026\\xMind\\.agentflow\\browser-assets\\patch-review.js'"
  code: 'ENOENT'
  stack: |-
    async realpath (node:internal/fs/promises:1172:10)
    async readAssets (file:///D:/CantorAI2026/xMind/views/browser/server.mjs:19:135)
    async createBrowserServer (file:///D:/CantorAI2026/xMind/views/browser/server.mjs:20:12)
    async TestContext.<anonymous> (D:\CantorAI2026\xMind\views\browser\tests\server.test.cjs:28:10)
    async Test.run (node:internal/test_runner/test:1054:7)
    async startSubtestAfterBootstrap (node:internal/test_runner/harness:296:3)
  ...
1..41
# tests 41
# suites 0
# pass 40
# fail 1
# cancelled 0
# skipped 0
# todo 0
# duration_ms 935.2916
