TAP version 13
# Subtest: browser session client shares the committed parser using cookies without bearer access
ok 1 - browser session client shares the committed parser using cookies without bearer access
  ---
  duration_ms: 18.1909
  type: 'test'
  ...
# Subtest: browser cookie stream refuses invalid scope and pre-abort before fetch and reports expired access
ok 2 - browser cookie stream refuses invalid scope and pre-abort before fetch and reports expired access
  ---
  duration_ms: 0.6363
  type: 'test'
  ...
# Subtest: browser uses committed feed callbacks and stays idle without periodic observation requests
ok 3 - browser uses committed feed callbacks and stays idle without periodic observation requests
  ---
  duration_ms: 753.3028
  type: 'test'
  ...
# Subtest: browser selection retirement aborts the feed and rejects late events from that conversation
ok 4 - browser selection retirement aborts the feed and rejects late events from that conversation
  ---
  duration_ms: 1.6373
  type: 'test'
  ...
# Subtest: browser event arriving during a snapshot does not render that committed record twice
ok 5 - browser event arriving during a snapshot does not render that committed record twice
  ---
  duration_ms: 1.018
  type: 'test'
  ...
# Subtest: browser resolves new graph child ownership after an older snapshot finishes
ok 6 - browser resolves new graph child ownership after an older snapshot finishes
  ---
  duration_ms: 0.9229
  type: 'test'
  ...
# Subtest: browser graph initial snapshot reads committed events before child ownership
not ok 7 - browser graph initial snapshot reads committed events before child ownership
  ---
  duration_ms: 6.5355
  type: 'test'
  location: 'D:\\CantorAI2026\\xMind\\views\\browser\\tests\\controller.test.cjs:48:43'
  failureType: 'testCodeFailure'
  error: |-
    The expression evaluated to a falsy value:
    
      assert.ok(reads.indexOf('events')<reads.indexOf('children'))
    
  code: 'ERR_ASSERTION'
  name: 'AssertionError'
  expected: true
  actual: false
  operator: '=='
  stack: |-
    TestContext.<anonymous> (D:\CantorAI2026\xMind\views\browser\tests\controller.test.cjs:52:31)
    async Test.run (node:internal/test_runner/test:1054:7)
    async Test.processPendingSubtests (node:internal/test_runner/test:744:7)
  ...
# Subtest: browser graph terminal snapshot reads committed events before child ownership
not ok 8 - browser graph terminal snapshot reads committed events before child ownership
  ---
  duration_ms: 0.3191
  type: 'test'
  location: 'D:\\CantorAI2026\\xMind\\views\\browser\\tests\\controller.test.cjs:48:43'
  failureType: 'testCodeFailure'
  error: |-
    The expression evaluated to a falsy value:
    
      assert.ok(reads.indexOf('events')<reads.indexOf('children'))
    
  code: 'ERR_ASSERTION'
  name: 'AssertionError'
  expected: true
  actual: false
  operator: '=='
  stack: |-
    TestContext.<anonymous> (D:\CantorAI2026\xMind\views\browser\tests\controller.test.cjs:52:31)
    async Test.run (node:internal/test_runner/test:1054:7)
    async Test.processPendingSubtests (node:internal/test_runner/test:744:7)
  ...
# Subtest: browser graph snapshot still rejects an event without owned child metadata
ok 9 - browser graph snapshot still rejects an event without owned child metadata
  ---
  duration_ms: 0.4218
  type: 'test'
  ...
# Subtest: browser forwards actual native file-proposal policy and clears unsupported legacy metadata without writes
ok 10 - browser forwards actual native file-proposal policy and clears unsupported legacy metadata without writes
  ---
  duration_ms: 0.4931
  type: 'test'
  ...
# Subtest: browser user skill commands use the selected session and stop publishing after disposal
ok 11 - browser user skill commands use the selected session and stop publishing after disposal
  ---
  duration_ms: 1.9491
  type: 'test'
  ...
# Subtest: conversation selection recovers the new provider catalogue after its native selection acknowledgement is retired
ok 12 - conversation selection recovers the new provider catalogue after its native selection acknowledgement is retired
  ---
  duration_ms: 3.8138
  type: 'test'
  ...
# Subtest: a second conversation/profile observation rejects the retired recovery catalogue and publishes only its current native binding
ok 13 - a second conversation/profile observation rejects the retired recovery catalogue and publishes only its current native binding
  ---
  duration_ms: 1.0883
  type: 'test'
  ...
# Subtest: browser imported key-only profiles guide the footer selection without a new-key error or provider calls
ok 14 - browser imported key-only profiles guide the footer selection without a new-key error or provider calls
  ---
  duration_ms: 0.4435
  type: 'test'
  ...
# Subtest: browser saved catalogue remains usable after settings close, new conversation and selection without automatic profile writes
ok 15 - browser saved catalogue remains usable after settings close, new conversation and selection without automatic profile writes
  ---
  duration_ms: 1.0074
  type: 'test'
  ...
# Subtest: browser footer provider command uses native profile CAS and saved-key discovery, with no automatic model enrollment
ok 16 - browser footer provider command uses native profile CAS and saved-key discovery, with no automatic model enrollment
  ---
  duration_ms: 1.8254
  type: 'test'
  ...
# Subtest: browser graph resume requires displayed and freshly verified backend eligibility/CAS and never retries conflicts
ok 17 - browser graph resume requires displayed and freshly verified backend eligibility/CAS and never retries conflicts
  ---
  duration_ms: 0.4256
  type: 'test'
  ...
# Subtest: browser context control uses actual discovery and discards a stale session/model generation before compaction
ok 18 - browser context control uses actual discovery and discards a stale session/model generation before compaction
  ---
  duration_ms: 0.5149
  type: 'test'
  ...
# Subtest: browser binds raw human input and explicit final-human resume to actual displayed and freshly observed plan identities
ok 19 - browser binds raw human input and explicit final-human resume to actual displayed and freshly observed plan identities
  ---
  duration_ms: 2.9971
  type: 'test'
  ...
# Subtest: browser rejects stale CAS, changed question identity, duplicate keys, foreign roots and observation conflicts before any controller mutation
ok 20 - browser rejects stale CAS, changed question identity, duplicate keys, foreign roots and observation conflicts before any controller mutation
  ---
  duration_ms: 1.8068
  type: 'test'
  ...
# Subtest: browser generation change during a fresh plan check discards response and cannot answer the prior selected owner
ok 21 - browser generation change during a fresh plan check discards response and cannot answer the prior selected owner
  ---
  duration_ms: 0.368
  type: 'test'
  ...
# Subtest: browser transient plan GET conflicts discard actions and retry only bounded read observation
ok 22 - browser transient plan GET conflicts discard actions and retry only bounded read observation
  ---
  duration_ms: 0.3232
  type: 'test'
  ...
# Subtest: owned observation rejects a same-session status for another root and selection resets cursor backlog
ok 23 - owned observation rejects a same-session status for another root and selection resets cursor backlog
  ---
  duration_ms: 0.2989
  type: 'test'
  ...
# Subtest: normal Agent shows native-owned investigations and drains terminal child history without a graph selection
ok 24 - normal Agent shows native-owned investigations and drains terminal child history without a graph selection
  ---
  duration_ms: 0.6131
  type: 'test'
  ...
# Subtest: profile conflicts refresh the displayed account and model without replaying the retained task
ok 25 - profile conflicts refresh the displayed account and model without replaying the retained task
  ---
  duration_ms: 0.7169
  type: 'test'
  ...
# Subtest: browser sends its known profile revision and retains the prompt when native admission rejects a stale view
ok 26 - browser sends its known profile revision and retains the prompt when native admission rejects a stale view
  ---
  duration_ms: 0.2892
  type: 'test'
  ...
# Subtest: browser Settings preserves the selected profile route through private discovery and footer enrollment
ok 27 - browser Settings preserves the selected profile route through private discovery and footer enrollment
  ---
  duration_ms: 0.9228
  type: 'test'
  ...
# Subtest: rename sends the displayed expected title only for the selected supported conversation and retains conflicts
ok 28 - rename sends the displayed expected title only for the selected supported conversation and retains conflicts
  ---
  duration_ms: 0.3183
  type: 'test'
  ...
# Subtest: Responses saved-key discovery and model selection preserve backend-reported wire
ok 29 - Responses saved-key discovery and model selection preserve backend-reported wire
  ---
  duration_ms: 0.4382
  type: 'test'
  ...
# Subtest: restoring the native view does not wait for provider catalogue discovery
ok 30 - restoring the native view does not wait for provider catalogue discovery
  ---
  duration_ms: 3.2417
  type: 'test'
  ...
# Subtest: view catches a completion between event and status reads and drains final events
ok 31 - view catches a completion between event and status reads and drains final events
  ---
  duration_ms: 0.3598
  type: 'test'
  ...
# Subtest: an obsolete view response cannot overwrite the next selection
ok 32 - an obsolete view response cannot overwrite the next selection
  ---
  duration_ms: 0.1217
  type: 'test'
  ...
# Subtest: provider key is consumed privately, IDs must come from discovery, disposal clears unsaved state
ok 33 - provider key is consumed privately, IDs must come from discovery, disposal clears unsaved state
  ---
  duration_ms: 0.481
  type: 'test'
  ...
# Subtest: stale operation bytes cannot produce an approval request
ok 34 - stale operation bytes cannot produce an approval request
  ---
  duration_ms: 0.5744
  type: 'test'
  ...
# Subtest: browser patch comparison revalidates owned snapshots and never submits approval
ok 35 - browser patch comparison revalidates owned snapshots and never submits approval
  ---
  duration_ms: 0.7583
  type: 'test'
  ...
# Subtest: browser cannot compare malformed patch absence and missing batch manifest
ok 36 - browser cannot compare malformed patch absence and missing batch manifest
  ---
  duration_ms: 1.3886
  type: 'test'
  ...
1..36
# tests 36
# suites 0
# pass 34
# fail 2
# cancelled 0
# skipped 0
# todo 0
# duration_ms 817.57
