2026-10-10T06:10:28.6474768Z Current runner version: '2.337.0'
2026-10-10T06:10:28.6513056Z ##[group]Runner Image Provisioner
2026-10-10T06:10:28.6514291Z Hosted Compute Agent
2026-10-10T06:10:28.6515181Z Version: 20260901.588
2026-10-10T06:10:28.6516166Z Commit: f88ec8081b781fac6c440065ac7ff9e710ce3d0b
2026-10-10T06:10:28.6517304Z Build Date: 2026-09-01T19:56:44Z
2026-10-10T06:10:28.6518346Z Worker ID: {14dc68f5-613a-43f6-a5ab-d035201205e9}
2026-10-10T06:10:28.6519450Z Azure Region: northcentralus
2026-10-10T06:10:28.6520423Z ##[endgroup]
2026-10-10T06:10:28.6522418Z ##[group]Operating System
2026-10-10T06:10:28.6523453Z Microsoft Windows Server 2025
2026-10-10T06:10:28.6524854Z 10.0.26100
2026-10-10T06:10:28.6525664Z Datacenter
2026-10-10T06:10:28.6526420Z ##[endgroup]
2026-10-10T06:10:28.6527325Z ##[group]Runner Image
2026-10-10T06:10:28.6528197Z Image: windows-2025-vs2026
2026-10-10T06:10:28.6529126Z Version: 20260925.250.1
2026-10-10T06:10:28.6531658Z Included Software: https://github.com/actions/runner-images/blob/win25-vs2026/20260925.250/images/windows/Windows2025-VS2026-Readme.md
2026-10-10T06:10:28.6534643Z Image Release: https://github.com/actions/runner-images/releases/tag/win25-vs2026%2F20260925.250
2026-10-10T06:10:28.6536381Z ##[endgroup]
2026-10-10T06:10:28.6538270Z ##[group]GITHUB_TOKEN Permissions
2026-10-10T06:10:28.6541217Z Contents: read
2026-10-10T06:10:28.6542318Z Metadata: read
2026-10-10T06:10:28.6543200Z ##[endgroup]
2026-10-10T06:10:28.6546635Z Secret source: Actions
2026-10-10T06:10:28.6548066Z Cache mode: write
2026-10-10T06:10:28.6549330Z Prepare workflow directory
2026-10-10T06:10:28.7057878Z Prepare all required actions
2026-10-10T06:10:28.7106497Z Getting action download info
2026-10-10T06:10:28.9123315Z Download action repository 'actions/checkout@d23441a48e516b6c34aea4fa41551a30e30af803' (SHA:d23441a48e516b6c34aea4fa41551a30e30af803)
2026-10-10T06:10:29.0362847Z Download action repository 'actions/setup-node@249970729cb0ef3589644e2896645e5dc5ba9c38' (SHA:249970729cb0ef3589644e2896645e5dc5ba9c38)
2026-10-10T06:10:29.1950882Z Download action repository 'actions/upload-artifact@b7c566a772e6b6bfb58ed0dc250532a479d7789f' (SHA:b7c566a772e6b6bfb58ed0dc250532a479d7789f)
2026-10-10T06:10:29.5256791Z Complete job name: views
2026-10-10T06:10:29.6703698Z ##[group]Run actions/checkout@d23441a48e516b6c34aea4fa41551a30e30af803
2026-10-10T06:10:29.6704882Z with:
2026-10-10T06:10:29.6705275Z   path: xmind
2026-10-10T06:10:29.6705694Z   persist-credentials: false
2026-10-10T06:10:29.6706190Z   repository: xlang-foundation/xMind
2026-10-10T06:10:29.6710107Z   token: ***
2026-10-10T06:10:29.6710510Z   ssh-strict: true
2026-10-10T06:10:29.6710910Z   ssh-user: git
2026-10-10T06:10:29.6711296Z   clean: true
2026-10-10T06:10:29.6711707Z   sparse-checkout-cone-mode: true
2026-10-10T06:10:29.6712286Z   fetch-depth: 1
2026-10-10T06:10:29.6712744Z   fetch-tags: false
2026-10-10T06:10:29.6713160Z   show-progress: true
2026-10-10T06:10:29.6713577Z   lfs: false
2026-10-10T06:10:29.6713957Z   submodules: false
2026-10-10T06:10:29.6714395Z   set-safe-directory: true
2026-10-10T06:10:29.6714874Z   allow-unsafe-pr-checkout: false
2026-10-10T06:10:29.6715584Z ##[endgroup]
2026-10-10T06:10:29.8254341Z Syncing repository: xlang-foundation/xMind
2026-10-10T06:10:29.8256709Z ##[group]Getting Git version info
2026-10-10T06:10:29.8257345Z Working directory is 'D:\a\xMind\xMind\xmind'
2026-10-10T06:10:29.9089320Z [command]"C:\Program Files\Git\bin\git.exe" version
2026-10-10T06:10:30.0480857Z git version 2.55.0.windows.5
2026-10-10T06:10:30.0528911Z ##[endgroup]
2026-10-10T06:10:30.0548152Z Temporarily overriding HOME='D:\a\_temp\a0c55daf-bc28-433d-910f-7d34370e8d89' before making global git config changes
2026-10-10T06:10:30.0549441Z Adding repository directory to the temporary git global config as a safe directory
2026-10-10T06:10:30.0558754Z [command]"C:\Program Files\Git\bin\git.exe" config --global --add safe.directory D:\a\xMind\xMind\xmind
2026-10-10T06:10:30.0890910Z ##[group]Determining repository object format
2026-10-10T06:10:30.0895802Z ##[endgroup]
2026-10-10T06:10:30.0897054Z ##[group]Initializing the repository
2026-10-10T06:10:30.0905443Z [command]"C:\Program Files\Git\bin\git.exe" init D:\a\xMind\xMind\xmind
2026-10-10T06:10:30.1459290Z Initialized empty Git repository in D:/a/xMind/xMind/xmind/.git/
2026-10-10T06:10:30.1502600Z [command]"C:\Program Files\Git\bin\git.exe" remote add origin https://github.com/xlang-foundation/xMind
2026-10-10T06:10:30.1845365Z ##[endgroup]
2026-10-10T06:10:30.1846188Z ##[group]Disabling automatic garbage collection
2026-10-10T06:10:30.1854718Z [command]"C:\Program Files\Git\bin\git.exe" config --local gc.auto 0
2026-10-10T06:10:30.2169454Z ##[endgroup]
2026-10-10T06:10:30.2170512Z ##[group]Setting up auth
2026-10-10T06:10:30.2171178Z Removing SSH command configuration
2026-10-10T06:10:30.2186860Z [command]"C:\Program Files\Git\bin\git.exe" config --local --name-only --get-regexp core\.sshCommand
2026-10-10T06:10:30.2548364Z [command]"C:\Program Files\Git\bin\git.exe" submodule foreach --recursive "sh -c \"git config --local --name-only --get-regexp 'core\.sshCommand' && git config --local --unset-all 'core.sshCommand' || :\""
2026-10-10T06:10:31.3049359Z Removing HTTP extra header
2026-10-10T06:10:31.3059518Z [command]"C:\Program Files\Git\bin\git.exe" config --local --name-only --get-regexp http\.https\:\/\/github\.com\/\.extraheader
2026-10-10T06:10:31.3349037Z [command]"C:\Program Files\Git\bin\git.exe" submodule foreach --recursive "sh -c \"git config --local --name-only --get-regexp 'http\.https\:\/\/github\.com\/\.extraheader' && git config --local --unset-all 'http.https://github.com/.extraheader' || :\""
2026-10-10T06:10:31.8954821Z Removing includeIf entries pointing to credentials config files
2026-10-10T06:10:31.8965393Z [command]"C:\Program Files\Git\bin\git.exe" config --local --name-only --get-regexp ^includeIf\.gitdir:
2026-10-10T06:10:31.9281084Z [command]"C:\Program Files\Git\bin\git.exe" submodule foreach --recursive "git config --local --show-origin --name-only --get-regexp remote.origin.url"
2026-10-10T06:10:32.4768389Z [command]"C:\Program Files\Git\bin\git.exe" config --file D:\a\_temp\git-credentials-0b7825e6-3da4-40fe-935f-f0b23db2ba68.config http.https://github.com/.extraheader "AUTHORIZATION: basic ***"
2026-10-10T06:10:32.5073445Z [command]"C:\Program Files\Git\bin\git.exe" config --local includeIf.gitdir:D:/a/xMind/xMind/xmind/.git.path D:\a\_temp\git-credentials-0b7825e6-3da4-40fe-935f-f0b23db2ba68.config
2026-10-10T06:10:32.5388570Z [command]"C:\Program Files\Git\bin\git.exe" config --local includeIf.gitdir:D:/a/xMind/xMind/xmind/.git/worktrees/*.path D:\a\_temp\git-credentials-0b7825e6-3da4-40fe-935f-f0b23db2ba68.config
2026-10-10T06:10:32.5700505Z [command]"C:\Program Files\Git\bin\git.exe" config --local includeIf.gitdir:/github/workspace/xmind/.git.path /github/runner_temp/git-credentials-0b7825e6-3da4-40fe-935f-f0b23db2ba68.config
2026-10-10T06:10:32.5996866Z [command]"C:\Program Files\Git\bin\git.exe" config --local includeIf.gitdir:/github/workspace/xmind/.git/worktrees/*.path /github/runner_temp/git-credentials-0b7825e6-3da4-40fe-935f-f0b23db2ba68.config
2026-10-10T06:10:32.6283830Z ##[endgroup]
2026-10-10T06:10:32.6284407Z ##[group]Fetching the repository
2026-10-10T06:10:32.6297743Z [command]"C:\Program Files\Git\bin\git.exe" -c protocol.version=2 fetch --no-tags --prune --no-recurse-submodules --depth=1 origin +73ccf9020f0b9fcb1579382ba9c70811e93ede01:refs/remotes/origin/checkpoint/native-persistence-m1
2026-10-10T06:10:34.2608612Z From https://github.com/xlang-foundation/xMind
2026-10-10T06:10:34.2649668Z  * [new ref]         73ccf9020f0b9fcb1579382ba9c70811e93ede01 -> origin/checkpoint/native-persistence-m1
2026-10-10T06:10:34.2662169Z [command]"C:\Program Files\Git\bin\git.exe" branch --list --remote origin/checkpoint/native-persistence-m1
2026-10-10T06:10:34.2954467Z   origin/checkpoint/native-persistence-m1
2026-10-10T06:10:34.3006139Z [command]"C:\Program Files\Git\bin\git.exe" rev-parse refs/remotes/origin/checkpoint/native-persistence-m1
2026-10-10T06:10:34.3284760Z 73ccf9020f0b9fcb1579382ba9c70811e93ede01
2026-10-10T06:10:34.3317082Z ##[endgroup]
2026-10-10T06:10:34.3317862Z ##[group]Determining the checkout info
2026-10-10T06:10:34.3319491Z ##[endgroup]
2026-10-10T06:10:34.3329733Z [command]"C:\Program Files\Git\bin\git.exe" sparse-checkout disable
2026-10-10T06:10:34.3734506Z [command]"C:\Program Files\Git\bin\git.exe" config --local --unset-all extensions.worktreeConfig
2026-10-10T06:10:34.4053868Z ##[group]Checking out the ref
2026-10-10T06:10:34.4063621Z [command]"C:\Program Files\Git\bin\git.exe" checkout --progress --force -B checkpoint/native-persistence-m1 refs/remotes/origin/checkpoint/native-persistence-m1
2026-10-10T06:10:35.4464394Z Updating files:  98% (3450/3491)
2026-10-10T06:10:35.4589050Z Updating files:  99% (3457/3491)
2026-10-10T06:10:35.4590744Z Updating files: 100% (3491/3491)
2026-10-10T06:10:35.4591219Z Updating files: 100% (3491/3491), done.
2026-10-10T06:10:35.4774365Z Switched to a new branch 'checkpoint/native-persistence-m1'
2026-10-10T06:10:35.4799948Z branch 'checkpoint/native-persistence-m1' set up to track 'origin/checkpoint/native-persistence-m1'.
2026-10-10T06:10:35.4875498Z ##[endgroup]
2026-10-10T06:10:35.5228866Z [command]"C:\Program Files\Git\bin\git.exe" log -1 --format=%H
2026-10-10T06:10:35.5514459Z 73ccf9020f0b9fcb1579382ba9c70811e93ede01
2026-10-10T06:10:35.5554344Z ##[group]Removing auth
2026-10-10T06:10:35.5554706Z Removing SSH command configuration
2026-10-10T06:10:35.5569840Z [command]"C:\Program Files\Git\bin\git.exe" config --local --name-only --get-regexp core\.sshCommand
2026-10-10T06:10:35.5881161Z [command]"C:\Program Files\Git\bin\git.exe" submodule foreach --recursive "sh -c \"git config --local --name-only --get-regexp 'core\.sshCommand' && git config --local --unset-all 'core.sshCommand' || :\""
2026-10-10T06:10:36.2056890Z Removing HTTP extra header
2026-10-10T06:10:36.2066085Z [command]"C:\Program Files\Git\bin\git.exe" config --local --name-only --get-regexp http\.https\:\/\/github\.com\/\.extraheader
2026-10-10T06:10:36.2401125Z [command]"C:\Program Files\Git\bin\git.exe" submodule foreach --recursive "sh -c \"git config --local --name-only --get-regexp 'http\.https\:\/\/github\.com\/\.extraheader' && git config --local --unset-all 'http.https://github.com/.extraheader' || :\""
2026-10-10T06:10:36.7853225Z Removing includeIf entries pointing to credentials config files
2026-10-10T06:10:36.7863915Z [command]"C:\Program Files\Git\bin\git.exe" config --local --name-only --get-regexp ^includeIf\.gitdir:
2026-10-10T06:10:36.8127080Z includeif.gitdir:D:/a/xMind/xMind/xmind/.git.path
2026-10-10T06:10:36.8127934Z includeif.gitdir:D:/a/xMind/xMind/xmind/.git/worktrees/*.path
2026-10-10T06:10:36.8128712Z includeif.gitdir:/github/workspace/xmind/.git.path
2026-10-10T06:10:36.8129426Z includeif.gitdir:/github/workspace/xmind/.git/worktrees/*.path
2026-10-10T06:10:36.8168213Z [command]"C:\Program Files\Git\bin\git.exe" config --local --get-all includeif.gitdir:D:/a/xMind/xMind/xmind/.git.path
2026-10-10T06:10:36.8447491Z D:\a\_temp\git-credentials-0b7825e6-3da4-40fe-935f-f0b23db2ba68.config
2026-10-10T06:10:36.8489440Z [command]"C:\Program Files\Git\bin\git.exe" config --local --unset includeif.gitdir:D:/a/xMind/xMind/xmind/.git.path D:\a\_temp\git-credentials-0b7825e6-3da4-40fe-935f-f0b23db2ba68.config
2026-10-10T06:10:36.8794338Z [command]"C:\Program Files\Git\bin\git.exe" config --local --get-all includeif.gitdir:D:/a/xMind/xMind/xmind/.git/worktrees/*.path
2026-10-10T06:10:36.9052062Z D:\a\_temp\git-credentials-0b7825e6-3da4-40fe-935f-f0b23db2ba68.config
2026-10-10T06:10:36.9092051Z [command]"C:\Program Files\Git\bin\git.exe" config --local --unset includeif.gitdir:D:/a/xMind/xMind/xmind/.git/worktrees/*.path D:\a\_temp\git-credentials-0b7825e6-3da4-40fe-935f-f0b23db2ba68.config
2026-10-10T06:10:36.9391502Z [command]"C:\Program Files\Git\bin\git.exe" config --local --get-all includeif.gitdir:/github/workspace/xmind/.git.path
2026-10-10T06:10:36.9657438Z /github/runner_temp/git-credentials-0b7825e6-3da4-40fe-935f-f0b23db2ba68.config
2026-10-10T06:10:36.9706566Z [command]"C:\Program Files\Git\bin\git.exe" config --local --unset includeif.gitdir:/github/workspace/xmind/.git.path /github/runner_temp/git-credentials-0b7825e6-3da4-40fe-935f-f0b23db2ba68.config
2026-10-10T06:10:37.0034345Z [command]"C:\Program Files\Git\bin\git.exe" config --local --get-all includeif.gitdir:/github/workspace/xmind/.git/worktrees/*.path
2026-10-10T06:10:37.0299220Z /github/runner_temp/git-credentials-0b7825e6-3da4-40fe-935f-f0b23db2ba68.config
2026-10-10T06:10:37.0339244Z [command]"C:\Program Files\Git\bin\git.exe" config --local --unset includeif.gitdir:/github/workspace/xmind/.git/worktrees/*.path /github/runner_temp/git-credentials-0b7825e6-3da4-40fe-935f-f0b23db2ba68.config
2026-10-10T06:10:37.0646787Z [command]"C:\Program Files\Git\bin\git.exe" submodule foreach --recursive "git config --local --show-origin --name-only --get-regexp remote.origin.url"
2026-10-10T06:10:37.5970031Z Removing credentials config 'D:\a\_temp\git-credentials-0b7825e6-3da4-40fe-935f-f0b23db2ba68.config'
2026-10-10T06:10:37.5982274Z ##[endgroup]
2026-10-10T06:10:37.6403136Z ##[group]Run actions/setup-node@249970729cb0ef3589644e2896645e5dc5ba9c38
2026-10-10T06:10:37.6403840Z with:
2026-10-10T06:10:37.6404021Z   node-version: 22
2026-10-10T06:10:37.6404226Z   check-latest: false
2026-10-10T06:10:37.6407003Z   token: ***
2026-10-10T06:10:37.6407293Z   package-manager-cache: true
2026-10-10T06:10:37.6407529Z ##[endgroup]
2026-10-10T06:10:37.8147406Z Found in cache @ C:\hostedtoolcache\windows\node\22.23.3\x64
2026-10-10T06:10:37.8153564Z ##[group]Environment details
2026-10-10T06:10:42.1049270Z node: v22.23.3
2026-10-10T06:10:42.1049651Z npm: 10.9.9
2026-10-10T06:10:42.1049933Z yarn: 1.22.22
2026-10-10T06:10:42.1050556Z ##[endgroup]
2026-10-10T06:10:42.1370230Z ##[group]Run npm ci --prefix extensions/vscode --ignore-scripts --no-audit --no-fund
2026-10-10T06:10:42.1370987Z [36;1mnpm ci --prefix extensions/vscode --ignore-scripts --no-audit --no-fund[0m
2026-10-10T06:10:42.1371408Z [36;1mexit $LASTEXITCODE[0m
2026-10-10T06:10:42.1521786Z shell: C:\Program Files\PowerShell\7\pwsh.EXE -command ". '{0}'"
2026-10-10T06:10:42.1522156Z ##[endgroup]
2026-10-10T06:10:46.3552640Z npm warn deprecated whatwg-encoding@3.1.1: Use @exodus/bytes instead for a more spec-conformant and faster implementation
2026-10-10T06:10:47.2785425Z npm warn deprecated prebuild-install@7.1.3: No longer maintained. Please contact the author of the relevant native addon; alternatives are available.
2026-10-10T06:10:54.8916879Z 
2026-10-10T06:10:54.8917480Z added 325 packages in 12s
2026-10-10T06:10:56.1021051Z ##[group]Run node views/browser/build.mjs build/view-assets
2026-10-10T06:10:56.1021567Z [36;1mnode views/browser/build.mjs build/view-assets[0m
2026-10-10T06:10:56.1021883Z [36;1mexit $LASTEXITCODE[0m
2026-10-10T06:10:56.1096971Z shell: C:\Program Files\PowerShell\7\pwsh.EXE -command ". '{0}'"
2026-10-10T06:10:56.1097324Z ##[endgroup]
2026-10-10T06:10:56.5030524Z Browser view assets built at D:\a\xMind\xMind\xmind\build\view-assets
2026-10-10T06:10:56.5744202Z ##[group]Run node Tools/ci-views.mjs
2026-10-10T06:10:56.5744620Z [36;1mnode Tools/ci-views.mjs[0m
2026-10-10T06:10:56.5744870Z [36;1mexit $LASTEXITCODE[0m
2026-10-10T06:10:56.5831790Z shell: C:\Program Files\PowerShell\7\pwsh.EXE -command ". '{0}'"
2026-10-10T06:10:56.5832650Z ##[endgroup]
2026-10-10T06:11:03.8752806Z {"sourceRevision":"73ccf9020f0b9fcb1579382ba9c70811e93ede01","scope":"Complete isolated Node adapter/controller suites; fixtures are synthetic, not native inference, live browser or rendered IDE acceptance","sourceFiles":47,"trackedSourceFiles":45,"vendorFiles":2,"browserAssets":12,"sourceAndAssetBytesUnchanged":true,"extension":{"exitCode":0,"tests":257,"passed":257,"failed":0,"skipped":0,"cancelled":0},"browser":{"exitCode":0,"tests":55,"passed":55,"failed":0,"skipped":0,"cancelled":0},"providerRequests":0,"nativeExecuted":false,"cpythonExecuted":false,"passed":true}
2026-10-10T06:11:03.9454229Z ##[group]Run actions/upload-artifact@b7c566a772e6b6bfb58ed0dc250532a479d7789f
2026-10-10T06:11:03.9454693Z with:
2026-10-10T06:11:03.9455031Z   name: view-contracts-evidence-73ccf9020f0b9fcb1579382ba9c70811e93ede01
2026-10-10T06:11:03.9455511Z   path: xmind/build/ci-evidence/views/
xmind/build/view-assets/

2026-10-10T06:11:03.9455858Z   if-no-files-found: warn
2026-10-10T06:11:03.9456064Z   retention-days: 14
2026-10-10T06:11:03.9456254Z   compression-level: 6
2026-10-10T06:11:03.9456440Z   overwrite: false
2026-10-10T06:11:03.9456628Z   include-hidden-files: false
2026-10-10T06:11:03.9456845Z ##[endgroup]
2026-10-10T06:11:04.1523741Z Multiple search paths detected. Calculating the least common ancestor of all paths
2026-10-10T06:11:04.1526508Z The least common ancestor is D:\a\xMind\xMind\xmind\build. This will be the root directory of the artifact
2026-10-10T06:11:04.1528603Z With the provided path, there will be 19 files uploaded
2026-10-10T06:11:04.1560154Z Artifact name is valid!
2026-10-10T06:11:04.1561182Z Root directory input is valid!
2026-10-10T06:11:04.4034040Z Beginning upload of artifact content to blob storage
2026-10-10T06:11:04.6599338Z Uploaded bytes 115884
2026-10-10T06:11:04.6947787Z Finished uploading artifact content to blob storage!
2026-10-10T06:11:04.6948992Z SHA256 digest of uploaded artifact zip is 118a5cad1d06b5bbbd9d5d27bc2b240bbfdc1bb3ea3fc71eb49a5a7e2b6b44e6
2026-10-10T06:11:04.6951676Z Finalizing artifact upload
2026-10-10T06:11:04.9886346Z Artifact view-contracts-evidence-73ccf9020f0b9fcb1579382ba9c70811e93ede01.zip successfully finalized. Artifact ID 11661891808
2026-10-10T06:11:04.9888534Z Artifact view-contracts-evidence-73ccf9020f0b9fcb1579382ba9c70811e93ede01 has been successfully uploaded! Final size is 115884 bytes. Artifact ID is 11661891808
2026-10-10T06:11:04.9895979Z Artifact download URL: https://github.com/xlang-foundation/xMind/actions/runs/38030012342/artifacts/11661891808
2026-10-10T06:11:05.0244629Z Post job cleanup.
2026-10-10T06:11:05.2119254Z Post job cleanup.
2026-10-10T06:11:05.4445915Z [command]"C:\Program Files\Git\bin\git.exe" version
2026-10-10T06:11:05.4714354Z git version 2.55.0.windows.5
2026-10-10T06:11:05.4785448Z Temporarily overriding HOME='D:\a\_temp\5e599b58-4325-4f45-ab8e-e09a933101c1' before making global git config changes
2026-10-10T06:11:05.4786533Z Adding repository directory to the temporary git global config as a safe directory
2026-10-10T06:11:05.4796843Z [command]"C:\Program Files\Git\bin\git.exe" config --global --add safe.directory D:\a\xMind\xMind\xmind
2026-10-10T06:11:05.5087510Z Removing SSH command configuration
2026-10-10T06:11:05.5098977Z [command]"C:\Program Files\Git\bin\git.exe" config --local --name-only --get-regexp core\.sshCommand
2026-10-10T06:11:05.5399082Z [command]"C:\Program Files\Git\bin\git.exe" submodule foreach --recursive "sh -c \"git config --local --name-only --get-regexp 'core\.sshCommand' && git config --local --unset-all 'core.sshCommand' || :\""
2026-10-10T06:11:06.0838211Z Removing HTTP extra header
2026-10-10T06:11:06.0848827Z [command]"C:\Program Files\Git\bin\git.exe" config --local --name-only --get-regexp http\.https\:\/\/github\.com\/\.extraheader
2026-10-10T06:11:06.1151673Z [command]"C:\Program Files\Git\bin\git.exe" submodule foreach --recursive "sh -c \"git config --local --name-only --get-regexp 'http\.https\:\/\/github\.com\/\.extraheader' && git config --local --unset-all 'http.https://github.com/.extraheader' || :\""
2026-10-10T06:11:06.6604822Z Removing includeIf entries pointing to credentials config files
2026-10-10T06:11:06.6618005Z [command]"C:\Program Files\Git\bin\git.exe" config --local --name-only --get-regexp ^includeIf\.gitdir:
2026-10-10T06:11:06.6874453Z includeif.gitdir:D:/a/xMind/xMind/xmind/.git.path
2026-10-10T06:11:06.6875286Z includeif.gitdir:D:/a/xMind/xMind/xmind/.git/worktrees/*.path
2026-10-10T06:11:06.6913672Z [command]"C:\Program Files\Git\bin\git.exe" config --local --get-all includeif.gitdir:D:/a/xMind/xMind/xmind/.git.path
2026-10-10T06:11:06.7162274Z D:\a\_temp\git-credentials-0b7825e6-3da4-40fe-935f-f0b23db2ba68.config
2026-10-10T06:11:06.7205562Z [command]"C:\Program Files\Git\bin\git.exe" config --local --unset includeif.gitdir:D:/a/xMind/xMind/xmind/.git.path D:\a\_temp\git-credentials-0b7825e6-3da4-40fe-935f-f0b23db2ba68.config
2026-10-10T06:11:06.7496948Z [command]"C:\Program Files\Git\bin\git.exe" config --local --get-all includeif.gitdir:D:/a/xMind/xMind/xmind/.git/worktrees/*.path
2026-10-10T06:11:06.7745748Z D:\a\_temp\git-credentials-0b7825e6-3da4-40fe-935f-f0b23db2ba68.config
2026-10-10T06:11:06.7784362Z [command]"C:\Program Files\Git\bin\git.exe" config --local --unset includeif.gitdir:D:/a/xMind/xMind/xmind/.git/worktrees/*.path D:\a\_temp\git-credentials-0b7825e6-3da4-40fe-935f-f0b23db2ba68.config
2026-10-10T06:11:06.8080459Z [command]"C:\Program Files\Git\bin\git.exe" submodule foreach --recursive "git config --local --show-origin --name-only --get-regexp remote.origin.url"
2026-10-10T06:11:07.3347605Z Removing credentials config 'D:\a\_temp\git-credentials-0b7825e6-3da4-40fe-935f-f0b23db2ba68.config'
2026-10-10T06:11:07.3584184Z Cleaning up orphan processes
