Test project D:/CantorAI2026/xMind/build/skill-state-native
      Start  18: native_context_cli_contract
 1/10 Test  #18: native_context_cli_contract ............   Passed    0.42 sec
      Start  84: native_http_cli_contract
 2/10 Test  #84: native_http_cli_contract ...............   Passed    2.60 sec
      Start  85: native_unified_program_contract
 3/10 Test  #85: native_unified_program_contract ........   Passed    1.41 sec
      Start  86: native_unified_patch_http_contract
 4/10 Test  #86: native_unified_patch_http_contract .....   Passed    3.69 sec
      Start  87: native_unified_graph_http_contract
 5/10 Test  #87: native_unified_graph_http_contract .....   Passed    7.88 sec
      Start  88: native_unified_mcp_http_contract
 6/10 Test  #88: native_unified_mcp_http_contract .......   Passed    2.32 sec
      Start  89: native_console_workspace_contract
 7/10 Test  #89: native_console_workspace_contract ......   Passed    1.20 sec
      Start  90: native_local_profile_contract
 8/10 Test  #90: native_local_profile_contract ..........   Passed   78.39 sec
      Start 101: native_runtime_generation_contract
 9/10 Test #101: native_runtime_generation_contract .....   Passed    5.70 sec
      Start 106: native_provider_profile_cli_contract
10/10 Test #106: native_provider_profile_cli_contract ...   Passed    4.03 sec

100% tests passed, 0 tests failed out of 10

Total Test time (real) = 107.66 sec
