10/52 Test #10: native_a2a_v1_http_contract .................   Passed    1.05 sec
11/52 Test #11: native_responses_agent_http_contract ........   Passed    1.81 sec
12/52 Test #12: native_graph_service_http_contract ..........   Passed    7.00 sec
13/52 Test #13: native_provider_cli_contract ................   Passed    0.85 sec
14/52 Test #14: native_provider_setup_contract ..............   Passed    1.67 sec
15/52 Test #15: native_graph_runner_contract ................   Passed    4.47 sec
16/52 Test #16: native_graph_checkpoint_contract ............   Passed    1.12 sec
17/52 Test #17: native_graph_children_contract ..............   Passed    1.11 sec
18/52 Test #18: native_graph_contract .......................   Passed    0.87 sec
19/52 Test #19: native_instruction_configuration_contract ...   Passed    0.87 sec
20/52 Test #20: native_process_configuration_contract .......   Passed    8.06 sec
21/52 Test #21: native_process_executor_contract ............   Passed    7.99 sec
22/52 Test #22: native_agent_process_http_contract ..........   Passed    3.55 sec
23/52 Test #23: native_process_adapter_contract .............   Passed    4.16 sec
24/52 Test #24: native_mcp_configuration_contract ...........   Passed    0.20 sec
25/52 Test #25: native_schema_worker_contract ...............   Passed    2.34 sec
26/52 Test #26: native_mcp_stdio_contract ...................   Passed    3.05 sec
27/52 Test #27: native_mcp_handshake_contract ...............   Passed    0.77 sec
28/52 Test #28: native_mcp_client_contract ..................   Passed    0.98 sec
29/52 Test #29: native_mcp_effect_contract ..................   Passed    7.56 sec
30/52 Test #30: native_agent_service_contract ...............   Passed    0.36 sec
31/52 Test #31: native_agent_runner_contract ................   Passed    1.38 sec
32/52 Test #32: native_create_executor_contract .............   Passed    1.28 sec
33/52 Test #33: native_edit_executor_contract ...............   Passed    0.83 sec
34/52 Test #34: native_approved_edit_http_contract ..........   Passed    1.16 sec
35/52 Test #35: native_workspace_tools_contract .............   Passed    0.86 sec
36/52 Test #36: native_repository_instructions_contract .....   Passed    0.43 sec
37/52 Test #37: native_chat_provider_contract ...............   Passed    0.14 sec
38/52 Test #38: native_http_stream_transport_contract .......   Passed    5.45 sec
39/52 Test #39: native_agent_http_contract ..................   Passed    9.14 sec
40/52 Test #40: native_agent_edit_http_contract .............   Passed   12.80 sec
41/52 Test #41: native_agent_mcp_http_contract ..............   Passed    2.80 sec
42/52 Test #42: native_mcp_sdk_modern_contract ..............   Passed    3.35 sec
43/52 Test #43: native_mcp_sdk_legacy_contract ..............   Passed    3.39 sec
44/52 Test #44: native_http_cli_contract ....................   Passed    2.24 sec
45/52 Test #45: embedded_xlang_sqlite_contract ..............   Passed    0.05 sec
46/52 Test #46: native_incoming_repository_contract .........   Passed    0.60 sec
47/52 Test #47: native_task_list_repository_contract ........   Passed    0.78 sec
48/52 Test #48: native_permission_waiter_contract ...........   Passed    1.09 sec
49/52 Test #49: native_operation_repository_contract ........   Passed    2.68 sec
50/52 Test #50: xlang_repository_contract ...................   Passed    0.55 sec
51/52 Test #51: persistence_service_contract ................   Passed    4.41 sec
52/52 Test #52: encrypted_credential_repository_contract ....   Passed    0.96 sec
100% tests passed, 0 tests failed out of 52
Total Test time (real) = 123.44 sec
2026-10-08T01:58:26.9390481Z # tests 73
2026-10-08T01:58:26.9390885Z # pass 73
2026-10-08T01:58:26.9391062Z # fail 0
2026-10-08T01:58:26.9391883Z # skipped 0
# tests 14
# pass 14
# fail 0
# skipped 0
Browser VSIX verified: 18 required access/renderer/license assets and shared-backend command; no private state.
