      Start 12: native_graph_service_http_contract
12/52 Test #12: native_graph_service_http_contract ..........   Passed    9.85 sec
20/52 Test #20: native_process_configuration_contract .......   Passed    0.50 sec
      Start 21: native_process_executor_contract
21/52 Test #21: native_process_executor_contract ............***Failed   45.07 sec
node:internal/child_process:1120
    result.error = new ErrnoException(result.error, 'spawnSync ' + options.file);
                   ^

Error: spawnSync D:/a/xMind/xMind/xmind/build/native/Release/agentflow_process_executor_contract.exe ETIMEDOUT
    at Object.spawnSync (node:internal/child_process:1120:20)
    at spawnSync (node:child_process:902:24)
    at file:///D:/a/xMind/xMind/xmind/Native/tests/process_executor_peer.mjs:9:16
    at ModuleJob.run (node:internal/modules/esm/module_job:343:25)
    at async onImport.tracePromise.__proto__ (node:internal/modules/esm/loader:681:26)
    at async asyncRunEntryPointWithESMLoader (node:internal/modules/run_main:117:5) {
  errno: -4039,
  code: 'ETIMEDOUT',
  syscall: 'spawnSync D:/a/xMind/xMind/xmind/build/native/Release/agentflow_process_executor_contract.exe',
  path: 'D:/a/xMind/xMind/xmind/build/native/Release/agentflow_process_executor_contract.exe',
  spawnargs: [
    'C:/hostedtoolcache/windows/node/22.23.3/x64/node.exe',
    'D:/a/xMind/xMind/xmind/Native/tests/process_peer.mjs',
    'C:\\Users\\RUNNER~1\\AppData\\Local\\Temp\\xmind-approved-process-74fEPb\\workspace',
    'D:/a/xMind/xMind/xlang3/build/Release/modules',
    'D:/a/xMind/xMind/stdlib-source/Lib'
  ]
}

Node.js v22.23.3

36/52 Test #36: native_repository_instructions_contract .....   Passed    0.44 sec
      Start 37: native_chat_provider_contract
37/52 Test #37: native_chat_provider_contract ...............   Passed    0.16 sec
      Start 38: native_http_stream_transport_contract
38/52 Test #38: native_http_stream_transport_contract .......   Passed   14.74 sec
      Start 39: native_agent_http_contract
98% tests passed, 1 tests failed out of 52

Total Test time (real) = 186.49 sec

The following tests FAILED:
	 21 - native_process_executor_contract (Failed)
Errors while running CTest
