2026-10-08T00:16:21.6458664Z 10/52 Test #10: native_a2a_v1_http_contract .................   Passed    1.20 sec
2026-10-08T00:16:23.0543545Z 11/52 Test #11: native_responses_agent_http_contract ........   Passed    1.41 sec
2026-10-08T00:16:26.3022979Z 12/52 Test #12: native_graph_service_http_contract ..........   Passed    3.25 sec
2026-10-08T00:16:26.8027026Z 13/52 Test #13: native_provider_cli_contract ................   Passed    0.50 sec
2026-10-08T00:16:28.0080184Z 14/52 Test #14: native_provider_setup_contract ..............   Passed    1.20 sec
2026-10-08T00:16:31.7600675Z 15/52 Test #15: native_graph_runner_contract ................   Passed    3.75 sec
2026-10-08T00:16:32.4916721Z 16/52 Test #16: native_graph_checkpoint_contract ............   Passed    0.73 sec
2026-10-08T00:16:33.0933437Z 17/52 Test #17: native_graph_children_contract ..............   Passed    0.60 sec
2026-10-08T00:16:33.6620502Z 18/52 Test #18: native_graph_contract .......................   Passed    0.57 sec
2026-10-08T00:16:34.0144296Z 19/52 Test #19: native_instruction_configuration_contract ...   Passed    0.35 sec
2026-10-08T00:16:34.2066577Z 20/52 Test #20: native_process_configuration_contract .......   Passed    0.19 sec
2026-10-08T00:16:41.1067831Z 21/52 Test #21: native_process_executor_contract ............   Passed    6.90 sec
2026-10-08T00:16:44.4522063Z 22/52 Test #22: native_agent_process_http_contract ..........   Passed    3.34 sec
2026-10-08T00:16:48.7448999Z 23/52 Test #23: native_process_adapter_contract .............   Passed    4.29 sec
2026-10-08T00:16:49.4507367Z 24/52 Test #24: native_mcp_configuration_contract ...........   Passed    0.70 sec
2026-10-08T00:16:51.8728350Z 25/52 Test #25: native_schema_worker_contract ...............   Passed    2.42 sec
2026-10-08T00:16:55.0111901Z 26/52 Test #26: native_mcp_stdio_contract ...................   Passed    3.14 sec
2026-10-08T00:16:55.9245626Z 27/52 Test #27: native_mcp_handshake_contract ...............   Passed    0.91 sec
2026-10-08T00:16:57.0462586Z 28/52 Test #28: native_mcp_client_contract ..................   Passed    1.12 sec
2026-10-08T00:17:09.7774328Z 29/52 Test #29: native_mcp_effect_contract ..................   Passed   12.73 sec
2026-10-08T00:17:10.1409998Z 30/52 Test #30: native_agent_service_contract ...............   Passed    0.36 sec
2026-10-08T00:17:11.4993235Z 31/52 Test #31: native_agent_runner_contract ................   Passed    1.36 sec
2026-10-08T00:17:12.7203929Z 32/52 Test #32: native_create_executor_contract .............   Passed    1.22 sec
2026-10-08T00:17:13.4925463Z 33/52 Test #33: native_edit_executor_contract ...............   Passed    0.77 sec
2026-10-08T00:17:14.5414028Z 34/52 Test #34: native_approved_edit_http_contract ..........   Passed    1.05 sec
2026-10-08T00:17:15.5584746Z 35/52 Test #35: native_workspace_tools_contract .............   Passed    1.02 sec
2026-10-08T00:17:16.0064637Z 36/52 Test #36: native_repository_instructions_contract .....   Passed    0.45 sec
2026-10-08T00:17:16.1637322Z 37/52 Test #37: native_chat_provider_contract ...............   Passed    0.16 sec
2026-10-08T00:17:21.2535715Z 38/52 Test #38: native_http_stream_transport_contract .......   Passed    5.09 sec
2026-10-08T00:17:25.0333654Z 39/52 Test #39: native_agent_http_contract ..................   Passed    3.78 sec
2026-10-08T00:17:32.8362752Z 40/52 Test #40: native_agent_edit_http_contract .............   Passed    7.80 sec
2026-10-08T00:17:35.1561142Z 41/52 Test #41: native_agent_mcp_http_contract ..............   Passed    2.32 sec
2026-10-08T00:17:38.3185552Z 42/52 Test #42: native_mcp_sdk_modern_contract ..............   Passed    3.16 sec
2026-10-08T00:17:41.5014424Z 43/52 Test #43: native_mcp_sdk_legacy_contract ..............   Passed    3.18 sec
2026-10-08T00:17:43.5951350Z 44/52 Test #44: native_http_cli_contract ....................   Passed    2.09 sec
2026-10-08T00:17:43.6503316Z 45/52 Test #45: embedded_xlang_sqlite_contract ..............   Passed    0.05 sec
2026-10-08T00:17:44.0170920Z 46/52 Test #46: native_incoming_repository_contract .........   Passed    0.37 sec
2026-10-08T00:17:44.4662136Z 47/52 Test #47: native_task_list_repository_contract ........   Passed    0.45 sec
2026-10-08T00:17:45.3325667Z 48/52 Test #48: native_permission_waiter_contract ...........   Passed    0.87 sec
2026-10-08T00:17:46.7863828Z 49/52 Test #49: native_operation_repository_contract ........   Passed    1.45 sec
2026-10-08T00:17:47.1003435Z 50/52 Test #50: xlang_repository_contract ...................   Passed    0.31 sec
2026-10-08T00:17:57.8279112Z 51/52 Test #51: persistence_service_contract ................   Passed   10.73 sec
2026-10-08T00:17:58.9437283Z 52/52 Test #52: encrypted_credential_repository_contract ....   Passed    1.11 sec
2026-10-08T00:17:58.9449448Z 100% tests passed, 0 tests failed out of 52
2026-10-08T00:17:58.9451817Z Total Test time (real) = 103.69 sec
2026-10-08T00:18:14.5261871Z # tests 70
2026-10-08T00:18:14.5263520Z # pass 70
2026-10-08T00:18:14.5264520Z # fail 0
2026-10-08T00:18:14.5265700Z # skipped 0
