TAP version 13
# Subtest: production browser footer drives the same saved-provider CAS and explicit model enrollment using public metadata only
ok 1 - production browser footer drives the same saved-provider CAS and explicit model enrollment using public metadata only
  ---
  duration_ms: 197.5587
  type: 'test'
  ...
# Subtest: production classic scripts share a realm without collisions and restore owned history through the browser bridge
ok 2 - production classic scripts share a realm without collisions and restore owned history through the browser bridge
  ---
  duration_ms: 73.14
  type: 'test'
  ...
# Subtest: native session protocol mismatch explains the required update and preserves the existing connection
ok 3 - native session protocol mismatch explains the required update and preserves the existing connection
  ---
  duration_ms: 138.3406
  type: 'test'
  ...
# Subtest: Cancel and Escape preserve an existing connection and do not logout or cancel execution
ok 4 - Cancel and Escape preserve an existing connection and do not logout or cancel execution
  ---
  duration_ms: 27.0586
  type: 'test'
  ...
# Subtest: a failed replacement token keeps the existing conversation connected
ok 5 - a failed replacement token keeps the existing conversation connected
  ---
  duration_ms: 25.2607
  type: 'test'
  ...
# Subtest: cancelling an in-flight reconnect prevents late popup or conversation changes
ok 6 - cancelling an in-flight reconnect prevents late popup or conversation changes
  ---
  duration_ms: 19.3835
  type: 'test'
  ...
# Subtest: Cancel aborts pending network work and immediate retry stays owned by the new attempt
ok 7 - Cancel aborts pending network work and immediate retry stays owned by the new attempt
  ---
  duration_ms: 23.7354
  type: 'test'
  ...
# Subtest: sidebar divider supports drag, keyboard bounds and remembered width
ok 8 - sidebar divider supports drag, keyboard bounds and remembered width
  ---
  duration_ms: 19.6223
  type: 'test'
  ...
# Subtest: browser uses committed feed callbacks and stays idle without periodic observation requests
ok 9 - browser uses committed feed callbacks and stays idle without periodic observation requests
  ---
  duration_ms: 761.3834
  type: 'test'
  ...
# Subtest: browser selection retirement aborts the feed and rejects late events from that conversation
ok 10 - browser selection retirement aborts the feed and rejects late events from that conversation
  ---
  duration_ms: 1.6147
  type: 'test'
  ...
# Subtest: browser event arriving during a snapshot does not render that committed record twice
ok 11 - browser event arriving during a snapshot does not render that committed record twice
  ---
  duration_ms: 1.5248
  type: 'test'
  ...
# Subtest: browser resolves new graph child ownership after an older snapshot finishes
ok 12 - browser resolves new graph child ownership after an older snapshot finishes
  ---
  duration_ms: 1.7577
  type: 'test'
  ...
# Subtest: browser forwards actual native file-proposal policy and clears unsupported legacy metadata without writes
ok 13 - browser forwards actual native file-proposal policy and clears unsupported legacy metadata without writes
  ---
  duration_ms: 0.4514
  type: 'test'
  ...
# Subtest: browser user skill commands use the selected session and stop publishing after disposal
ok 14 - browser user skill commands use the selected session and stop publishing after disposal
  ---
  duration_ms: 2.2784
  type: 'test'
  ...
# Subtest: conversation selection recovers the new provider catalogue after its native selection acknowledgement is retired
ok 15 - conversation selection recovers the new provider catalogue after its native selection acknowledgement is retired
  ---
  duration_ms: 1.7583
  type: 'test'
  ...
# Subtest: a second conversation/profile observation rejects the retired recovery catalogue and publishes only its current native binding
ok 16 - a second conversation/profile observation rejects the retired recovery catalogue and publishes only its current native binding
  ---
  duration_ms: 1.1485
  type: 'test'
  ...
# Subtest: browser imported key-only profiles guide the footer selection without a new-key error or provider calls
ok 17 - browser imported key-only profiles guide the footer selection without a new-key error or provider calls
  ---
  duration_ms: 0.5735
  type: 'test'
  ...
# Subtest: browser saved catalogue remains usable after settings close, new conversation and selection without automatic profile writes
ok 18 - browser saved catalogue remains usable after settings close, new conversation and selection without automatic profile writes
  ---
  duration_ms: 1.3976
  type: 'test'
  ...
# Subtest: browser footer provider command uses native profile CAS and saved-key discovery, with no automatic model enrollment
ok 19 - browser footer provider command uses native profile CAS and saved-key discovery, with no automatic model enrollment
  ---
  duration_ms: 1.6441
  type: 'test'
  ...
# Subtest: browser graph resume requires displayed and freshly verified backend eligibility/CAS and never retries conflicts
ok 20 - browser graph resume requires displayed and freshly verified backend eligibility/CAS and never retries conflicts
  ---
  duration_ms: 0.9909
  type: 'test'
  ...
# Subtest: browser context control uses actual discovery and discards a stale session/model generation before compaction
ok 21 - browser context control uses actual discovery and discards a stale session/model generation before compaction
  ---
  duration_ms: 1.0933
  type: 'test'
  ...
# Subtest: browser binds raw human input and explicit final-human resume to actual displayed and freshly observed plan identities
ok 22 - browser binds raw human input and explicit final-human resume to actual displayed and freshly observed plan identities
  ---
  duration_ms: 3.2704
  type: 'test'
  ...
# Subtest: browser rejects stale CAS, changed question identity, duplicate keys, foreign roots and observation conflicts before any controller mutation
ok 23 - browser rejects stale CAS, changed question identity, duplicate keys, foreign roots and observation conflicts before any controller mutation
  ---
  duration_ms: 2.7711
  type: 'test'
  ...
# Subtest: browser generation change during a fresh plan check discards response and cannot answer the prior selected owner
ok 24 - browser generation change during a fresh plan check discards response and cannot answer the prior selected owner
  ---
  duration_ms: 0.4448
  type: 'test'
  ...
# Subtest: browser transient plan GET conflicts discard actions and retry only bounded read observation
ok 25 - browser transient plan GET conflicts discard actions and retry only bounded read observation
  ---
  duration_ms: 0.4123
  type: 'test'
  ...
# Subtest: owned observation rejects a same-session status for another root and selection resets cursor backlog
ok 26 - owned observation rejects a same-session status for another root and selection resets cursor backlog
  ---
  duration_ms: 0.3474
  type: 'test'
  ...
# Subtest: normal Agent shows native-owned investigations and drains terminal child history without a graph selection
ok 27 - normal Agent shows native-owned investigations and drains terminal child history without a graph selection
  ---
  duration_ms: 0.8941
  type: 'test'
  ...
# Subtest: profile conflicts refresh the displayed account and model without replaying the retained task
ok 28 - profile conflicts refresh the displayed account and model without replaying the retained task
  ---
  duration_ms: 0.8083
  type: 'test'
  ...
# Subtest: browser sends its known profile revision and retains the prompt when native admission rejects a stale view
ok 29 - browser sends its known profile revision and retains the prompt when native admission rejects a stale view
  ---
  duration_ms: 0.3741
  type: 'test'
  ...
# Subtest: browser Settings preserves the selected profile route through private discovery and footer enrollment
ok 30 - browser Settings preserves the selected profile route through private discovery and footer enrollment
  ---
  duration_ms: 1.843
  type: 'test'
  ...
# Subtest: rename sends the displayed expected title only for the selected supported conversation and retains conflicts
ok 31 - rename sends the displayed expected title only for the selected supported conversation and retains conflicts
  ---
  duration_ms: 0.5608
  type: 'test'
  ...
# Subtest: Responses saved-key discovery and model selection preserve backend-reported wire
ok 32 - Responses saved-key discovery and model selection preserve backend-reported wire
  ---
  duration_ms: 0.6475
  type: 'test'
  ...
# Subtest: restoring the native view does not wait for provider catalogue discovery
ok 33 - restoring the native view does not wait for provider catalogue discovery
  ---
  duration_ms: 6.592
  type: 'test'
  ...
# Subtest: view catches a completion between event and status reads and drains final events
ok 34 - view catches a completion between event and status reads and drains final events
  ---
  duration_ms: 0.8735
  type: 'test'
  ...
# Subtest: an obsolete view response cannot overwrite the next selection
ok 35 - an obsolete view response cannot overwrite the next selection
  ---
  duration_ms: 0.1506
  type: 'test'
  ...
# Subtest: provider key is consumed privately, IDs must come from discovery, disposal clears unsaved state
ok 36 - provider key is consumed privately, IDs must come from discovery, disposal clears unsaved state
  ---
  duration_ms: 0.6192
  type: 'test'
  ...
# Subtest: stale operation bytes cannot produce an approval request
ok 37 - stale operation bytes cannot produce an approval request
  ---
  duration_ms: 0.5
  type: 'test'
  ...
# Subtest: browser patch comparison revalidates owned snapshots and never submits approval
ok 38 - browser patch comparison revalidates owned snapshots and never submits approval
  ---
  duration_ms: 0.7259
  type: 'test'
  ...
# Subtest: browser cannot compare malformed patch absence and missing batch manifest
ok 39 - browser cannot compare malformed patch absence and missing batch manifest
  ---
  duration_ms: 1.3104
  type: 'test'
  ...
# Subtest: session skill controls expose only exact GET and POST routes
ok 40 - session skill controls expose only exact GET and POST routes
  ---
  duration_ms: 35.4166
  type: 'test'
  ...
# Subtest: workspace skill catalogue is an exact read-only browser route
ok 41 - workspace skill catalogue is an exact read-only browser route
  ---
  duration_ms: 0.4309
  type: 'test'
  ...
# Subtest: context and graph-resume view allowlist restricts methods and exposes no checkpoint/state mutation route
ok 42 - context and graph-resume view allowlist restricts methods and exposes no checkpoint/state mutation route
  ---
  duration_ms: 0.4771
  type: 'test'
  ...
# Subtest: planning view allowlist exposes only scoped observation, human input and resume methods
ok 43 - planning view allowlist exposes only scoped observation, human input and resume methods
  ---
  duration_ms: 0.3758
  type: 'test'
  ...
# Subtest: view forwards only allowed planning requests at the configured native origin and keeps durable cookie authentication
ok 44 - view forwards only allowed planning requests at the configured native origin and keeps durable cookie authentication
  ---
  duration_ms: 219.6016
  type: 'test'
  ...
# Subtest: browser adapter forwards durable native view credentials across restart without retaining the master token
ok 45 - browser adapter forwards durable native view credentials across restart without retaining the master token
  ---
  duration_ms: 251.0966
  type: 'test'
  ...
# Subtest: event stream routes are read-only and exclude foreign path encodings
ok 46 - event stream routes are read-only and exclude foreign path encodings
  ---
  duration_ms: 0.5003
  type: 'test'
  ...
# Subtest: synthetic stream peer forwards bytes before completion and detaches without a cancel command
ok 47 - synthetic stream peer forwards bytes before completion and detaches without a cancel command
  ---
  duration_ms: 38.6527
  type: 'test'
  ...
1..47
# tests 47
# suites 0
# pass 47
# fail 0
# cancelled 0
# skipped 0
# todo 0
# duration_ms 1279.7901
