CMake is re-running because D:/CantorAI2026/xMind/build/skill-state-native/CMakeFiles/generate.stamp is out-of-date.
  the file 'D:/CantorAI2026/xMind/Native/CMakeLists.txt'
  is newer than 'D:/CantorAI2026/xMind/build/skill-state-native/CMakeFiles/generate.stamp.depend'
  result='-1'
-- Selecting Windows SDK version 10.0.26100.0 to target Windows 10.0.26200.
-- Configuring done (0.6s)
-- Generating done (1.9s)
-- Build files have been written to: D:/CantorAI2026/xMind/build/skill-state-native
MSBuild version 18.9.1+a81b43525 for .NET Framework

  Checking File Globs
  absl_spinlock_wait.vcxproj -> D:\CantorAI2026\xMind\build\skill-state-native\third_party\abseil-cpp\absl\base\Release\absl_spinlock_wait.lib
  absl_log_severity.vcxproj -> D:\CantorAI2026\xMind\build\skill-state-native\third_party\abseil-cpp\absl\base\Release\absl_log_severity.lib
  absl_civil_time.vcxproj -> D:\CantorAI2026\xMind\build\skill-state-native\third_party\abseil-cpp\absl\time\Release\absl_civil_time.lib
  absl_exponential_biased.vcxproj -> D:\CantorAI2026\xMind\build\skill-state-native\third_party\abseil-cpp\absl\profiling\Release\absl_exponential_biased.lib
  absl_hardening.vcxproj -> D:\CantorAI2026\xMind\build\skill-state-native\third_party\abseil-cpp\absl\base\Release\absl_hardening.lib
  absl_source_location.vcxproj -> D:\CantorAI2026\xMind\build\skill-state-native\third_party\abseil-cpp\absl\types\Release\absl_source_location.lib
  absl_utf8_for_code_point.vcxproj -> D:\CantorAI2026\xMind\build\skill-state-native\third_party\abseil-cpp\absl\debugging\Release\absl_utf8_for_code_point.lib
  absl_time_zone.vcxproj -> D:\CantorAI2026\xMind\build\skill-state-native\third_party\abseil-cpp\absl\time\Release\absl_time_zone.lib
  absl_raw_logging_internal.vcxproj -> D:\CantorAI2026\xMind\build\skill-state-native\third_party\abseil-cpp\absl\base\Release\absl_raw_logging_internal.lib
  absl_flags_commandlineflag_internal.vcxproj -> D:\CantorAI2026\xMind\build\skill-state-native\third_party\abseil-cpp\absl\flags\Release\absl_flags_commandlineflag_internal.lib
  absl_debugging_internal.vcxproj -> D:\CantorAI2026\xMind\build\skill-state-native\third_party\abseil-cpp\absl\debugging\Release\absl_debugging_internal.lib
  absl_throw_delegate.vcxproj -> D:\CantorAI2026\xMind\build\skill-state-native\third_party\abseil-cpp\absl\base\Release\absl_throw_delegate.lib
  absl_cordz_functions.vcxproj -> D:\CantorAI2026\xMind\build\skill-state-native\third_party\abseil-cpp\absl\strings\Release\absl_cordz_functions.lib
  absl_base.vcxproj -> D:\CantorAI2026\xMind\build\skill-state-native\third_party\abseil-cpp\absl\base\Release\absl_base.lib
  absl_malloc_internal.vcxproj -> D:\CantorAI2026\xMind\build\skill-state-native\third_party\abseil-cpp\absl\base\Release\absl_malloc_internal.lib
  absl_tracing_internal.vcxproj -> D:\CantorAI2026\xMind\build\skill-state-native\third_party\abseil-cpp\absl\base\Release\absl_tracing_internal.lib
  absl_graphcycles_internal.vcxproj -> D:\CantorAI2026\xMind\build\skill-state-native\third_party\abseil-cpp\absl\synchronization\Release\absl_graphcycles_internal.lib
  absl_int128.vcxproj -> D:\CantorAI2026\xMind\build\skill-state-native\third_party\abseil-cpp\absl\numeric\Release\absl_int128.lib
  absl_city.vcxproj -> D:\CantorAI2026\xMind\build\skill-state-native\third_party\abseil-cpp\absl\hash\Release\absl_city.lib
  absl_leak_check.vcxproj -> D:\CantorAI2026\xMind\build\skill-state-native\third_party\abseil-cpp\absl\debugging\Release\absl_leak_check.lib
  absl_base_cpu_detect.vcxproj -> D:\CantorAI2026\xMind\build\skill-state-native\third_party\abseil-cpp\absl\base\Release\absl_base_cpu_detect.lib
  absl_decode_rust_punycode.vcxproj -> D:\CantorAI2026\xMind\build\skill-state-native\third_party\abseil-cpp\absl\debugging\Release\absl_decode_rust_punycode.lib
  absl_strings_internal.vcxproj -> D:\CantorAI2026\xMind\build\skill-state-native\third_party\abseil-cpp\absl\strings\Release\absl_strings_internal.lib
  absl_log_internal_nullguard.vcxproj -> D:\CantorAI2026\xMind\build\skill-state-native\third_party\abseil-cpp\absl\log\Release\absl_log_internal_nullguard.lib
  absl_strerror.vcxproj -> D:\CantorAI2026\xMind\build\skill-state-native\third_party\abseil-cpp\absl\base\Release\absl_strerror.lib
  absl_stacktrace.vcxproj -> D:\CantorAI2026\xMind\build\skill-state-native\third_party\abseil-cpp\absl\debugging\Release\absl_stacktrace.lib
  absl_crc_internal.vcxproj -> D:\CantorAI2026\xMind\build\skill-state-native\third_party\abseil-cpp\absl\crc\Release\absl_crc_internal.lib
  absl_log_internal_conditions.vcxproj -> D:\CantorAI2026\xMind\build\skill-state-native\third_party\abseil-cpp\absl\log\Release\absl_log_internal_conditions.lib
  absl_demangle_rust.vcxproj -> D:\CantorAI2026\xMind\build\skill-state-native\third_party\abseil-cpp\absl\debugging\Release\absl_demangle_rust.lib
  agentflow_mcp_wire.vcxproj -> D:\CantorAI2026\xMind\build\skill-state-native\Release\agentflow_mcp_wire.lib
  agentflow_models.vcxproj -> D:\CantorAI2026\xMind\build\skill-state-native\Release\agentflow_models.lib
  agentflow_secrets.vcxproj -> D:\CantorAI2026\xMind\build\skill-state-native\Release\agentflow_secrets.lib
  agentflow_provider_transport.vcxproj -> D:\CantorAI2026\xMind\build\skill-state-native\Release\agentflow_provider_transport.lib
  agentflow_file_patch.vcxproj -> D:\CantorAI2026\xMind\build\skill-state-native\Release\agentflow_file_patch.lib
  Scanning sources for module dependencies...
  yaml-cpp.vcxproj -> D:\CantorAI2026\xMind\build\skill-state-native\third_party\yaml-cpp\Release\yaml-cpp.lib
  agentflow_mcp_stdio.vcxproj -> D:\CantorAI2026\xMind\build\skill-state-native\Release\agentflow_mcp_stdio.lib
  agentflow_core.vcxproj -> D:\CantorAI2026\xMind\build\skill-state-native\Release\agentflow_core.lib
  agentflow_chat_provider.vcxproj -> D:\CantorAI2026\xMind\build\skill-state-native\Release\agentflow_chat_provider.lib
  agentflow_process.vcxproj -> D:\CantorAI2026\xMind\build\skill-state-native\Release\agentflow_process.lib
  agentflow_json_schema.vcxproj -> D:\CantorAI2026\xMind\build\skill-state-native\Release\agentflow_json_schema.lib
  xmind_schema_worker.vcxproj -> D:\CantorAI2026\xMind\build\skill-state-native\Release\xmind_schema_worker.exe
  absl_strings.vcxproj -> D:\CantorAI2026\xMind\build\skill-state-native\third_party\abseil-cpp\absl\strings\Release\absl_strings.lib
  absl_str_format_internal.vcxproj -> D:\CantorAI2026\xMind\build\skill-state-native\third_party\abseil-cpp\absl\strings\Release\absl_str_format_internal.lib
  absl_log_internal_fnmatch.vcxproj -> D:\CantorAI2026\xMind\build\skill-state-native\third_party\abseil-cpp\absl\log\Release\absl_log_internal_fnmatch.lib
  agentflow_owner_process.vcxproj -> D:\CantorAI2026\xMind\build\skill-state-native\Release\agentflow_owner_process.lib
  absl_log_internal_proto.vcxproj -> D:\CantorAI2026\xMind\build\skill-state-native\third_party\abseil-cpp\absl\log\Release\absl_log_internal_proto.lib
  absl_flags_marshalling.vcxproj -> D:\CantorAI2026\xMind\build\skill-state-native\third_party\abseil-cpp\absl\flags\Release\absl_flags_marshalling.lib
  agentflow_a2a.vcxproj -> D:\CantorAI2026\xMind\build\skill-state-native\Release\agentflow_a2a.lib
  agentflow_runtime_generation.vcxproj -> D:\CantorAI2026\xMind\build\skill-state-native\Release\agentflow_runtime_generation.lib
  agentflow_mcp_configuration.vcxproj -> D:\CantorAI2026\xMind\build\skill-state-native\Release\agentflow_mcp_configuration.lib
  agentflow_instruction_configuration.vcxproj -> D:\CantorAI2026\xMind\build\skill-state-native\Release\agentflow_instruction_configuration.lib
  agentflow_policy.vcxproj -> D:\CantorAI2026\xMind\build\skill-state-native\Release\agentflow_policy.lib
  agentflow_view_sessions.vcxproj -> D:\CantorAI2026\xMind\build\skill-state-native\Release\agentflow_view_sessions.lib
  absl_log_internal_structured_proto.vcxproj -> D:\CantorAI2026\xMind\build\skill-state-native\third_party\abseil-cpp\absl\log\Release\absl_log_internal_structured_proto.lib
  agentflow_graph.vcxproj -> D:\CantorAI2026\xMind\build\skill-state-native\Release\agentflow_graph.lib
  absl_hash.vcxproj -> D:\CantorAI2026\xMind\build\skill-state-native\third_party\abseil-cpp\absl\hash\Release\absl_hash.lib
  absl_crc32c.vcxproj -> D:\CantorAI2026\xMind\build\skill-state-native\third_party\abseil-cpp\absl\crc\Release\absl_crc32c.lib
  agentflow_legacy_owner_process.vcxproj -> D:\CantorAI2026\xMind\build\skill-state-native\Release\agentflow_legacy_owner_process.lib
  absl_crc_cord_state.vcxproj -> D:\CantorAI2026\xMind\build\skill-state-native\third_party\abseil-cpp\absl\crc\Release\absl_crc_cord_state.lib
  absl_cord_internal.vcxproj -> D:\CantorAI2026\xMind\build\skill-state-native\third_party\abseil-cpp\absl\strings\Release\absl_cord_internal.lib
  absl_flags_commandlineflag.vcxproj -> D:\CantorAI2026\xMind\build\skill-state-native\third_party\abseil-cpp\absl\flags\Release\absl_flags_commandlineflag.lib
  absl_demangle_internal.vcxproj -> D:\CantorAI2026\xMind\build\skill-state-native\third_party\abseil-cpp\absl\debugging\Release\absl_demangle_internal.lib
  absl_symbolize.vcxproj -> D:\CantorAI2026\xMind\build\skill-state-native\third_party\abseil-cpp\absl\debugging\Release\absl_symbolize.lib
  absl_flags_private_handle_accessor.vcxproj -> D:\CantorAI2026\xMind\build\skill-state-native\third_party\abseil-cpp\absl\flags\Release\absl_flags_private_handle_accessor.lib
  absl_examine_stack.vcxproj -> D:\CantorAI2026\xMind\build\skill-state-native\third_party\abseil-cpp\absl\debugging\Release\absl_examine_stack.lib
  absl_time.vcxproj -> D:\CantorAI2026\xMind\build\skill-state-native\third_party\abseil-cpp\absl\time\Release\absl_time.lib
  agentflow_schema_worker.vcxproj -> D:\CantorAI2026\xMind\build\skill-state-native\Release\agentflow_schema_worker.lib
  absl_kernel_timeout_internal.vcxproj -> D:\CantorAI2026\xMind\build\skill-state-native\third_party\abseil-cpp\absl\synchronization\Release\absl_kernel_timeout_internal.lib
  absl_log_internal_globals.vcxproj -> D:\CantorAI2026\xMind\build\skill-state-native\third_party\abseil-cpp\absl\log\Release\absl_log_internal_globals.lib
  absl_log_entry.vcxproj -> D:\CantorAI2026\xMind\build\skill-state-native\third_party\abseil-cpp\absl\log\Release\absl_log_entry.lib
  absl_log_sink.vcxproj -> D:\CantorAI2026\xMind\build\skill-state-native\third_party\abseil-cpp\absl\log\Release\absl_log_sink.lib
  absl_synchronization.vcxproj -> D:\CantorAI2026\xMind\build\skill-state-native\third_party\abseil-cpp\absl\synchronization\Release\absl_synchronization.lib
  absl_log_internal_format.vcxproj -> D:\CantorAI2026\xMind\build\skill-state-native\third_party\abseil-cpp\absl\log\Release\absl_log_internal_format.lib
  absl_vlog_config_internal.vcxproj -> D:\CantorAI2026\xMind\build\skill-state-native\third_party\abseil-cpp\absl\log\Release\absl_vlog_config_internal.lib
  absl_hashtablez_sampler.vcxproj -> D:\CantorAI2026\xMind\build\skill-state-native\third_party\abseil-cpp\absl\container\Release\absl_hashtablez_sampler.lib
  absl_flags_program_name.vcxproj -> D:\CantorAI2026\xMind\build\skill-state-native\third_party\abseil-cpp\absl\flags\Release\absl_flags_program_name.lib
  absl_cordz_handle.vcxproj -> D:\CantorAI2026\xMind\build\skill-state-native\third_party\abseil-cpp\absl\strings\Release\absl_cordz_handle.lib
  absl_log_globals.vcxproj -> D:\CantorAI2026\xMind\build\skill-state-native\third_party\abseil-cpp\absl\log\Release\absl_log_globals.lib
  absl_log_internal_log_sink_set.vcxproj -> D:\CantorAI2026\xMind\build\skill-state-native\third_party\abseil-cpp\absl\log\Release\absl_log_internal_log_sink_set.lib
  absl_flags_config.vcxproj -> D:\CantorAI2026\xMind\build\skill-state-native\third_party\abseil-cpp\absl\flags\Release\absl_flags_config.lib
  absl_flags_internal.vcxproj -> D:\CantorAI2026\xMind\build\skill-state-native\third_party\abseil-cpp\absl\flags\Release\absl_flags_internal.lib
  absl_cordz_info.vcxproj -> D:\CantorAI2026\xMind\build\skill-state-native\third_party\abseil-cpp\absl\strings\Release\absl_cordz_info.lib
  absl_cord.vcxproj -> D:\CantorAI2026\xMind\build\skill-state-native\third_party\abseil-cpp\absl\strings\Release\absl_cord.lib
  absl_raw_hash_set.vcxproj -> D:\CantorAI2026\xMind\build\skill-state-native\third_party\abseil-cpp\absl\container\Release\absl_raw_hash_set.lib
  absl_log_internal_message.vcxproj -> D:\CantorAI2026\xMind\build\skill-state-native\third_party\abseil-cpp\absl\log\Release\absl_log_internal_message.lib
  absl_log_internal_check_op.vcxproj -> D:\CantorAI2026\xMind\build\skill-state-native\third_party\abseil-cpp\absl\log\Release\absl_log_internal_check_op.lib
  absl_flags_reflection.vcxproj -> D:\CantorAI2026\xMind\build\skill-state-native\third_party\abseil-cpp\absl\flags\Release\absl_flags_reflection.lib
  re2.vcxproj -> D:\CantorAI2026\xMind\build\skill-state-native\third_party\re2\Release\re2.lib
  agentflow_workspace.vcxproj -> D:\CantorAI2026\xMind\build\skill-state-native\Release\agentflow_workspace.lib
  agentflow_console_transport.vcxproj -> D:\CantorAI2026\xMind\build\skill-state-native\Release\agentflow_console_transport.lib
  agentflow_mcp_effects.vcxproj -> D:\CantorAI2026\xMind\build\skill-state-native\Release\agentflow_mcp_effects.lib
  agentflow_edits.vcxproj -> D:\CantorAI2026\xMind\build\skill-state-native\Release\agentflow_edits.lib
  agentflow_backend_owner_control.vcxproj -> D:\CantorAI2026\xMind\build\skill-state-native\Release\agentflow_backend_owner_control.lib
  agentflow_process_effects.vcxproj -> D:\CantorAI2026\xMind\build\skill-state-native\Release\agentflow_process_effects.lib
  local_profile.cpp
  agentflow_process_configuration.vcxproj -> D:\CantorAI2026\xMind\build\skill-state-native\Release\agentflow_process_configuration.lib
  agentflow_http.vcxproj -> D:\CantorAI2026\xMind\build\skill-state-native\Release\agentflow_http.lib
  agentflow_agent.vcxproj -> D:\CantorAI2026\xMind\build\skill-state-native\Release\agentflow_agent.lib
  agentflow_graph_execution.vcxproj -> D:\CantorAI2026\xMind\build\skill-state-native\Release\agentflow_graph_execution.lib
  agentflow_runtime.vcxproj -> D:\CantorAI2026\xMind\build\skill-state-native\Release\agentflow_runtime.lib
  agentflow_local_profile.vcxproj -> D:\CantorAI2026\xMind\build\skill-state-native\Release\agentflow_local_profile.lib
  local_view_main.cpp
  xmind.vcxproj -> D:\CantorAI2026\xMind\build\skill-state-native\Release\xmind.exe
