MSBuild version 18.10.1-1.26427.6+3cd27c13e for .NET Framework

  1>Checking Build System
  Building Custom Rule D:/a/xMind/xMind/xmind/Native/CMakeLists.txt
  Building Custom Rule D:/a/xMind/xMind/xmind/Native/CMakeLists.txt
  secret_protection.cpp
  model_stream.cpp
  Building Custom Rule D:/a/xMind/xMind/xmind/Native/CMakeLists.txt
  mcp_wire.cpp
  agentflow_secrets.vcxproj -> D:\a\xMind\xMind\xmind\build\native\Release\agentflow_secrets.lib
  Building Custom Rule D:/a/xMind/xMind/xmind/Native/CMakeLists.txt
  workspace_tools.cpp
  model_request.cpp
  mcp_requests.cpp
  windows_workspace.cpp
  mcp_handshake.cpp
  Generating Code...
  Generating Code...
  Generating Code...
  agentflow_mcp_wire.vcxproj -> D:\a\xMind\xMind\xmind\build\native\Release\agentflow_mcp_wire.lib
  Building Custom Rule D:/a/xMind/xMind/xmind/Native/CMakeLists.txt
  Building Custom Rule D:/a/xMind/xMind/xmind/Native/CMakeLists.txt
  backend_lease.cpp
  agentflow_workspace.vcxproj -> D:\a\xMind\xMind\xmind\build\native\Release\agentflow_workspace.lib
  winhttp_stream_transport.cpp
  agentflow_models.vcxproj -> D:\a\xMind\xMind\xmind\build\native\Release\agentflow_models.lib
  Building Custom Rule D:/a/xMind/xMind/xmind/Native/CMakeLists.txt
  windows_process.cpp
D:\a\xMind\xMind\xmind\Native\src\backend_lease.cpp(20,72): warning C4996: 'std::filesystem::u8path': warning STL4021: The std::filesystem::u8path() overloads are deprecated in C++20. The constructors of std::filesystem::path provide equivalent functionality via construction from u8string, u8string_view, or iterators with value_type char8_t. You can define _SILENCE_CXX20_U8PATH_DEPRECATION_WARNING or _SILENCE_ALL_CXX20_DEPRECATION_WARNINGS to suppress this warning. [D:\a\xMind\xMind\xmind\build\native\agentflow_core.vcxproj]
  xlang_sqlite.cpp
  agentflow_provider_transport.vcxproj -> D:\a\xMind\xMind\xmind\build\native\Release\agentflow_provider_transport.lib
  Building Custom Rule D:/a/xMind/xMind/xmind/Native/CMakeLists.txt
  Building Custom Rule D:/a/xMind/xMind/xmind/Native/CMakeLists.txt
C:\Program Files\Microsoft Visual Studio\18\Enterprise\VC\Tools\MSVC\14.51.36231\include\memory(3997,10): warning C4996: 'std::atomic_store_explicit': warning STL4029: std::atomic_*() overloads for shared_ptr are deprecated in C++20. The shared_ptr specialization of std::atomic provides superior functionality. You can define _SILENCE_CXX20_OLD_SHARED_PTR_ATOMIC_SUPPORT_DEPRECATION_WARNING or _SILENCE_ALL_CXX20_DEPRECATION_WARNINGS to suppress this warning. [D:\a\xMind\xMind\xmind\build\native\agentflow_core.vcxproj]
  (compiling source file '../../Native/src/xlang_sqlite.cpp')
      C:\Program Files\Microsoft Visual Studio\18\Enterprise\VC\Tools\MSVC\14.51.36231\include\memory(3997,10):
      the template instantiation context (the oldest one first) is
          D:\a\xMind\xMind\xlang3\sdk\xlang3\cpp\package.h(49,23):
          see reference to function template instantiation 'void std::atomic_store<X::detail::InstanceEvents>(std::shared_ptr<X::detail::InstanceEvents> *,std::shared_ptr<X::detail::InstanceEvents>)' being compiled
  
  windows_mcp_stdio.cpp
  repository.cpp
  agentflow_process.vcxproj -> D:\a\xMind\xMind\xmind\build\native\Release\agentflow_process.lib
  json_schema.cpp
  mcp_client.cpp
  persistence_service.cpp
  Generating Code...
  Generating Code...
  agentflow_core.vcxproj -> D:\a\xMind\xMind\xmind\build\native\Release\agentflow_core.lib
  Building Custom Rule D:/a/xMind/xMind/xmind/Native/CMakeLists.txt
  Building Custom Rule D:/a/xMind/xMind/xmind/Native/CMakeLists.txt
  mcp_configuration.cpp
  agentflow_mcp_stdio.vcxproj -> D:\a\xMind\xMind\xmind\build\native\Release\agentflow_mcp_stdio.lib
  permission_waiter.cpp
  agentflow_policy.vcxproj -> D:\a\xMind\xMind\xmind\build\native\Release\agentflow_policy.lib
  agentflow_mcp_configuration.vcxproj -> D:\a\xMind\xMind\xmind\build\native\Release\agentflow_mcp_configuration.lib
  Building Custom Rule D:/a/xMind/xMind/xmind/Native/CMakeLists.txt
  Building Custom Rule D:/a/xMind/xMind/xmind/Native/CMakeLists.txt
  credential_repository_contract.cpp
  Building Custom Rule D:/a/xMind/xMind/xmind/Native/CMakeLists.txt
  http_server.cpp
  agentflow_json_schema.vcxproj -> D:\a\xMind\xMind\xmind\build\native\Release\agentflow_json_schema.lib
  chat_provider.cpp
  agentflow_credential_repository_contract.vcxproj -> D:\a\xMind\xMind\xmind\build\native\Release\agentflow_credential_repository_contract.exe
  Building Custom Rule D:/a/xMind/xMind/xmind/Native/CMakeLists.txt
  http_stream_transport_contract.cpp
  agentflow_chat_provider.vcxproj -> D:\a\xMind\xMind\xmind\build\native\Release\agentflow_chat_provider.lib
  Building Custom Rule D:/a/xMind/xMind/xmind/Native/CMakeLists.txt
  Building Custom Rule D:/a/xMind/xMind/xmind/Native/CMakeLists.txt
  mcp_client_contract.cpp
  agentflow_http_stream_transport_contract.vcxproj -> D:\a\xMind\xMind\xmind\build\native\Release\agentflow_http_stream_transport_contract.exe
  mcp_handshake_contract.cpp
  agentflow_mcp_client_contract.vcxproj -> D:\a\xMind\xMind\xmind\build\native\Release\agentflow_mcp_client_contract.exe
  Building Custom Rule D:/a/xMind/xMind/xmind/Native/CMakeLists.txt
  schema_worker_main.cpp
  agentflow_mcp_handshake_contract.vcxproj -> D:\a\xMind\xMind\xmind\build\native\Release\agentflow_mcp_handshake_contract.exe
  Building Custom Rule D:/a/xMind/xMind/xmind/Native/CMakeLists.txt
  Building Custom Rule D:/a/xMind/xMind/xmind/Native/CMakeLists.txt
  json_schema_contract.cpp
  agentflow_http.vcxproj -> D:\a\xMind\xMind\xmind\build\native\Release\agentflow_http.lib
  mcp_configuration_contract.cpp
  agentflow_json_schema_contract.vcxproj -> D:\a\xMind\xMind\xmind\build\native\Release\agentflow_json_schema_contract.exe
  Building Custom Rule D:/a/xMind/xMind/xmind/Native/CMakeLists.txt
  chat_provider_contract.cpp
  agentflow_chat_provider_contract.vcxproj -> D:\a\xMind\xMind\xmind\build\native\Release\agentflow_chat_provider_contract.exe
  Building Custom Rule D:/a/xMind/xMind/xmind/Native/CMakeLists.txt
  Building Custom Rule D:/a/xMind/xMind/xmind/Native/CMakeLists.txt
  Building Custom Rule D:/a/xMind/xMind/xmind/Native/CMakeLists.txt
  mcp_stdio_contract.cpp
  edit_executor.cpp
  xmind_schema_worker.vcxproj -> D:\a\xMind\xMind\xmind\build\native\Release\xmind_schema_worker.exe
  agentflow_mcp_configuration_contract.vcxproj -> D:\a\xMind\xMind\xmind\build\native\Release\agentflow_mcp_configuration_contract.exe
  process_executor.cpp
  create_executor.cpp
  Generating Code...
  agentflow_process_effects.vcxproj -> D:\a\xMind\xMind\xmind\build\native\Release\agentflow_process_effects.lib
  Building Custom Rule D:/a/xMind/xMind/xmind/Native/CMakeLists.txt
  mcp_wire_contract.cpp
  agentflow_edits.vcxproj -> D:\a\xMind\xMind\xmind\build\native\Release\agentflow_edits.lib
  Building Custom Rule D:/a/xMind/xMind/xmind/Native/CMakeLists.txt
  schema_worker.cpp
  agentflow_mcp_stdio_contract.vcxproj -> D:\a\xMind\xMind\xmind\build\native\Release\agentflow_mcp_stdio_contract.exe
  Building Custom Rule D:/a/xMind/xMind/xmind/Native/CMakeLists.txt
  model_request_contract.cpp
  agentflow_mcp_wire_contract.vcxproj -> D:\a\xMind\xMind\xmind\build\native\Release\agentflow_mcp_wire_contract.exe
  Building Custom Rule D:/a/xMind/xMind/xmind/Native/CMakeLists.txt
  Building Custom Rule D:/a/xMind/xMind/xmind/Native/CMakeLists.txt
  create_executor_contract.cpp
  agentflow_model_request_contract.vcxproj -> D:\a\xMind\xMind\xmind\build\native\Release\agentflow_model_request_contract.exe
  edit_executor_contract.cpp
  agentflow_schema_worker.vcxproj -> D:\a\xMind\xMind\xmind\build\native\Release\agentflow_schema_worker.lib
  Building Custom Rule D:/a/xMind/xMind/xmind/Native/CMakeLists.txt
  approved_edit_http_fixture.cpp
  agentflow_approved_edit_http_fixture.vcxproj -> D:\a\xMind\xMind\xmind\build\native\Release\agentflow_approved_edit_http_fixture.exe
  Building Custom Rule D:/a/xMind/xMind/xmind/Native/CMakeLists.txt
  mcp_tool_registry.cpp
  agentflow_edit_executor_contract.vcxproj -> D:\a\xMind\xMind\xmind\build\native\Release\agentflow_edit_executor_contract.exe
  Building Custom Rule D:/a/xMind/xMind/xmind/Native/CMakeLists.txt
  model_stream_contract.cpp
  agentflow_create_executor_contract.vcxproj -> D:\a\xMind\xMind\xmind\build\native\Release\agentflow_create_executor_contract.exe
  Building Custom Rule D:/a/xMind/xMind/xmind/Native/CMakeLists.txt
  operation_repository_contract.cpp
  agentflow_model_stream_contract.vcxproj -> D:\a\xMind\xMind\xmind\build\native\Release\agentflow_model_stream_contract.exe
  Building Custom Rule D:/a/xMind/xMind/xmind/Native/CMakeLists.txt
  permission_waiter_contract.cpp
  agentflow_mcp_effects.vcxproj -> D:\a\xMind\xMind\xmind\build\native\Release\agentflow_mcp_effects.lib
  Building Custom Rule D:/a/xMind/xMind/xmind/Native/CMakeLists.txt
  mcp_effect_contract.cpp
  agentflow_operation_repository_contract.vcxproj -> D:\a\xMind\xMind\xmind\build\native\Release\agentflow_operation_repository_contract.exe
  Building Custom Rule D:/a/xMind/xMind/xmind/Native/CMakeLists.txt
  persistence_service_contract.cpp
  agentflow_permission_waiter_contract.vcxproj -> D:\a\xMind\xMind\xmind\build\native\Release\agentflow_permission_waiter_contract.exe
  Building Custom Rule D:/a/xMind/xMind/xmind/Native/CMakeLists.txt
  agent_runner.cpp
  agentflow_mcp_effect_contract.vcxproj -> D:\a\xMind\xMind\xmind\build\native\Release\agentflow_mcp_effect_contract.exe
  Building Custom Rule D:/a/xMind/xMind/xmind/Native/CMakeLists.txt
  process_configuration.cpp
  agentflow_persistence_service_contract.vcxproj -> D:\a\xMind\xMind\xmind\build\native\Release\agentflow_persistence_service_contract.exe
  Building Custom Rule D:/a/xMind/xMind/xmind/Native/CMakeLists.txt
  process_contract.cpp
  agent_service.cpp
  agentflow_process_configuration.vcxproj -> D:\a\xMind\xMind\xmind\build\native\Release\agentflow_process_configuration.lib
  Building Custom Rule D:/a/xMind/xMind/xmind/Native/CMakeLists.txt
  process_executor_contract.cpp
  agentflow_process_contract.vcxproj -> D:\a\xMind\xMind\xmind\build\native\Release\agentflow_process_contract.exe
  Building Custom Rule D:/a/xMind/xMind/xmind/Native/CMakeLists.txt
  Generating Code...
  process_configuration_contract.cpp
D:\a\xMind\xMind\xmind\Native\tests\process_executor_contract.cpp(77,103): error C7692: 'bool nlohmann::json_abi_v3_12_0::basic_json<std::map,std::vector,std::string,bool,int64_t,uint64_t,double,std::allocator,nlohmann::json_abi_v3_12_0::adl_serializer,std::vector<uint8_t,std::allocator<uint8_t>>,void>::operator ==(const nlohmann::json_abi_v3_12_0::basic_json<std::map,std::vector,std::string,bool,int64_t,uint64_t,double,std::allocator,nlohmann::json_abi_v3_12_0::adl_serializer,std::vector<uint8_t,std::allocator<uint8_t>>,void> &) noexcept const': rewritten candidate function was excluded from overload resolution because a corresponding operator!= declared in the same scope [D:\a\xMind\xMind\xmind\build\native\agentflow_process_executor_contract.vcxproj]
      C:\Program Files\Microsoft Visual Studio\18\Enterprise\VC\Tools\MSVC\14.51.36231\include\utility(1036,39):
      could be 'bool std::operator ==(std::monostate,std::monostate) noexcept' [found using argument-dependent lookup]
          D:\a\xMind\xMind\xmind\Native\tests\process_executor_contract.cpp(77,103):
          'bool std::operator ==(std::monostate,std::monostate) noexcept': cannot convert argument 1 from '_Ty1' to 'std::monostate'
          with
          [
              _Ty1=std::string
          ]
              D:\a\xMind\xMind\xmind\Native\tests\process_executor_contract.cpp(77,103):
              No user-defined-conversion operator available that can perform this conversion, or the operator cannot be called
      C:\Program Files\Microsoft Visual Studio\18\Enterprise\VC\Tools\MSVC\14.51.36231\include\thread(267,36):
      or       'bool std::operator ==(std::thread::id,std::thread::id) noexcept' [found using argument-dependent lookup]
          D:\a\xMind\xMind\xmind\Native\tests\process_executor_contract.cpp(77,103):
          'bool std::operator ==(std::thread::id,std::thread::id) noexcept': cannot convert argument 1 from '_Ty1' to 'std::thread::id'
          with
          [
              _Ty1=std::string
          ]
              D:\a\xMind\xMind\xmind\Native\tests\process_executor_contract.cpp(77,103):
              No user-defined-conversion operator available that can perform this conversion, or the operator cannot be called
      D:\a\xMind\xMind\xmind\Native\third_party\nlohmann\json.hpp(23724,10):
      or 'bool nlohmann::json_abi_v3_12_0::basic_json<std::map,std::vector,std::string,bool,int64_t,uint64_t,double,std::allocator,nlohmann::json_abi_v3_12_0::adl_serializer,std::vector<uint8_t,std::allocator<uint8_t>>,void>::operator ==(const nlohmann::json_abi_v3_12_0::basic_json<std::map,std::vector,std::string,bool,int64_t,uint64_t,double,std::allocator,nlohmann::json_abi_v3_12_0::adl_serializer,std::vector<uint8_t,std::allocator<uint8_t>>,void> &) noexcept const' [synthesized expression 'y == x']
          D:\a\xMind\xMind\xmind\Native\tests\process_executor_contract.cpp(77,103):
          'bool nlohmann::json_abi_v3_12_0::basic_json<std::map,std::vector,std::string,bool,int64_t,uint64_t,double,std::allocator,nlohmann::json_abi_v3_12_0::adl_serializer,std::vector<uint8_t,std::allocator<uint8_t>>,void>::operator ==(const nlohmann::json_abi_v3_12_0::basic_json<std::map,std::vector,std::string,bool,int64_t,uint64_t,double,std::allocator,nlohmann::json_abi_v3_12_0::adl_serializer,std::vector<uint8_t,std::allocator<uint8_t>>,void> &) noexcept const': rewritten candidate function was excluded from overload resolution because a corresponding operator!= declared in the same scope
      C:\Program Files\Microsoft Visual Studio\18\Enterprise\VC\Tools\MSVC\14.51.36231\include\utility(1036,39):
      or 'bool std::operator ==(std::monostate,std::monostate) noexcept' [synthesized expression 'y == x']
          D:\a\xMind\xMind\xmind\Native\tests\process_executor_contract.cpp(77,103):
          'bool std::operator ==(std::monostate,std::monostate) noexcept': cannot convert argument 1 from 'const nlohmann::json_abi_v3_12_0::basic_json<std::map,std::vector,std::string,bool,int64_t,uint64_t,double,std::allocator,nlohmann::json_abi_v3_12_0::adl_serializer,std::vector<uint8_t,std::allocator<uint8_t>>,void>' to 'std::monostate'
              D:\a\xMind\xMind\xmind\Native\tests\process_executor_contract.cpp(77,143):
              No user-defined-conversion operator available that can perform this conversion, or the operator cannot be called
      C:\Program Files\Microsoft Visual Studio\18\Enterprise\VC\Tools\MSVC\14.51.36231\include\thread(267,36):
      or 'bool std::operator ==(std::thread::id,std::thread::id) noexcept' [synthesized expression 'y == x']
          D:\a\xMind\xMind\xmind\Native\tests\process_executor_contract.cpp(77,103):
          'bool std::operator ==(std::thread::id,std::thread::id) noexcept': cannot convert argument 1 from 'const nlohmann::json_abi_v3_12_0::basic_json<std::map,std::vector,std::string,bool,int64_t,uint64_t,double,std::allocator,nlohmann::json_abi_v3_12_0::adl_serializer,std::vector<uint8_t,std::allocator<uint8_t>>,void>' to 'std::thread::id'
              D:\a\xMind\xMind\xmind\Native\tests\process_executor_contract.cpp(77,143):
              No user-defined-conversion operator available that can perform this conversion, or the operator cannot be called
      D:\a\xMind\xMind\xmind\Native\third_party\nlohmann\json.hpp(23741,10):
      or 'bool nlohmann::json_abi_v3_12_0::basic_json<std::map,std::vector,std::string,bool,int64_t,uint64_t,double,std::allocator,nlohmann::json_abi_v3_12_0::adl_serializer,std::vector<uint8_t,std::allocator<uint8_t>>,void>::operator ==(ScalarType) noexcept const' [synthesized expression 'y == x']
          D:\a\xMind\xMind\xmind\Native\tests\process_executor_contract.cpp(77,103):
          the associated constraints are not satisfied
              D:\a\xMind\xMind\xmind\Native\third_party\nlohmann\json.hpp(23740,14):
              the constraint was not satisfied
      C:\Program Files\Microsoft Visual Studio\18\Enterprise\VC\Tools\MSVC\14.51.36231\include\utility(560,27):
      or       'bool std::operator ==(const std::pair<_Ty1,_Ty2> &,const std::pair<_Uty1,_Uty2> &)'
          D:\a\xMind\xMind\xmind\Native\tests\process_executor_contract.cpp(77,103):
          'bool std::operator ==(const std::pair<_Ty1,_Ty2> &,const std::pair<_Uty1,_Uty2> &)': could not deduce template argument for 'const std::pair<_Ty1,_Ty2> &' from '_Ty1'
          with
          [
              _Ty1=std::string
          ]
      C:\Program Files\Microsoft Visual Studio\18\Enterprise\VC\Tools\MSVC\14.51.36231\include\xutility(2095,30):
      or       'bool std::operator ==(const std::reverse_iterator<_BidIt> &,const std::reverse_iterator<_BidIt2> &) noexcept(<expr>)'
          D:\a\xMind\xMind\xmind\Native\tests\process_executor_contract.cpp(77,103):
          'bool std::operator ==(const std::reverse_iterator<_BidIt> &,const std::reverse_iterator<_BidIt2> &) noexcept(<expr>)': could not deduce template argument for 'const std::reverse_iterator<_BidIt> &' from '_Ty1'
          with
          [
              _Ty1=std::string
          ]
      C:\Program Files\Microsoft Visual Studio\18\Enterprise\VC\Tools\MSVC\14.51.36231\include\xutility(4641,30):
      or       'bool std::operator ==(const std::move_iterator<_Iter> &,const std::move_iterator<_Iter2> &) noexcept(<expr>)'
          D:\a\xMind\xMind\xmind\Native\tests\process_executor_contract.cpp(77,103):
          'bool std::operator ==(const std::move_iterator<_Iter> &,const std::move_iterator<_Iter2> &) noexcept(<expr>)': could not deduce template argument for 'const std::move_iterator<_Iter> &' from '_Ty1'
          with
          [
              _Ty1=std::string
          ]
      C:\Program Files\Microsoft Visual Studio\18\Enterprise\VC\Tools\MSVC\14.51.36231\include\__msvc_string_view.hpp(1966,27):
      or       'bool std::operator ==(const std::basic_string_view<_Elem,_Traits>,const type_identity<std::basic_string_view<_Elem,_Traits>>::type) noexcept'
          D:\a\xMind\xMind\xmind\Native\tests\process_executor_contract.cpp(77,103):
          'bool std::operator ==(const std::basic_string_view<_Elem,_Traits>,const type_identity<std::basic_string_view<_Elem,_Traits>>::type) noexcept': could not deduce template argument for 'const std::basic_string_view<_Elem,_Traits>' from '_Ty1'
          with
          [
              _Ty1=std::string
          ]
      C:\Program Files\Microsoft Visual Studio\18\Enterprise\VC\Tools\MSVC\14.51.36231\include\tuple(1026,27):
      or       'bool std::operator ==(const std::tuple<_Types...> &,const std::tuple<_Types...> &)'
          D:\a\xMind\xMind\xmind\Native\tests\process_executor_contract.cpp(77,103):
          'bool std::operator ==(const std::tuple<_Types...> &,const std::tuple<_Types...> &)': could not deduce template argument for 'const std::tuple<_Types...> &' from '_Ty1'
          with
          [
              _Ty1=std::string
          ]
      C:\Program Files\Microsoft Visual Studio\18\Enterprise\VC\Tools\MSVC\14.51.36231\include\xmemory(1054,30):
      or       'bool std::operator ==(const std::allocator<_Ty> &,const std::allocator<_Other> &) noexcept'
          D:\a\xMind\xMind\xmind\Native\tests\process_executor_contract.cpp(77,103):
          'bool std::operator ==(const std::allocator<_Ty> &,const std::allocator<_Other> &) noexcept': could not deduce template argument for 'const std::allocator<_Ty> &' from '_Ty1'
          with
          [
              _Ty1=std::string
          ]
      C:\Program Files\Microsoft Visual Studio\18\Enterprise\VC\Tools\MSVC\14.51.36231\include\xstring(3390,30):
      or       'bool std::operator ==(const std::basic_string<_Elem,_Traits,_Alloc> &,const std::basic_string<_Elem,_Traits,_Alloc> &) noexcept'
          D:\a\xMind\xMind\xmind\Native\tests\process_executor_contract.cpp(77,103):
          'bool std::operator ==(const std::basic_string<_Elem,_Traits,_Alloc> &,const std::basic_string<_Elem,_Traits,_Alloc> &) noexcept': could not deduce template argument for 'const std::basic_string<_Elem,_Traits,_Alloc> &' from 'const nlohmann::json_abi_v3_12_0::basic_json<std::map,std::vector,std::string,bool,int64_t,uint64_t,double,std::allocator,nlohmann::json_abi_v3_12_0::adl_serializer,std::vector<uint8_t,std::allocator<uint8_t>>,void>'
      C:\Program Files\Microsoft Visual Studio\18\Enterprise\VC\Tools\MSVC\14.51.36231\include\xstring(3396,30):
      or       'bool std::operator ==(const std::basic_string<_Elem,_Traits,_Alloc> &,const _Elem *const ) noexcept'
          D:\a\xMind\xMind\xmind\Native\tests\process_executor_contract.cpp(77,103):
          'bool std::operator ==(const std::basic_string<_Elem,_Traits,_Alloc> &,const _Elem *const ) noexcept': could not deduce template argument for 'const _Elem *const ' from 'const nlohmann::json_abi_v3_12_0::basic_json<std::map,std::vector,std::string,bool,int64_t,uint64_t,double,std::allocator,nlohmann::json_abi_v3_12_0::adl_serializer,std::vector<uint8_t,std::allocator<uint8_t>>,void>'
      C:\Program Files\Microsoft Visual Studio\18\Enterprise\VC\Tools\MSVC\14.51.36231\include\iterator(304,17):
      or       'bool std::operator ==(const std::istream_iterator<_Ty,_Elem,_Traits,_Diff> &,const std::istream_iterator<_Ty,_Elem,_Traits,_Diff> &) noexcept'
          D:\a\xMind\xMind\xmind\Native\tests\process_executor_contract.cpp(77,103):
          'bool std::operator ==(const std::istream_iterator<_Ty,_Elem,_Traits,_Diff> &,const std::istream_iterator<_Ty,_Elem,_Traits,_Diff> &) noexcept': could not deduce template argument for 'const std::istream_iterator<_Ty,_Elem,_Traits,_Diff> &' from '_Ty1'
          with
          [
              _Ty1=std::string
          ]
      C:\Program Files\Microsoft Visual Studio\18\Enterprise\VC\Tools\MSVC\14.51.36231\include\iterator(486,17):
      or       'bool std::operator ==(const std::istreambuf_iterator<_Elem,_Traits> &,const std::istreambuf_iterator<_Elem,_Traits> &)'
          D:\a\xMind\xMind\xmind\Native\tests\process_executor_contract.cpp(77,103):
          'bool std::operator ==(const std::istreambuf_iterator<_Elem,_Traits> &,const std::istreambuf_iterator<_Elem,_Traits> &)': could not deduce template argument for 'const std::istreambuf_iterator<_Elem,_Traits> &' from '_Ty1'
          with
          [
              _Ty1=std::string
          ]
      C:\Program Files\Microsoft Visual Studio\18\Enterprise\VC\Tools\MSVC\14.51.36231\include\memory(1911,17):
      or       'bool std::operator ==(const std::shared_ptr<_Ty> &,const std::shared_ptr<_Ty0> &) noexcept'
          D:\a\xMind\xMind\xmind\Native\tests\process_executor_contract.cpp(77,103):
          'bool std::operator ==(const std::shared_ptr<_Ty> &,const std::shared_ptr<_Ty0> &) noexcept': could not deduce template argument for 'const std::shared_ptr<_Ty> &' from '_Ty1'
          with
          [
              _Ty1=std::string
          ]
      C:\Program Files\Microsoft Visual Studio\18\Enterprise\VC\Tools\MSVC\14.51.36231\include\memory(1948,17):
      or       'bool std::operator ==(const std::shared_ptr<_Ty> &,std::nullptr_t) noexcept'
          D:\a\xMind\xMind\xmind\Native\tests\process_executor_contract.cpp(77,103):
          'bool std::operator ==(const std::shared_ptr<_Ty> &,std::nullptr_t) noexcept': could not deduce template argument for 'const std::shared_ptr<_Ty> &' from '_Ty1'
          with
          [
              _Ty1=std::string
          ]
      C:\Program Files\Microsoft Visual Studio\18\Enterprise\VC\Tools\MSVC\14.51.36231\include\memory(3702,30):
      or       'bool std::operator ==(const std::unique_ptr<_Ty,_Dx> &,const std::unique_ptr<_Ty2,_Dx2> &)'
          D:\a\xMind\xMind\xmind\Native\tests\process_executor_contract.cpp(77,103):
          'bool std::operator ==(const std::unique_ptr<_Ty,_Dx> &,const std::unique_ptr<_Ty2,_Dx2> &)': could not deduce template argument for 'const std::unique_ptr<_Ty,_Dx> &' from '_Ty1'
          with
          [
              _Ty1=std::string
          ]
      C:\Program Files\Microsoft Visual Studio\18\Enterprise\VC\Tools\MSVC\14.51.36231\include\memory(3748,30):
      or       'bool std::operator ==(const std::unique_ptr<_Ty,_Dx> &,std::nullptr_t) noexcept'
          D:\a\xMind\xMind\xmind\Native\tests\process_executor_contract.cpp(77,103):
          'bool std::operator ==(const std::unique_ptr<_Ty,_Dx> &,std::nullptr_t) noexcept': could not deduce template argument for 'const std::unique_ptr<_Ty,_Dx> &' from '_Ty1'
          with
          [
              _Ty1=std::string
          ]
      C:\Program Files\Microsoft Visual Studio\18\Enterprise\VC\Tools\MSVC\14.51.36231\include\forward_list(1588,17):
      or       'bool std::operator ==(const std::forward_list<_Ty,_Alloc> &,const std::forward_list<_Ty,_Alloc> &)'
          D:\a\xMind\xMind\xmind\Native\tests\process_executor_contract.cpp(77,103):
          'bool std::operator ==(const std::forward_list<_Ty,_Alloc> &,const std::forward_list<_Ty,_Alloc> &)': could not deduce template argument for 'const std::forward_list<_Ty,_Alloc> &' from '_Ty1'
          with
          [
              _Ty1=std::string
          ]
      C:\Program Files\Microsoft Visual Studio\18\Enterprise\VC\Tools\MSVC\14.51.36231\include\optional(682,27):
      or       'bool std::operator ==(const std::optional<_Ty> &,const std::optional<_Ty2> &) noexcept(<expr>)'
          D:\a\xMind\xMind\xmind\Native\tests\process_executor_contract.cpp(77,103):
          'bool std::operator ==(const std::optional<_Ty> &,const std::optional<_Ty2> &) noexcept(<expr>)': could not deduce template argument for 'const std::optional<_Ty> &' from '_Ty1'
          with
          [
              _Ty1=std::string
          ]
      C:\Program Files\Microsoft Visual Studio\18\Enterprise\VC\Tools\MSVC\14.51.36231\include\optional(798,27):
      or       'bool std::operator ==(const std::optional<_Ty> &,std::nullopt_t) noexcept'
          D:\a\xMind\xMind\xmind\Native\tests\process_executor_contract.cpp(77,103):
          'bool std::operator ==(const std::optional<_Ty> &,std::nullopt_t) noexcept': could not deduce template argument for 'const std::optional<_Ty> &' from '_Ty1'
          with
          [
              _Ty1=std::string
          ]
      C:\Program Files\Microsoft Visual Studio\18\Enterprise\VC\Tools\MSVC\14.51.36231\include\optional(887,27):
      or       'bool std::operator ==(const std::optional<_Ty> &,const _Ty2 &) noexcept(<expr>)'
          D:\a\xMind\xMind\xmind\Native\tests\process_executor_contract.cpp(77,103):
          'bool std::operator ==(const std::optional<_Ty> &,const _Ty2 &) noexcept(<expr>)': could not deduce template argument for 'const std::optional<_Ty> &' from '_Ty1'
          with
          [
              _Ty1=std::string
          ]
      C:\Program Files\Microsoft Visual Studio\18\Enterprise\VC\Tools\MSVC\14.51.36231\include\optional(896,27):
      or       'bool std::operator ==(const _Ty1 &,const std::optional<_Ty2> &) noexcept(<expr>)'
          D:\a\xMind\xMind\xmind\Native\tests\process_executor_contract.cpp(77,103):
          'bool std::operator ==(const _Ty1 &,const std::optional<_Ty2> &) noexcept(<expr>)': could not deduce template argument for 'const std::optional<_Ty2> &' from 'const nlohmann::json_abi_v3_12_0::basic_json<std::map,std::vector,std::string,bool,int64_t,uint64_t,double,std::allocator,nlohmann::json_abi_v3_12_0::adl_serializer,std::vector<uint8_t,std::allocator<uint8_t>>,void>'
      C:\Program Files\Microsoft Visual Studio\18\Enterprise\VC\Tools\MSVC\14.51.36231\include\vector(2274,30):
      or       'bool std::operator ==(const std::vector<_Ty,_Alloc> &,const std::vector<_Ty,_Alloc> &)'
          D:\a\xMind\xMind\xmind\Native\tests\process_executor_contract.cpp(77,103):
          'bool std::operator ==(const std::vector<_Ty,_Alloc> &,const std::vector<_Ty,_Alloc> &)': could not deduce template argument for 'const std::vector<_Ty,_Alloc> &' from '_Ty1'
          with
          [
              _Ty1=std::string
          ]
      C:\Program Files\Microsoft Visual Studio\18\Enterprise\VC\Tools\MSVC\14.51.36231\include\list(1890,17):
      or       'bool std::operator ==(const std::list<_Ty,_Alloc> &,const std::list<_Ty,_Alloc> &)'
          D:\a\xMind\xMind\xmind\Native\tests\process_executor_contract.cpp(77,103):
          'bool std::operator ==(const std::list<_Ty,_Alloc> &,const std::list<_Ty,_Alloc> &)': could not deduce template argument for 'const std::list<_Ty,_Alloc> &' from '_Ty1'
          with
          [
              _Ty1=std::string
          ]
      C:\Program Files\Microsoft Visual Studio\18\Enterprise\VC\Tools\MSVC\14.51.36231\include\unordered_map(532,17):
      or       'bool std::operator ==(const std::unordered_map<_Kty,_Ty,_Hasher,_Keyeq,_Alloc> &,const std::unordered_map<_Kty,_Ty,_Hasher,_Keyeq,_Alloc> &)'
          D:\a\xMind\xMind\xmind\Native\tests\process_executor_contract.cpp(77,103):
          'bool std::operator ==(const std::unordered_map<_Kty,_Ty,_Hasher,_Keyeq,_Alloc> &,const std::unordered_map<_Kty,_Ty,_Hasher,_Keyeq,_Alloc> &)': could not deduce template argument for 'const std::unordered_map<_Kty,_Ty,_Hasher,_Keyeq,_Alloc> &' from '_Ty1'
          with
          [
              _Ty1=std::string
          ]
      C:\Program Files\Microsoft Visual Studio\18\Enterprise\VC\Tools\MSVC\14.51.36231\include\unordered_map(903,17):
      or       'bool std::operator ==(const std::unordered_multimap<_Kty,_Ty,_Hasher,_Keyeq,_Alloc> &,const std::unordered_multimap<_Kty,_Ty,_Hasher,_Keyeq,_Alloc> &)'
          D:\a\xMind\xMind\xmind\Native\tests\process_executor_contract.cpp(77,103):
          'bool std::operator ==(const std::unordered_multimap<_Kty,_Ty,_Hasher,_Keyeq,_Alloc> &,const std::unordered_multimap<_Kty,_Ty,_Hasher,_Keyeq,_Alloc> &)': could not deduce template argument for 'const std::unordered_multimap<_Kty,_Ty,_Hasher,_Keyeq,_Alloc> &' from '_Ty1'
          with
          [
              _Ty1=std::string
          ]
      C:\Program Files\Microsoft Visual Studio\18\Enterprise\VC\Tools\MSVC\14.51.36231\include\functional(1421,17):
      or       'bool std::operator ==(const std::function<_Fty> &,std::nullptr_t) noexcept'
          D:\a\xMind\xMind\xmind\Native\tests\process_executor_contract.cpp(77,103):
          'bool std::operator ==(const std::function<_Fty> &,std::nullptr_t) noexcept': could not deduce template argument for 'const std::function<_Fty> &' from '_Ty1'
          with
          [
              _Ty1=std::string
          ]
      C:\Program Files\Microsoft Visual Studio\18\Enterprise\VC\Tools\MSVC\14.51.36231\include\variant(1307,27):
      or       'bool std::operator ==(const std::variant<_Types...> &,const std::variant<_Types...> &) noexcept(<expr>)'
          D:\a\xMind\xMind\xmind\Native\tests\process_executor_contract.cpp(77,103):
          'bool std::operator ==(const std::variant<_Types...> &,const std::variant<_Types...> &) noexcept(<expr>)': could not deduce template argument for 'const std::variant<_Types...> &' from '_Ty1'
          with
          [
              _Ty1=std::string
          ]
      C:\Program Files\Microsoft Visual Studio\18\Enterprise\VC\Tools\MSVC\14.51.36231\include\array(767,30):
      or       'bool std::operator ==(const std::array<_Ty,_Size> &,const std::array<_Ty,_Size> &)'
          D:\a\xMind\xMind\xmind\Native\tests\process_executor_contract.cpp(77,103):
          'bool std::operator ==(const std::array<_Ty,_Size> &,const std::array<_Ty,_Size> &)': could not deduce template argument for 'const std::array<_Ty,_Size> &' from '_Ty1'
          with
          [
              _Ty1=std::string
          ]
      C:\Program Files\Microsoft Visual Studio\18\Enterprise\VC\Tools\MSVC\14.51.36231\include\map(399,17):
      or       'bool std::operator ==(const std::map<_Kty,_Ty,_Pr,_Alloc> &,const std::map<_Kty,_Ty,_Pr,_Alloc> &)'
          D:\a\xMind\xMind\xmind\Native\tests\process_executor_contract.cpp(77,103):
          'bool std::operator ==(const std::map<_Kty,_Ty,_Pr,_Alloc> &,const std::map<_Kty,_Ty,_Pr,_Alloc> &)': could not deduce template argument for 'const std::map<_Kty,_Ty,_Pr,_Alloc> &' from '_Ty1'
          with
          [
              _Ty1=std::string
          ]
      C:\Program Files\Microsoft Visual Studio\18\Enterprise\VC\Tools\MSVC\14.51.36231\include\map(629,17):
      or       'bool std::operator ==(const std::multimap<_Kty,_Ty,_Pr,_Alloc> &,const std::multimap<_Kty,_Ty,_Pr,_Alloc> &)'
          D:\a\xMind\xMind\xmind\Native\tests\process_executor_contract.cpp(77,103):
          'bool std::operator ==(const std::multimap<_Kty,_Ty,_Pr,_Alloc> &,const std::multimap<_Kty,_Ty,_Pr,_Alloc> &)': could not deduce template argument for 'const std::multimap<_Kty,_Ty,_Pr,_Alloc> &' from '_Ty1'
          with
          [
              _Ty1=std::string
          ]
      C:\Program Files\Microsoft Visual Studio\18\Enterprise\VC\Tools\MSVC\14.51.36231\include\valarray(1018,23):
      or       'std::_Boolarray std::operator ==(const std::valarray<_Ty> &,const valarray<_Ty>::value_type &)'
          D:\a\xMind\xMind\xmind\Native\tests\process_executor_contract.cpp(77,103):
          'std::_Boolarray std::operator ==(const std::valarray<_Ty> &,const valarray<_Ty>::value_type &)': could not deduce template argument for 'const std::valarray<_Ty> &' from '_Ty1'
          with
          [
              _Ty1=std::string
          ]
      C:\Program Files\Microsoft Visual Studio\18\Enterprise\VC\Tools\MSVC\14.51.36231\include\valarray(1028,23):
      or       'std::_Boolarray std::operator ==(const valarray<_Ty>::value_type &,const std::valarray<_Ty> &)'
          D:\a\xMind\xMind\xmind\Native\tests\process_executor_contract.cpp(77,103):
          'std::_Boolarray std::operator ==(const valarray<_Ty>::value_type &,const std::valarray<_Ty> &)': could not deduce template argument for 'const std::valarray<_Ty> &' from 'const nlohmann::json_abi_v3_12_0::basic_json<std::map,std::vector,std::string,bool,int64_t,uint64_t,double,std::allocator,nlohmann::json_abi_v3_12_0::adl_serializer,std::vector<uint8_t,std::allocator<uint8_t>>,void>'
      C:\Program Files\Microsoft Visual Studio\18\Enterprise\VC\Tools\MSVC\14.51.36231\include\valarray(1038,23):
      or       'std::_Boolarray std::operator ==(const std::valarray<_Ty> &,const std::valarray<_Ty> &)'
          D:\a\xMind\xMind\xmind\Native\tests\process_executor_contract.cpp(77,103):
          'std::_Boolarray std::operator ==(const std::valarray<_Ty> &,const std::valarray<_Ty> &)': could not deduce template argument for 'const std::valarray<_Ty> &' from '_Ty1'
          with
          [
              _Ty1=std::string
          ]
      C:\Program Files\Microsoft Visual Studio\18\Enterprise\VC\Tools\MSVC\14.51.36231\include\utility(560,27):
      or 'bool std::operator ==(const std::pair<_Ty1,_Ty2> &,const std::pair<_Uty1,_Uty2> &)' [synthesized expression 'y == x']
          D:\a\xMind\xMind\xmind\Native\tests\process_executor_contract.cpp(77,103):
          'bool std::operator ==(const std::pair<_Ty1,_Ty2> &,const std::pair<_Uty1,_Uty2> &)': could not deduce template argument for 'const std::pair<_Ty1,_Ty2> &' from 'const nlohmann::json_abi_v3_12_0::basic_json<std::map,std::vector,std::string,bool,int64_t,uint64_t,double,std::allocator,nlohmann::json_abi_v3_12_0::adl_serializer,std::vector<uint8_t,std::allocator<uint8_t>>,void>'
      C:\Program Files\Microsoft Visual Studio\18\Enterprise\VC\Tools\MSVC\14.51.36231\include\xutility(2095,30):
      or 'bool std::operator ==(const std::reverse_iterator<_BidIt> &,const std::reverse_iterator<_BidIt2> &) noexcept(<expr>)' [synthesized expression 'y == x']
          D:\a\xMind\xMind\xmind\Native\tests\process_executor_contract.cpp(77,103):
          'bool std::operator ==(const std::reverse_iterator<_BidIt> &,const std::reverse_iterator<_BidIt2> &) noexcept(<expr>)': could not deduce template argument for 'const std::reverse_iterator<_BidIt> &' from 'const nlohmann::json_abi_v3_12_0::basic_json<std::map,std::vector,std::string,bool,int64_t,uint64_t,double,std::allocator,nlohmann::json_abi_v3_12_0::adl_serializer,std::vector<uint8_t,std::allocator<uint8_t>>,void>'
      C:\Program Files\Microsoft Visual Studio\18\Enterprise\VC\Tools\MSVC\14.51.36231\include\xutility(4641,30):
      or 'bool std::operator ==(const std::move_iterator<_Iter> &,const std::move_iterator<_Iter2> &) noexcept(<expr>)' [synthesized expression 'y == x']
          D:\a\xMind\xMind\xmind\Native\tests\process_executor_contract.cpp(77,103):
          'bool std::operator ==(const std::move_iterator<_Iter> &,const std::move_iterator<_Iter2> &) noexcept(<expr>)': could not deduce template argument for 'const std::move_iterator<_Iter> &' from 'const nlohmann::json_abi_v3_12_0::basic_json<std::map,std::vector,std::string,bool,int64_t,uint64_t,double,std::allocator,nlohmann::json_abi_v3_12_0::adl_serializer,std::vector<uint8_t,std::allocator<uint8_t>>,void>'
      C:\Program Files\Microsoft Visual Studio\18\Enterprise\VC\Tools\MSVC\14.51.36231\include\__msvc_string_view.hpp(1966,27):
      or 'bool std::operator ==(const std::basic_string_view<_Elem,_Traits>,const type_identity<std::basic_string_view<_Elem,_Traits>>::type) noexcept' [synthesized expression 'y == x']
          D:\a\xMind\xMind\xmind\Native\tests\process_executor_contract.cpp(77,103):
          'bool std::operator ==(const std::basic_string_view<_Elem,_Traits>,const type_identity<std::basic_string_view<_Elem,_Traits>>::type) noexcept': could not deduce template argument for 'const std::basic_string_view<_Elem,_Traits>' from 'const nlohmann::json_abi_v3_12_0::basic_json<std::map,std::vector,std::string,bool,int64_t,uint64_t,double,std::allocator,nlohmann::json_abi_v3_12_0::adl_serializer,std::vector<uint8_t,std::allocator<uint8_t>>,void>'
      C:\Program Files\Microsoft Visual Studio\18\Enterprise\VC\Tools\MSVC\14.51.36231\include\tuple(1026,27):
      or 'bool std::operator ==(const std::tuple<_Types...> &,const std::tuple<_Types...> &)' [synthesized expression 'y == x']
          D:\a\xMind\xMind\xmind\Native\tests\process_executor_contract.cpp(77,103):
          'bool std::operator ==(const std::tuple<_Types...> &,const std::tuple<_Types...> &)': could not deduce template argument for 'const std::tuple<_Types...> &' from 'const nlohmann::json_abi_v3_12_0::basic_json<std::map,std::vector,std::string,bool,int64_t,uint64_t,double,std::allocator,nlohmann::json_abi_v3_12_0::adl_serializer,std::vector<uint8_t,std::allocator<uint8_t>>,void>'
      C:\Program Files\Microsoft Visual Studio\18\Enterprise\VC\Tools\MSVC\14.51.36231\include\xmemory(1054,30):
      or 'bool std::operator ==(const std::allocator<_Ty> &,const std::allocator<_Other> &) noexcept' [synthesized expression 'y == x']
          D:\a\xMind\xMind\xmind\Native\tests\process_executor_contract.cpp(77,103):
          'bool std::operator ==(const std::allocator<_Ty> &,const std::allocator<_Other> &) noexcept': could not deduce template argument for 'const std::allocator<_Ty> &' from 'const nlohmann::json_abi_v3_12_0::basic_json<std::map,std::vector,std::string,bool,int64_t,uint64_t,double,std::allocator,nlohmann::json_abi_v3_12_0::adl_serializer,std::vector<uint8_t,std::allocator<uint8_t>>,void>'
      C:\Program Files\Microsoft Visual Studio\18\Enterprise\VC\Tools\MSVC\14.51.36231\include\xstring(3390,30):
      or 'bool std::operator ==(const std::basic_string<_Elem,_Traits,_Alloc> &,const std::basic_string<_Elem,_Traits,_Alloc> &) noexcept' [synthesized expression 'y == x']
          D:\a\xMind\xMind\xmind\Native\tests\process_executor_contract.cpp(77,103):
          'bool std::operator ==(const std::basic_string<_Elem,_Traits,_Alloc> &,const std::basic_string<_Elem,_Traits,_Alloc> &) noexcept': could not deduce template argument for 'const std::basic_string<_Elem,_Traits,_Alloc> &' from 'const nlohmann::json_abi_v3_12_0::basic_json<std::map,std::vector,std::string,bool,int64_t,uint64_t,double,std::allocator,nlohmann::json_abi_v3_12_0::adl_serializer,std::vector<uint8_t,std::allocator<uint8_t>>,void>'
      C:\Program Files\Microsoft Visual Studio\18\Enterprise\VC\Tools\MSVC\14.51.36231\include\xstring(3396,30):
      or 'bool std::operator ==(const std::basic_string<_Elem,_Traits,_Alloc> &,const _Elem *const ) noexcept' [synthesized expression 'y == x']
          D:\a\xMind\xMind\xmind\Native\tests\process_executor_contract.cpp(77,103):
          'bool std::operator ==(const std::basic_string<_Elem,_Traits,_Alloc> &,const _Elem *const ) noexcept': could not deduce template argument for 'const std::basic_string<_Elem,_Traits,_Alloc> &' from 'const nlohmann::json_abi_v3_12_0::basic_json<std::map,std::vector,std::string,bool,int64_t,uint64_t,double,std::allocator,nlohmann::json_abi_v3_12_0::adl_serializer,std::vector<uint8_t,std::allocator<uint8_t>>,void>'
      C:\Program Files\Microsoft Visual Studio\18\Enterprise\VC\Tools\MSVC\14.51.36231\include\iterator(304,17):
      or 'bool std::operator ==(const std::istream_iterator<_Ty,_Elem,_Traits,_Diff> &,const std::istream_iterator<_Ty,_Elem,_Traits,_Diff> &) noexcept' [synthesized expression 'y == x']
          D:\a\xMind\xMind\xmind\Native\tests\process_executor_contract.cpp(77,103):
          'bool std::operator ==(const std::istream_iterator<_Ty,_Elem,_Traits,_Diff> &,const std::istream_iterator<_Ty,_Elem,_Traits,_Diff> &) noexcept': could not deduce template argument for 'const std::istream_iterator<_Ty,_Elem,_Traits,_Diff> &' from 'const nlohmann::json_abi_v3_12_0::basic_json<std::map,std::vector,std::string,bool,int64_t,uint64_t,double,std::allocator,nlohmann::json_abi_v3_12_0::adl_serializer,std::vector<uint8_t,std::allocator<uint8_t>>,void>'
      C:\Program Files\Microsoft Visual Studio\18\Enterprise\VC\Tools\MSVC\14.51.36231\include\iterator(486,17):
      or 'bool std::operator ==(const std::istreambuf_iterator<_Elem,_Traits> &,const std::istreambuf_iterator<_Elem,_Traits> &)' [synthesized expression 'y == x']
          D:\a\xMind\xMind\xmind\Native\tests\process_executor_contract.cpp(77,103):
          'bool std::operator ==(const std::istreambuf_iterator<_Elem,_Traits> &,const std::istreambuf_iterator<_Elem,_Traits> &)': could not deduce template argument for 'const std::istreambuf_iterator<_Elem,_Traits> &' from 'const nlohmann::json_abi_v3_12_0::basic_json<std::map,std::vector,std::string,bool,int64_t,uint64_t,double,std::allocator,nlohmann::json_abi_v3_12_0::adl_serializer,std::vector<uint8_t,std::allocator<uint8_t>>,void>'
      C:\Program Files\Microsoft Visual Studio\18\Enterprise\VC\Tools\MSVC\14.51.36231\include\memory(1911,17):
      or 'bool std::operator ==(const std::shared_ptr<_Ty> &,const std::shared_ptr<_Ty0> &) noexcept' [synthesized expression 'y == x']
          D:\a\xMind\xMind\xmind\Native\tests\process_executor_contract.cpp(77,103):
          'bool std::operator ==(const std::shared_ptr<_Ty> &,const std::shared_ptr<_Ty0> &) noexcept': could not deduce template argument for 'const std::shared_ptr<_Ty> &' from 'const nlohmann::json_abi_v3_12_0::basic_json<std::map,std::vector,std::string,bool,int64_t,uint64_t,double,std::allocator,nlohmann::json_abi_v3_12_0::adl_serializer,std::vector<uint8_t,std::allocator<uint8_t>>,void>'
      C:\Program Files\Microsoft Visual Studio\18\Enterprise\VC\Tools\MSVC\14.51.36231\include\memory(1948,17):
      or 'bool std::operator ==(const std::shared_ptr<_Ty> &,std::nullptr_t) noexcept' [synthesized expression 'y == x']
          D:\a\xMind\xMind\xmind\Native\tests\process_executor_contract.cpp(77,103):
          'bool std::operator ==(const std::shared_ptr<_Ty> &,std::nullptr_t) noexcept': could not deduce template argument for 'const std::shared_ptr<_Ty> &' from 'const nlohmann::json_abi_v3_12_0::basic_json<std::map,std::vector,std::string,bool,int64_t,uint64_t,double,std::allocator,nlohmann::json_abi_v3_12_0::adl_serializer,std::vector<uint8_t,std::allocator<uint8_t>>,void>'
      C:\Program Files\Microsoft Visual Studio\18\Enterprise\VC\Tools\MSVC\14.51.36231\include\memory(3702,30):
      or 'bool std::operator ==(const std::unique_ptr<_Ty,_Dx> &,const std::unique_ptr<_Ty2,_Dx2> &)' [synthesized expression 'y == x']
          D:\a\xMind\xMind\xmind\Native\tests\process_executor_contract.cpp(77,103):
          'bool std::operator ==(const std::unique_ptr<_Ty,_Dx> &,const std::unique_ptr<_Ty2,_Dx2> &)': could not deduce template argument for 'const std::unique_ptr<_Ty,_Dx> &' from 'const nlohmann::json_abi_v3_12_0::basic_json<std::map,std::vector,std::string,bool,int64_t,uint64_t,double,std::allocator,nlohmann::json_abi_v3_12_0::adl_serializer,std::vector<uint8_t,std::allocator<uint8_t>>,void>'
      C:\Program Files\Microsoft Visual Studio\18\Enterprise\VC\Tools\MSVC\14.51.36231\include\memory(3748,30):
      or 'bool std::operator ==(const std::unique_ptr<_Ty,_Dx> &,std::nullptr_t) noexcept' [synthesized expression 'y == x']
          D:\a\xMind\xMind\xmind\Native\tests\process_executor_contract.cpp(77,103):
          'bool std::operator ==(const std::unique_ptr<_Ty,_Dx> &,std::nullptr_t) noexcept': could not deduce template argument for 'const std::unique_ptr<_Ty,_Dx> &' from 'const nlohmann::json_abi_v3_12_0::basic_json<std::map,std::vector,std::string,bool,int64_t,uint64_t,double,std::allocator,nlohmann::json_abi_v3_12_0::adl_serializer,std::vector<uint8_t,std::allocator<uint8_t>>,void>'
      C:\Program Files\Microsoft Visual Studio\18\Enterprise\VC\Tools\MSVC\14.51.36231\include\forward_list(1588,17):
      or 'bool std::operator ==(const std::forward_list<_Ty,_Alloc> &,const std::forward_list<_Ty,_Alloc> &)' [synthesized expression 'y == x']
          D:\a\xMind\xMind\xmind\Native\tests\process_executor_contract.cpp(77,103):
          'bool std::operator ==(const std::forward_list<_Ty,_Alloc> &,const std::forward_list<_Ty,_Alloc> &)': could not deduce template argument for 'const std::forward_list<_Ty,_Alloc> &' from 'const nlohmann::json_abi_v3_12_0::basic_json<std::map,std::vector,std::string,bool,int64_t,uint64_t,double,std::allocator,nlohmann::json_abi_v3_12_0::adl_serializer,std::vector<uint8_t,std::allocator<uint8_t>>,void>'
      C:\Program Files\Microsoft Visual Studio\18\Enterprise\VC\Tools\MSVC\14.51.36231\include\optional(682,27):
      or 'bool std::operator ==(const std::optional<_Ty> &,const std::optional<_Ty2> &) noexcept(<expr>)' [synthesized expression 'y == x']
          D:\a\xMind\xMind\xmind\Native\tests\process_executor_contract.cpp(77,103):
          'bool std::operator ==(const std::optional<_Ty> &,const std::optional<_Ty2> &) noexcept(<expr>)': could not deduce template argument for 'const std::optional<_Ty> &' from 'const nlohmann::json_abi_v3_12_0::basic_json<std::map,std::vector,std::string,bool,int64_t,uint64_t,double,std::allocator,nlohmann::json_abi_v3_12_0::adl_serializer,std::vector<uint8_t,std::allocator<uint8_t>>,void>'
      C:\Program Files\Microsoft Visual Studio\18\Enterprise\VC\Tools\MSVC\14.51.36231\include\optional(798,27):
      or 'bool std::operator ==(const std::optional<_Ty> &,std::nullopt_t) noexcept' [synthesized expression 'y == x']
          D:\a\xMind\xMind\xmind\Native\tests\process_executor_contract.cpp(77,103):
          'bool std::operator ==(const std::optional<_Ty> &,std::nullopt_t) noexcept': could not deduce template argument for 'const std::optional<_Ty> &' from 'const nlohmann::json_abi_v3_12_0::basic_json<std::map,std::vector,std::string,bool,int64_t,uint64_t,double,std::allocator,nlohmann::json_abi_v3_12_0::adl_serializer,std::vector<uint8_t,std::allocator<uint8_t>>,void>'
      C:\Program Files\Microsoft Visual Studio\18\Enterprise\VC\Tools\MSVC\14.51.36231\include\optional(887,27):
      or 'bool std::operator ==(const std::optional<_Ty> &,const _Ty2 &) noexcept(<expr>)' [synthesized expression 'y == x']
          D:\a\xMind\xMind\xmind\Native\tests\process_executor_contract.cpp(77,103):
          'bool std::operator ==(const std::optional<_Ty> &,const _Ty2 &) noexcept(<expr>)': could not deduce template argument for 'const std::optional<_Ty> &' from 'const nlohmann::json_abi_v3_12_0::basic_json<std::map,std::vector,std::string,bool,int64_t,uint64_t,double,std::allocator,nlohmann::json_abi_v3_12_0::adl_serializer,std::vector<uint8_t,std::allocator<uint8_t>>,void>'
      C:\Program Files\Microsoft Visual Studio\18\Enterprise\VC\Tools\MSVC\14.51.36231\include\optional(896,27):
      or 'bool std::operator ==(const _Ty1 &,const std::optional<_Ty2> &) noexcept(<expr>)' [synthesized expression 'y == x']
          D:\a\xMind\xMind\xmind\Native\tests\process_executor_contract.cpp(77,103):
          'bool std::operator ==(const _Ty1 &,const std::optional<_Ty2> &) noexcept(<expr>)': could not deduce template argument for 'const std::optional<_Ty2> &' from '_Ty1'
          with
          [
              _Ty1=std::string
          ]
      C:\Program Files\Microsoft Visual Studio\18\Enterprise\VC\Tools\MSVC\14.51.36231\include\vector(2274,30):
      or 'bool std::operator ==(const std::vector<_Ty,_Alloc> &,const std::vector<_Ty,_Alloc> &)' [synthesized expression 'y == x']
          D:\a\xMind\xMind\xmind\Native\tests\process_executor_contract.cpp(77,103):
          'bool std::operator ==(const std::vector<_Ty,_Alloc> &,const std::vector<_Ty,_Alloc> &)': could not deduce template argument for 'const std::vector<_Ty,_Alloc> &' from 'const nlohmann::json_abi_v3_12_0::basic_json<std::map,std::vector,std::string,bool,int64_t,uint64_t,double,std::allocator,nlohmann::json_abi_v3_12_0::adl_serializer,std::vector<uint8_t,std::allocator<uint8_t>>,void>'
      C:\Program Files\Microsoft Visual Studio\18\Enterprise\VC\Tools\MSVC\14.51.36231\include\list(1890,17):
      or 'bool std::operator ==(const std::list<_Ty,_Alloc> &,const std::list<_Ty,_Alloc> &)' [synthesized expression 'y == x']
          D:\a\xMind\xMind\xmind\Native\tests\process_executor_contract.cpp(77,103):
          'bool std::operator ==(const std::list<_Ty,_Alloc> &,const std::list<_Ty,_Alloc> &)': could not deduce template argument for 'const std::list<_Ty,_Alloc> &' from 'const nlohmann::json_abi_v3_12_0::basic_json<std::map,std::vector,std::string,bool,int64_t,uint64_t,double,std::allocator,nlohmann::json_abi_v3_12_0::adl_serializer,std::vector<uint8_t,std::allocator<uint8_t>>,void>'
      C:\Program Files\Microsoft Visual Studio\18\Enterprise\VC\Tools\MSVC\14.51.36231\include\unordered_map(532,17):
      or 'bool std::operator ==(const std::unordered_map<_Kty,_Ty,_Hasher,_Keyeq,_Alloc> &,const std::unordered_map<_Kty,_Ty,_Hasher,_Keyeq,_Alloc> &)' [synthesized expression 'y == x']
          D:\a\xMind\xMind\xmind\Native\tests\process_executor_contract.cpp(77,103):
          'bool std::operator ==(const std::unordered_map<_Kty,_Ty,_Hasher,_Keyeq,_Alloc> &,const std::unordered_map<_Kty,_Ty,_Hasher,_Keyeq,_Alloc> &)': could not deduce template argument for 'const std::unordered_map<_Kty,_Ty,_Hasher,_Keyeq,_Alloc> &' from 'const nlohmann::json_abi_v3_12_0::basic_json<std::map,std::vector,std::string,bool,int64_t,uint64_t,double,std::allocator,nlohmann::json_abi_v3_12_0::adl_serializer,std::vector<uint8_t,std::allocator<uint8_t>>,void>'
      C:\Program Files\Microsoft Visual Studio\18\Enterprise\VC\Tools\MSVC\14.51.36231\include\unordered_map(903,17):
      or 'bool std::operator ==(const std::unordered_multimap<_Kty,_Ty,_Hasher,_Keyeq,_Alloc> &,const std::unordered_multimap<_Kty,_Ty,_Hasher,_Keyeq,_Alloc> &)' [synthesized expression 'y == x']
          D:\a\xMind\xMind\xmind\Native\tests\process_executor_contract.cpp(77,103):
          'bool std::operator ==(const std::unordered_multimap<_Kty,_Ty,_Hasher,_Keyeq,_Alloc> &,const std::unordered_multimap<_Kty,_Ty,_Hasher,_Keyeq,_Alloc> &)': could not deduce template argument for 'const std::unordered_multimap<_Kty,_Ty,_Hasher,_Keyeq,_Alloc> &' from 'const nlohmann::json_abi_v3_12_0::basic_json<std::map,std::vector,std::string,bool,int64_t,uint64_t,double,std::allocator,nlohmann::json_abi_v3_12_0::adl_serializer,std::vector<uint8_t,std::allocator<uint8_t>>,void>'
      C:\Program Files\Microsoft Visual Studio\18\Enterprise\VC\Tools\MSVC\14.51.36231\include\functional(1421,17):
      or 'bool std::operator ==(const std::function<_Fty> &,std::nullptr_t) noexcept' [synthesized expression 'y == x']
          D:\a\xMind\xMind\xmind\Native\tests\process_executor_contract.cpp(77,103):
          'bool std::operator ==(const std::function<_Fty> &,std::nullptr_t) noexcept': could not deduce template argument for 'const std::function<_Fty> &' from 'const nlohmann::json_abi_v3_12_0::basic_json<std::map,std::vector,std::string,bool,int64_t,uint64_t,double,std::allocator,nlohmann::json_abi_v3_12_0::adl_serializer,std::vector<uint8_t,std::allocator<uint8_t>>,void>'
      C:\Program Files\Microsoft Visual Studio\18\Enterprise\VC\Tools\MSVC\14.51.36231\include\variant(1307,27):
      or 'bool std::operator ==(const std::variant<_Types...> &,const std::variant<_Types...> &) noexcept(<expr>)' [synthesized expression 'y == x']
          D:\a\xMind\xMind\xmind\Native\tests\process_executor_contract.cpp(77,103):
          'bool std::operator ==(const std::variant<_Types...> &,const std::variant<_Types...> &) noexcept(<expr>)': could not deduce template argument for 'const std::variant<_Types...> &' from 'const nlohmann::json_abi_v3_12_0::basic_json<std::map,std::vector,std::string,bool,int64_t,uint64_t,double,std::allocator,nlohmann::json_abi_v3_12_0::adl_serializer,std::vector<uint8_t,std::allocator<uint8_t>>,void>'
      C:\Program Files\Microsoft Visual Studio\18\Enterprise\VC\Tools\MSVC\14.51.36231\include\array(767,30):
      or 'bool std::operator ==(const std::array<_Ty,_Size> &,const std::array<_Ty,_Size> &)' [synthesized expression 'y == x']
          D:\a\xMind\xMind\xmind\Native\tests\process_executor_contract.cpp(77,103):
          'bool std::operator ==(const std::array<_Ty,_Size> &,const std::array<_Ty,_Size> &)': could not deduce template argument for 'const std::array<_Ty,_Size> &' from 'const nlohmann::json_abi_v3_12_0::basic_json<std::map,std::vector,std::string,bool,int64_t,uint64_t,double,std::allocator,nlohmann::json_abi_v3_12_0::adl_serializer,std::vector<uint8_t,std::allocator<uint8_t>>,void>'
      C:\Program Files\Microsoft Visual Studio\18\Enterprise\VC\Tools\MSVC\14.51.36231\include\map(399,17):
      or 'bool std::operator ==(const std::map<_Kty,_Ty,_Pr,_Alloc> &,const std::map<_Kty,_Ty,_Pr,_Alloc> &)' [synthesized expression 'y == x']
          D:\a\xMind\xMind\xmind\Native\tests\process_executor_contract.cpp(77,103):
          'bool std::operator ==(const std::map<_Kty,_Ty,_Pr,_Alloc> &,const std::map<_Kty,_Ty,_Pr,_Alloc> &)': could not deduce template argument for 'const std::map<_Kty,_Ty,_Pr,_Alloc> &' from 'const nlohmann::json_abi_v3_12_0::basic_json<std::map,std::vector,std::string,bool,int64_t,uint64_t,double,std::allocator,nlohmann::json_abi_v3_12_0::adl_serializer,std::vector<uint8_t,std::allocator<uint8_t>>,void>'
      C:\Program Files\Microsoft Visual Studio\18\Enterprise\VC\Tools\MSVC\14.51.36231\include\map(629,17):
      or 'bool std::operator ==(const std::multimap<_Kty,_Ty,_Pr,_Alloc> &,const std::multimap<_Kty,_Ty,_Pr,_Alloc> &)' [synthesized expression 'y == x']
          D:\a\xMind\xMind\xmind\Native\tests\process_executor_contract.cpp(77,103):
          'bool std::operator ==(const std::multimap<_Kty,_Ty,_Pr,_Alloc> &,const std::multimap<_Kty,_Ty,_Pr,_Alloc> &)': could not deduce template argument for 'const std::multimap<_Kty,_Ty,_Pr,_Alloc> &' from 'const nlohmann::json_abi_v3_12_0::basic_json<std::map,std::vector,std::string,bool,int64_t,uint64_t,double,std::allocator,nlohmann::json_abi_v3_12_0::adl_serializer,std::vector<uint8_t,std::allocator<uint8_t>>,void>'
      C:\Program Files\Microsoft Visual Studio\18\Enterprise\VC\Tools\MSVC\14.51.36231\include\valarray(1018,23):
      or 'std::_Boolarray std::operator ==(const std::valarray<_Ty> &,const valarray<_Ty>::value_type &)' [synthesized expression 'y == x']
          D:\a\xMind\xMind\xmind\Native\tests\process_executor_contract.cpp(77,103):
          'std::_Boolarray std::operator ==(const std::valarray<_Ty> &,const valarray<_Ty>::value_type &)': could not deduce template argument for 'const std::valarray<_Ty> &' from 'const nlohmann::json_abi_v3_12_0::basic_json<std::map,std::vector,std::string,bool,int64_t,uint64_t,double,std::allocator,nlohmann::json_abi_v3_12_0::adl_serializer,std::vector<uint8_t,std::allocator<uint8_t>>,void>'
      C:\Program Files\Microsoft Visual Studio\18\Enterprise\VC\Tools\MSVC\14.51.36231\include\valarray(1028,23):
      or 'std::_Boolarray std::operator ==(const valarray<_Ty>::value_type &,const std::valarray<_Ty> &)' [synthesized expression 'y == x']
          D:\a\xMind\xMind\xmind\Native\tests\process_executor_contract.cpp(77,103):
          'std::_Boolarray std::operator ==(const valarray<_Ty>::value_type &,const std::valarray<_Ty> &)': could not deduce template argument for 'const std::valarray<_Ty> &' from '_Ty1'
          with
          [
              _Ty1=std::string
          ]
      C:\Program Files\Microsoft Visual Studio\18\Enterprise\VC\Tools\MSVC\14.51.36231\include\valarray(1038,23):
      or 'std::_Boolarray std::operator ==(const std::valarray<_Ty> &,const std::valarray<_Ty> &)' [synthesized expression 'y == x']
          D:\a\xMind\xMind\xmind\Native\tests\process_executor_contract.cpp(77,103):
          'std::_Boolarray std::operator ==(const std::valarray<_Ty> &,const std::valarray<_Ty> &)': could not deduce template argument for 'const std::valarray<_Ty> &' from 'const nlohmann::json_abi_v3_12_0::basic_json<std::map,std::vector,std::string,bool,int64_t,uint64_t,double,std::allocator,nlohmann::json_abi_v3_12_0::adl_serializer,std::vector<uint8_t,std::allocator<uint8_t>>,void>'
      D:\a\xMind\xMind\xmind\Native\tests\process_executor_contract.cpp(77,103):
      while trying to match the argument list '(_Ty1, const nlohmann::json_abi_v3_12_0::basic_json<std::map,std::vector,std::string,bool,int64_t,uint64_t,double,std::allocator,nlohmann::json_abi_v3_12_0::adl_serializer,std::vector<uint8_t,std::allocator<uint8_t>>,void>)'
          with
          [
              _Ty1=std::string
          ]
  
  Building Custom Rule D:/a/xMind/xMind/xmind/Native/CMakeLists.txt
  repository_contract.cpp
  agentflow_repository_contract.vcxproj -> D:\a\xMind\xMind\xmind\build\native\Release\agentflow_repository_contract.exe
  Building Custom Rule D:/a/xMind/xMind/xmind/Native/CMakeLists.txt
  schema_budget_fixture.cpp
  agentflow_process_configuration_contract.vcxproj -> D:\a\xMind\xMind\xmind\build\native\Release\agentflow_process_configuration_contract.exe
  Building Custom Rule D:/a/xMind/xMind/xmind/Native/CMakeLists.txt
  schema_worker_contract.cpp
  agentflow_schema_worker_contract.vcxproj -> D:\a\xMind\xMind\xmind\build\native\Release\agentflow_schema_worker_contract.exe
  Building Custom Rule D:/a/xMind/xMind/xmind/Native/CMakeLists.txt
  Building Custom Rule D:/a/xMind/xMind/xmind/Native/CMakeLists.txt
  workspace_tools_contract.cpp
  secret_protection_contract.cpp
  agentflow_schema_budget_fixture.vcxproj -> D:\a\xMind\xMind\xmind\build\native\Release\agentflow_schema_budget_fixture.exe
  agentflow_secret_contract.vcxproj -> D:\a\xMind\xMind\xmind\build\native\Release\agentflow_secret_contract.exe
  Building Custom Rule D:/a/xMind/xMind/xmind/Native/CMakeLists.txt
  xlang_sqlite_contract.cpp
  agentflow_xlang_sqlite_contract.vcxproj -> D:\a\xMind\xMind\xmind\build\native\Release\agentflow_xlang_sqlite_contract.exe
  Building Custom Rule D:/a/xMind/xMind/xmind/Native/CMakeLists.txt
  admin_main.cpp
  agentflow_workspace_tools_contract.vcxproj -> D:\a\xMind\xMind\xmind\build\native\Release\agentflow_workspace_tools_contract.exe
  Building Custom Rule D:/a/xMind/xMind/xmind/Native/CMakeLists.txt
  cli_main.cpp
  xmind_admin.vcxproj -> D:\a\xMind\xMind\xmind\build\native\Release\xmind_admin.exe
  Building Custom Rule D:/a/xMind/xMind/xmind/Native/CMakeLists.txt
  persistence_demo.cpp
  xmind_persistence_demo.vcxproj -> D:\a\xMind\xMind\xmind\build\native\Release\xmind_persistence_demo.exe
  xmind_cli.vcxproj -> D:\a\xMind\xMind\xmind\build\native\Release\xmind_cli.exe
  agentflow_agent.vcxproj -> D:\a\xMind\xMind\xmind\build\native\Release\agentflow_agent.lib
  Building Custom Rule D:/a/xMind/xMind/xmind/Native/CMakeLists.txt
  Building Custom Rule D:/a/xMind/xMind/xmind/Native/CMakeLists.txt
  Building Custom Rule D:/a/xMind/xMind/xmind/Native/CMakeLists.txt
  server_main.cpp
  agent_service_contract.cpp
  agent_runner_contract.cpp
  agentflow_agent_service_contract.vcxproj -> D:\a\xMind\xMind\xmind\build\native\Release\agentflow_agent_service_contract.exe
  xmind_server.vcxproj -> D:\a\xMind\xMind\xmind\build\native\Release\xmind_server.exe
  agentflow_agent_runner_contract.vcxproj -> D:\a\xMind\xMind\xmind\build\native\Release\agentflow_agent_runner_contract.exe
