2026-10-07T23:31:04.0243935Z 10/52 Test #10: native_a2a_v1_http_contract .................   Passed    1.19 sec
2026-10-07T23:31:05.5893564Z 11/52 Test #11: native_responses_agent_http_contract ........   Passed    1.56 sec
2026-10-07T23:31:09.3472083Z 12/52 Test #12: native_graph_service_http_contract ..........   Passed    3.76 sec
2026-10-07T23:31:09.8443241Z 13/52 Test #13: native_provider_cli_contract ................   Passed    0.50 sec
2026-10-07T23:31:10.7302617Z 14/52 Test #14: native_provider_setup_contract ..............   Passed    0.89 sec
2026-10-07T23:31:15.9545392Z 15/52 Test #15: native_graph_runner_contract ................   Passed    5.22 sec
2026-10-07T23:31:16.8466117Z 16/52 Test #16: native_graph_checkpoint_contract ............   Passed    0.89 sec
2026-10-07T23:31:17.8291635Z 17/52 Test #17: native_graph_children_contract ..............   Passed    0.98 sec
2026-10-07T23:31:18.4184306Z 18/52 Test #18: native_graph_contract .......................   Passed    0.59 sec
2026-10-07T23:31:18.9594101Z 19/52 Test #19: native_instruction_configuration_contract ...   Passed    0.54 sec
2026-10-07T23:31:19.1331709Z 20/52 Test #20: native_process_configuration_contract .......   Passed    0.17 sec
2026-10-07T23:31:31.0502280Z 21/52 Test #21: native_process_executor_contract ............   Passed   11.92 sec
2026-10-07T23:31:34.5089117Z 22/52 Test #22: native_agent_process_http_contract ..........   Passed    3.46 sec
2026-10-07T23:31:39.1345577Z 23/52 Test #23: native_process_adapter_contract .............   Passed    4.62 sec
2026-10-07T23:31:42.0078337Z 24/52 Test #24: native_mcp_configuration_contract ...........   Passed    2.87 sec
2026-10-07T23:31:44.3957237Z 25/52 Test #25: native_schema_worker_contract ...............   Passed    2.39 sec
2026-10-07T23:31:47.4576629Z 26/52 Test #26: native_mcp_stdio_contract ...................   Passed    3.06 sec
2026-10-07T23:31:48.2522031Z 27/52 Test #27: native_mcp_handshake_contract ...............   Passed    0.79 sec
2026-10-07T23:31:49.2492043Z 28/52 Test #28: native_mcp_client_contract ..................   Passed    1.00 sec
2026-10-07T23:31:57.2359647Z 29/52 Test #29: native_mcp_effect_contract ..................   Passed    7.99 sec
2026-10-07T23:31:57.7426683Z 30/52 Test #30: native_agent_service_contract ...............   Passed    0.51 sec
2026-10-07T23:31:59.2771735Z 31/52 Test #31: native_agent_runner_contract ................   Passed    1.53 sec
2026-10-07T23:32:00.7654455Z 32/52 Test #32: native_create_executor_contract .............   Passed    1.49 sec
2026-10-07T23:32:01.7639392Z 33/52 Test #33: native_edit_executor_contract ...............   Passed    1.00 sec
2026-10-07T23:32:03.2533523Z 34/52 Test #34: native_approved_edit_http_contract ..........   Passed    1.49 sec
2026-10-07T23:32:04.4238548Z 35/52 Test #35: native_workspace_tools_contract .............   Passed    1.17 sec
2026-10-07T23:32:04.8693693Z 36/52 Test #36: native_repository_instructions_contract .....   Passed    0.44 sec
2026-10-07T23:32:05.0077597Z 37/52 Test #37: native_chat_provider_contract ...............   Passed    0.14 sec
2026-10-07T23:32:10.2886123Z 38/52 Test #38: native_http_stream_transport_contract .......   Passed    5.28 sec
2026-10-07T23:32:15.2716440Z 39/52 Test #39: native_agent_http_contract ..................   Passed    4.98 sec
2026-10-07T23:32:23.2808258Z 40/52 Test #40: native_agent_edit_http_contract .............   Passed    8.01 sec
2026-10-07T23:32:30.7314868Z 41/52 Test #41: native_agent_mcp_http_contract ..............   Passed    7.45 sec
2026-10-07T23:32:35.0337551Z 42/52 Test #42: native_mcp_sdk_modern_contract ..............   Passed    4.30 sec
2026-10-07T23:32:40.0400599Z 43/52 Test #43: native_mcp_sdk_legacy_contract ..............   Passed    5.01 sec
2026-10-07T23:32:42.4310557Z 44/52 Test #44: native_http_cli_contract ....................   Passed    2.39 sec
2026-10-07T23:32:42.4806816Z 45/52 Test #45: embedded_xlang_sqlite_contract ..............   Passed    0.05 sec
2026-10-07T23:32:43.1453168Z 46/52 Test #46: native_incoming_repository_contract .........   Passed    0.66 sec
2026-10-07T23:32:44.3495032Z 47/52 Test #47: native_task_list_repository_contract ........   Passed    1.20 sec
2026-10-07T23:32:46.2654070Z 48/52 Test #48: native_permission_waiter_contract ...........   Passed    1.91 sec
2026-10-07T23:32:50.6880655Z 49/52 Test #49: native_operation_repository_contract ........   Passed    4.42 sec
2026-10-07T23:32:51.3762174Z 50/52 Test #50: xlang_repository_contract ...................   Passed    0.69 sec
2026-10-07T23:32:54.7458463Z 51/52 Test #51: persistence_service_contract ................   Passed    3.37 sec
2026-10-07T23:32:56.0387835Z 52/52 Test #52: encrypted_credential_repository_contract ....   Passed    1.29 sec
2026-10-07T23:32:56.0397690Z 100% tests passed, 0 tests failed out of 52
2026-10-07T23:32:56.0399177Z Total Test time (real) = 119.12 sec
2026-10-07T23:33:08.0425191Z # tests 66
2026-10-07T23:33:08.0425625Z # pass 66
2026-10-07T23:33:08.0425813Z # fail 0
2026-10-07T23:33:08.0426251Z # skipped 0
