{"fixture":true,"command":"unknown-command","elapsed_ms":968,"code":1,"signal":null}
{"fixture":true,"command":"--graphs-config","elapsed_ms":57196,"code":0,"signal":null}
{"fixture":true,"command":"profile-info","elapsed_ms":644,"code":0,"signal":null}
{"fixture":true,"command":"profile-info","elapsed_ms":1279,"code":0,"signal":null}
{"fixture":true,"command":"profile-info","elapsed_ms":1901,"code":0,"signal":null}
{"fixture":true,"command":"profile-info","elapsed_ms":2567,"code":0,"signal":null}
{"fixture":true,"command":"sessions","elapsed_ms":625,"code":0,"signal":null}
{"fixture":true,"command":"create-session","elapsed_ms":650,"code":0,"signal":null}
{"fixture":true,"command":"graphs","elapsed_ms":645,"code":0,"signal":null}
{"fixture":true,"command":"graph-run","elapsed_ms":705,"code":0,"signal":null}
{"fixture":true,"command":"graph","elapsed_ms":625,"code":0,"signal":null}
{"fixture":true,"command":"sessions","elapsed_ms":608,"code":0,"signal":null}
{"fixture":true,"command":"history","elapsed_ms":625,"code":0,"signal":null}
{"fixture":true,"command":"console","elapsed_ms":678,"code":0,"signal":null}
{"fixture":true,"command":"profile-info","elapsed_ms":620,"code":0,"signal":null}
{"fixture":true,"command":"--read-only","elapsed_ms":33,"code":2,"signal":null}
{"fixture":true,"command":"profile-info","elapsed_ms":623,"code":0,"signal":null}
{"fixture":true,"command":"sessions","elapsed_ms":629,"code":0,"signal":null}
{"fixture":true,"command":"profile-info","elapsed_ms":43,"code":2,"signal":null}
{"fixture":true,"command":"profile-info","elapsed_ms":622,"code":0,"signal":null}
{"fixture":true,"command":"history","elapsed_ms":661,"code":0,"signal":null}
{"fixture":true,"command":"profile-info","elapsed_ms":1672,"code":0,"signal":null}
{"fixture":true,"command":"sessions","elapsed_ms":605,"code":0,"signal":null}
{"fixture":true,"command":"history","elapsed_ms":661,"code":0,"signal":null}
{"fixture":true,"command":"graph","elapsed_ms":653,"code":0,"signal":null}
{"fixture":true,"command":"profile-info","elapsed_ms":27,"code":2,"signal":null}
{"actualManagedNativeStartup":true,"authenticatedNativeOwnerVerified":true,"concurrentReattachmentSameOwner":true,"encryptedRendezvous":true,"consoleDetachKeepsOwner":true,"changedPolicyAndDamagedRecordRefused":true,"actualToolGraph":true,"sameSqliteProfileAfterObservedExit":true,"historyExactAfterRestart":true,"privateStorageExclusion":true,"providerRequests":0,"releasePackage":false,"installedIde":false}
