TAP version 13
# Subtest: session discovery, URL encoding, error handling and origin boundaries
ok 1 - session discovery, URL encoding, error handling and origin boundaries
  ---
  duration_ms: 55.7999
  type: 'test'
  ...
# Subtest: origin-scoped authentication and native request bodies
ok 2 - origin-scoped authentication and native request bodies
  ---
  duration_ms: 1.4038
  type: 'test'
  ...
# Subtest: native terminal state refreshes transcript and stops polling with durable operation inspection
ok 3 - native terminal state refreshes transcript and stops polling with durable operation inspection
  ---
  duration_ms: 9.7904
  type: 'test'
  ...
# Subtest: only a reviewed pending operation can be decided and payload stays backend-owned
ok 4 - only a reviewed pending operation can be decided and payload stays backend-owned
  ---
  duration_ms: 2.9758
  type: 'test'
  ...
# Subtest: closing the view during proposal revalidation cannot send an approval
ok 5 - closing the view during proposal revalidation cannot send an approval
  ---
  duration_ms: 2.0552
  type: 'test'
  ...
# Subtest: changed proposal bytes invalidate the displayed review
ok 6 - changed proposal bytes invalidate the displayed review
  ---
  duration_ms: 2.9433
  type: 'test'
  ...
# Subtest: session selection intent invalidates an in-flight approval before queued selection runs
ok 7 - session selection intent invalidates an in-flight approval before queued selection runs
  ---
  duration_ms: 2.4968
  type: 'test'
  ...
# Subtest: closing a panel during history loading cannot start a detached poller
ok 8 - closing a panel during history loading cannot start a detached poller
  ---
  duration_ms: 1.7058
  type: 'test'
  ...
1..8
# tests 8
# suites 0
# pass 8
# fail 0
# cancelled 0
# skipped 0
# todo 0
# duration_ms 163.7583
