
> agentflow@0.1.0 test
> node --test tests/*.test.js

TAP version 13
# Subtest: session discovery, URL encoding, error handling and origin boundaries
ok 1 - session discovery, URL encoding, error handling and origin boundaries
  ---
  duration_ms: 56.8879
  type: 'test'
  ...
# Subtest: origin-scoped authentication and native request bodies
ok 2 - origin-scoped authentication and native request bodies
  ---
  duration_ms: 1.9506
  type: 'test'
  ...
# Subtest: native terminal state refreshes transcript and stops polling with durable operation inspection
ok 3 - native terminal state refreshes transcript and stops polling with durable operation inspection
  ---
  duration_ms: 11.849
  type: 'test'
  ...
# Subtest: only a reviewed pending operation can be decided and payload stays backend-owned
ok 4 - only a reviewed pending operation can be decided and payload stays backend-owned
  ---
  duration_ms: 2.9182
  type: 'test'
  ...
# Subtest: closing the view during proposal revalidation cannot send an approval
ok 5 - closing the view during proposal revalidation cannot send an approval
  ---
  duration_ms: 2.2852
  type: 'test'
  ...
# Subtest: changed proposal bytes invalidate the displayed review
ok 6 - changed proposal bytes invalidate the displayed review
  ---
  duration_ms: 2.6233
  type: 'test'
  ...
# Subtest: session selection intent invalidates an in-flight approval before queued selection runs
ok 7 - session selection intent invalidates an in-flight approval before queued selection runs
  ---
  duration_ms: 1.8632
  type: 'test'
  ...
# Subtest: closing a panel during history loading cannot start a detached poller
ok 8 - closing a panel during history loading cannot start a detached poller
  ---
  duration_ms: 1.5879
  type: 'test'
  ...
# Subtest: older native servers without a catalogue keep default execution without invented model IDs
ok 9 - older native servers without a catalogue keep default execution without invented model IDs
  ---
  duration_ms: 1.8619
  type: 'test'
  ...
# Subtest: edit comparison opens exact revalidated backend snapshots without granting or writing
ok 10 - edit comparison opens exact revalidated backend snapshots without granting or writing
  ---
  duration_ms: 2.821
  type: 'test'
  ...
# Subtest: history renders Markdown/code, copies plain code and shows exact provider usage
ok 11 - history renders Markdown/code, copies plain code and shows exact provider usage
  ---
  duration_ms: 149.6106
  type: 'test'
  ...
# Subtest: unknown historical usage stays unavailable and malicious Markdown is sanitized
ok 12 - unknown historical usage stays unavailable and malicious Markdown is sanitized
  ---
  duration_ms: 32.094
  type: 'test'
  ...
# Subtest: live token badges use model usage events and reset when the persisted transcript arrives
ok 13 - live token badges use model usage events and reset when the persisted transcript arrives
  ---
  duration_ms: 19.3758
  type: 'test'
  ...
# Subtest: tool-turn checkpoint starts a new live response and history refresh preserves its received prefix
ok 14 - tool-turn checkpoint starts a new live response and history refresh preserves its received prefix
  ---
  duration_ms: 17.0162
  type: 'test'
  ...
# Subtest: bottom model selector exposes only backend-advertised IDs and sends the selected ID
ok 15 - bottom model selector exposes only backend-advertised IDs and sends the selected ID
  ---
  duration_ms: 15.6572
  type: 'test'
  ...
# Subtest: provider cache/reasoning counts and backend first-token time render without derived estimates
ok 16 - provider cache/reasoning counts and backend first-token time render without derived estimates
  ---
  duration_ms: 11.9521
  type: 'test'
  ...
# Subtest: pending file comparison sends only an operation ID and remains separate from approval
ok 17 - pending file comparison sends only an operation ID and remains separate from approval
  ---
  duration_ms: 12.4267
  type: 'test'
  ...
1..17
# tests 17
# suites 0
# pass 17
# fail 0
# cancelled 0
# skipped 0
# todo 0
# duration_ms 1018.2111
