TAP version 13
# Subtest: session discovery, URL encoding, error handling and origin boundaries
ok 1 - session discovery, URL encoding, error handling and origin boundaries
  ---
  duration_ms: 54.6093
  type: 'test'
  ...
# Subtest: origin-scoped authentication and native request bodies
ok 2 - origin-scoped authentication and native request bodies
  ---
  duration_ms: 1.4021
  type: 'test'
  ...
# Subtest: native terminal state refreshes transcript and stops polling with durable operation inspection
ok 3 - native terminal state refreshes transcript and stops polling with durable operation inspection
  ---
  duration_ms: 11.5155
  type: 'test'
  ...
# Subtest: only a reviewed pending operation can be decided and payload stays backend-owned
ok 4 - only a reviewed pending operation can be decided and payload stays backend-owned
  ---
  duration_ms: 3.0017
  type: 'test'
  ...
# Subtest: closing the view during proposal revalidation cannot send an approval
ok 5 - closing the view during proposal revalidation cannot send an approval
  ---
  duration_ms: 2.3143
  type: 'test'
  ...
# Subtest: changed proposal bytes invalidate the displayed review
ok 6 - changed proposal bytes invalidate the displayed review
  ---
  duration_ms: 2.452
  type: 'test'
  ...
# Subtest: session selection intent invalidates an in-flight approval before queued selection runs
ok 7 - session selection intent invalidates an in-flight approval before queued selection runs
  ---
  duration_ms: 1.7798
  type: 'test'
  ...
# Subtest: closing a panel during history loading cannot start a detached poller
ok 8 - closing a panel during history loading cannot start a detached poller
  ---
  duration_ms: 1.5099
  type: 'test'
  ...
# Subtest: older native servers without a catalogue keep default execution without invented model IDs
ok 9 - older native servers without a catalogue keep default execution without invented model IDs
  ---
  duration_ms: 1.8014
  type: 'test'
  ...
# Subtest: history renders Markdown/code, copies plain code and shows exact provider usage
ok 10 - history renders Markdown/code, copies plain code and shows exact provider usage
  ---
  duration_ms: 147.3804
  type: 'test'
  ...
# Subtest: unknown historical usage stays unavailable and malicious Markdown is sanitized
ok 11 - unknown historical usage stays unavailable and malicious Markdown is sanitized
  ---
  duration_ms: 30.7721
  type: 'test'
  ...
# Subtest: live token badges use model usage events and reset when the persisted transcript arrives
ok 12 - live token badges use model usage events and reset when the persisted transcript arrives
  ---
  duration_ms: 18.8392
  type: 'test'
  ...
# Subtest: tool-turn checkpoint starts a new live response and history refresh preserves its received prefix
ok 13 - tool-turn checkpoint starts a new live response and history refresh preserves its received prefix
  ---
  duration_ms: 16.6764
  type: 'test'
  ...
# Subtest: bottom model selector exposes only backend-advertised IDs and sends the selected ID
ok 14 - bottom model selector exposes only backend-advertised IDs and sends the selected ID
  ---
  duration_ms: 14.7693
  type: 'test'
  ...
# Subtest: provider cache/reasoning counts and backend first-token time render without derived estimates
ok 15 - provider cache/reasoning counts and backend first-token time render without derived estimates
  ---
  duration_ms: 12.0665
  type: 'test'
  ...
1..15
# tests 15
# suites 0
# pass 15
# fail 0
# cancelled 0
# skipped 0
# todo 0
# duration_ms 1013.4155
